run	qrels	measure	topic	score
reranked_top500_topicality0.1_correctness0.9.txt	graded.usefulness	ndcg	151	0.6085
reranked_top500_topicality0.1_correctness0.9.txt	graded.usefulness	ndcg	152	0.4352
reranked_top500_topicality0.1_correctness0.9.txt	graded.usefulness	ndcg	153	0.6164
reranked_top500_topicality0.1_correctness0.9.txt	graded.usefulness	ndcg	154	0.7182
reranked_top500_topicality0.1_correctness0.9.txt	graded.usefulness	ndcg	155	0.6937
reranked_top500_topicality0.1_correctness0.9.txt	graded.usefulness	ndcg	156	0.6533
reranked_top500_topicality0.1_correctness0.9.txt	graded.usefulness	ndcg	157	0.7072
reranked_top500_topicality0.1_correctness0.9.txt	graded.usefulness	ndcg	158	0.6617
reranked_top500_topicality0.1_correctness0.9.txt	graded.usefulness	ndcg	159	0.7154
reranked_top500_topicality0.1_correctness0.9.txt	graded.usefulness	ndcg	160	0.6108
reranked_top500_topicality0.1_correctness0.9.txt	graded.usefulness	ndcg	161	0.6012
reranked_top500_topicality0.1_correctness0.9.txt	graded.usefulness	ndcg	162	0.6938
reranked_top500_topicality0.1_correctness0.9.txt	graded.usefulness	ndcg	163	0.6599
reranked_top500_topicality0.1_correctness0.9.txt	graded.usefulness	ndcg	164	0.5934
reranked_top500_topicality0.1_correctness0.9.txt	graded.usefulness	ndcg	165	0.1101
reranked_top500_topicality0.1_correctness0.9.txt	graded.usefulness	ndcg	167	0.4553
reranked_top500_topicality0.1_correctness0.9.txt	graded.usefulness	ndcg	168	0.6752
reranked_top500_topicality0.1_correctness0.9.txt	graded.usefulness	ndcg	170	0.5735
reranked_top500_topicality0.1_correctness0.9.txt	graded.usefulness	ndcg	171	0.5486
reranked_top500_topicality0.1_correctness0.9.txt	graded.usefulness	ndcg	173	0.7571
reranked_top500_topicality0.1_correctness0.9.txt	graded.usefulness	ndcg	174	0.6055
reranked_top500_topicality0.1_correctness0.9.txt	graded.usefulness	ndcg	175	0.5995
reranked_top500_topicality0.1_correctness0.9.txt	graded.usefulness	ndcg	176	0.5708
reranked_top500_topicality0.1_correctness0.9.txt	graded.usefulness	ndcg	177	0.5008
reranked_top500_topicality0.1_correctness0.9.txt	graded.usefulness	ndcg	178	0.6800
reranked_top500_topicality0.1_correctness0.9.txt	graded.usefulness	ndcg	179	0.5549
reranked_top500_topicality0.1_correctness0.9.txt	graded.usefulness	ndcg	180	0.3930
reranked_top500_topicality0.1_correctness0.9.txt	graded.usefulness	ndcg	181	0.6691
reranked_top500_topicality0.1_correctness0.9.txt	graded.usefulness	ndcg	182	0.4023
reranked_top500_topicality0.1_correctness0.9.txt	graded.usefulness	ndcg	183	0.6948
reranked_top500_topicality0.1_correctness0.9.txt	graded.usefulness	ndcg	184	0.7513
reranked_top500_topicality0.1_correctness0.9.txt	graded.usefulness	ndcg	185	0.3988
reranked_top500_topicality0.1_correctness0.9.txt	graded.usefulness	ndcg	186	0.5780
reranked_top500_topicality0.1_correctness0.9.txt	graded.usefulness	ndcg	187	0.6013
reranked_top500_topicality0.1_correctness0.9.txt	graded.usefulness	ndcg	188	0.4951
reranked_top500_topicality0.1_correctness0.9.txt	graded.usefulness	ndcg	189	0.2681
reranked_top500_topicality0.1_correctness0.9.txt	graded.usefulness	ndcg	190	0.7909
reranked_top500_topicality0.1_correctness0.9.txt	graded.usefulness	ndcg	191	0.3593
reranked_top500_topicality0.1_correctness0.9.txt	graded.usefulness	ndcg	192	0.5379
reranked_top500_topicality0.1_correctness0.9.txt	graded.usefulness	ndcg	193	0.6533
reranked_top500_topicality0.1_correctness0.9.txt	graded.usefulness	ndcg	194	0.5791
reranked_top500_topicality0.1_correctness0.9.txt	graded.usefulness	ndcg	195	0.5787
reranked_top500_topicality0.1_correctness0.9.txt	graded.usefulness	ndcg	197	0.6145
reranked_top500_topicality0.1_correctness0.9.txt	graded.usefulness	ndcg	199	0.6798
reranked_top500_topicality0.1_correctness0.9.txt	graded.usefulness	ndcg	200	0.6136
reranked_top500_topicality0.1_correctness0.9.txt	graded.usefulness	ndcg	all	0.5835
reranked_top500_topicality0.1_correctness0.9.txt	binary.useful-correct	P_10	151	0.1000
reranked_top500_topicality0.1_correctness0.9.txt	binary.useful-correct	P_10	152	0.0000
reranked_top500_topicality0.1_correctness0.9.txt	binary.useful-correct	P_10	153	0.0000
reranked_top500_topicality0.1_correctness0.9.txt	binary.useful-correct	P_10	154	0.4000
reranked_top500_topicality0.1_correctness0.9.txt	binary.useful-correct	P_10	155	0.3000
reranked_top500_topicality0.1_correctness0.9.txt	binary.useful-correct	P_10	156	0.3000
reranked_top500_topicality0.1_correctness0.9.txt	binary.useful-correct	P_10	157	0.5000
reranked_top500_topicality0.1_correctness0.9.txt	binary.useful-correct	P_10	158	0.4000
reranked_top500_topicality0.1_correctness0.9.txt	binary.useful-correct	P_10	159	0.1000
reranked_top500_topicality0.1_correctness0.9.txt	binary.useful-correct	P_10	160	0.2000
reranked_top500_topicality0.1_correctness0.9.txt	binary.useful-correct	P_10	161	0.2000
reranked_top500_topicality0.1_correctness0.9.txt	binary.useful-correct	P_10	162	0.0000
reranked_top500_topicality0.1_correctness0.9.txt	binary.useful-correct	P_10	163	0.4000
reranked_top500_topicality0.1_correctness0.9.txt	binary.useful-correct	P_10	164	0.4000
reranked_top500_topicality0.1_correctness0.9.txt	binary.useful-correct	P_10	165	0.0000
reranked_top500_topicality0.1_correctness0.9.txt	binary.useful-correct	P_10	167	0.2000
reranked_top500_topicality0.1_correctness0.9.txt	binary.useful-correct	P_10	168	0.2000
reranked_top500_topicality0.1_correctness0.9.txt	binary.useful-correct	P_10	170	0.1000
reranked_top500_topicality0.1_correctness0.9.txt	binary.useful-correct	P_10	171	0.1000
reranked_top500_topicality0.1_correctness0.9.txt	binary.useful-correct	P_10	173	0.3000
reranked_top500_topicality0.1_correctness0.9.txt	binary.useful-correct	P_10	174	0.0000
reranked_top500_topicality0.1_correctness0.9.txt	binary.useful-correct	P_10	175	0.2000
reranked_top500_topicality0.1_correctness0.9.txt	binary.useful-correct	P_10	176	0.1000
reranked_top500_topicality0.1_correctness0.9.txt	binary.useful-correct	P_10	177	0.0000
reranked_top500_topicality0.1_correctness0.9.txt	binary.useful-correct	P_10	178	0.2000
reranked_top500_topicality0.1_correctness0.9.txt	binary.useful-correct	P_10	179	0.0000
reranked_top500_topicality0.1_correctness0.9.txt	binary.useful-correct	P_10	180	0.0000
reranked_top500_topicality0.1_correctness0.9.txt	binary.useful-correct	P_10	181	0.4000
reranked_top500_topicality0.1_correctness0.9.txt	binary.useful-correct	P_10	182	0.1000
reranked_top500_topicality0.1_correctness0.9.txt	binary.useful-correct	P_10	183	0.2000
reranked_top500_topicality0.1_correctness0.9.txt	binary.useful-correct	P_10	184	0.7000
reranked_top500_topicality0.1_correctness0.9.txt	binary.useful-correct	P_10	185	0.0000
reranked_top500_topicality0.1_correctness0.9.txt	binary.useful-correct	P_10	186	0.1000
reranked_top500_topicality0.1_correctness0.9.txt	binary.useful-correct	P_10	187	0.0000
reranked_top500_topicality0.1_correctness0.9.txt	binary.useful-correct	P_10	188	0.1000
reranked_top500_topicality0.1_correctness0.9.txt	binary.useful-correct	P_10	189	0.0000
reranked_top500_topicality0.1_correctness0.9.txt	binary.useful-correct	P_10	190	0.0000
reranked_top500_topicality0.1_correctness0.9.txt	binary.useful-correct	P_10	191	0.0000
reranked_top500_topicality0.1_correctness0.9.txt	binary.useful-correct	P_10	192	0.1000
reranked_top500_topicality0.1_correctness0.9.txt	binary.useful-correct	P_10	193	0.4000
reranked_top500_topicality0.1_correctness0.9.txt	binary.useful-correct	P_10	194	0.5000
reranked_top500_topicality0.1_correctness0.9.txt	binary.useful-correct	P_10	195	0.2000
reranked_top500_topicality0.1_correctness0.9.txt	binary.useful-correct	P_10	197	0.0000
reranked_top500_topicality0.1_correctness0.9.txt	binary.useful-correct	P_10	199	0.6000
reranked_top500_topicality0.1_correctness0.9.txt	binary.useful-correct	P_10	200	0.4000
reranked_top500_topicality0.1_correctness0.9.txt	binary.useful-correct	P_10	all	0.1889
reranked_top500_topicality0.1_correctness0.9.txt	binary.incorrect	P_10	151	0.2000
reranked_top500_topicality0.1_correctness0.9.txt	binary.incorrect	P_10	152	0.1000
reranked_top500_topicality0.1_correctness0.9.txt	binary.incorrect	P_10	153	0.0000
reranked_top500_topicality0.1_correctness0.9.txt	binary.incorrect	P_10	154	0.2000
reranked_top500_topicality0.1_correctness0.9.txt	binary.incorrect	P_10	155	0.4000
reranked_top500_topicality0.1_correctness0.9.txt	binary.incorrect	P_10	156	0.0000
reranked_top500_topicality0.1_correctness0.9.txt	binary.incorrect	P_10	157	0.0000
reranked_top500_topicality0.1_correctness0.9.txt	binary.incorrect	P_10	158	0.1000
reranked_top500_topicality0.1_correctness0.9.txt	binary.incorrect	P_10	159	0.2000
reranked_top500_topicality0.1_correctness0.9.txt	binary.incorrect	P_10	160	0.0000
reranked_top500_topicality0.1_correctness0.9.txt	binary.incorrect	P_10	161	0.2000
reranked_top500_topicality0.1_correctness0.9.txt	binary.incorrect	P_10	162	0.0000
reranked_top500_topicality0.1_correctness0.9.txt	binary.incorrect	P_10	163	0.2000
reranked_top500_topicality0.1_correctness0.9.txt	binary.incorrect	P_10	164	0.1000
reranked_top500_topicality0.1_correctness0.9.txt	binary.incorrect	P_10	167	0.0000
reranked_top500_topicality0.1_correctness0.9.txt	binary.incorrect	P_10	168	0.1000
reranked_top500_topicality0.1_correctness0.9.txt	binary.incorrect	P_10	170	0.3000
reranked_top500_topicality0.1_correctness0.9.txt	binary.incorrect	P_10	173	0.1000
reranked_top500_topicality0.1_correctness0.9.txt	binary.incorrect	P_10	175	0.1000
reranked_top500_topicality0.1_correctness0.9.txt	binary.incorrect	P_10	177	0.0000
reranked_top500_topicality0.1_correctness0.9.txt	binary.incorrect	P_10	178	0.1000
reranked_top500_topicality0.1_correctness0.9.txt	binary.incorrect	P_10	179	0.1000
reranked_top500_topicality0.1_correctness0.9.txt	binary.incorrect	P_10	181	0.0000
reranked_top500_topicality0.1_correctness0.9.txt	binary.incorrect	P_10	183	0.0000
reranked_top500_topicality0.1_correctness0.9.txt	binary.incorrect	P_10	184	0.2000
reranked_top500_topicality0.1_correctness0.9.txt	binary.incorrect	P_10	185	0.0000
reranked_top500_topicality0.1_correctness0.9.txt	binary.incorrect	P_10	186	0.0000
reranked_top500_topicality0.1_correctness0.9.txt	binary.incorrect	P_10	187	0.0000
reranked_top500_topicality0.1_correctness0.9.txt	binary.incorrect	P_10	188	0.0000
reranked_top500_topicality0.1_correctness0.9.txt	binary.incorrect	P_10	189	0.0000
reranked_top500_topicality0.1_correctness0.9.txt	binary.incorrect	P_10	190	0.7000
reranked_top500_topicality0.1_correctness0.9.txt	binary.incorrect	P_10	192	0.0000
reranked_top500_topicality0.1_correctness0.9.txt	binary.incorrect	P_10	193	0.0000
reranked_top500_topicality0.1_correctness0.9.txt	binary.incorrect	P_10	194	0.0000
reranked_top500_topicality0.1_correctness0.9.txt	binary.incorrect	P_10	195	0.1000
reranked_top500_topicality0.1_correctness0.9.txt	binary.incorrect	P_10	197	0.0000
reranked_top500_topicality0.1_correctness0.9.txt	binary.incorrect	P_10	199	0.1000
reranked_top500_topicality0.1_correctness0.9.txt	binary.incorrect	P_10	all	0.0973
reranked_top500_topicality0.1_correctness0.9.txt	binary.useful-correct	ndcg	151	0.5215
reranked_top500_topicality0.1_correctness0.9.txt	binary.useful-correct	ndcg	152	0.1353
reranked_top500_topicality0.1_correctness0.9.txt	binary.useful-correct	ndcg	153	0.1312
reranked_top500_topicality0.1_correctness0.9.txt	binary.useful-correct	ndcg	154	0.5249
reranked_top500_topicality0.1_correctness0.9.txt	binary.useful-correct	ndcg	155	0.5076
reranked_top500_topicality0.1_correctness0.9.txt	binary.useful-correct	ndcg	156	0.6571
reranked_top500_topicality0.1_correctness0.9.txt	binary.useful-correct	ndcg	157	0.6258
reranked_top500_topicality0.1_correctness0.9.txt	binary.useful-correct	ndcg	158	0.5144
reranked_top500_topicality0.1_correctness0.9.txt	binary.useful-correct	ndcg	159	0.5517
reranked_top500_topicality0.1_correctness0.9.txt	binary.useful-correct	ndcg	160	0.6142
reranked_top500_topicality0.1_correctness0.9.txt	binary.useful-correct	ndcg	161	0.5213
reranked_top500_topicality0.1_correctness0.9.txt	binary.useful-correct	ndcg	162	0.7211
reranked_top500_topicality0.1_correctness0.9.txt	binary.useful-correct	ndcg	163	0.7043
reranked_top500_topicality0.1_correctness0.9.txt	binary.useful-correct	ndcg	164	0.5902
reranked_top500_topicality0.1_correctness0.9.txt	binary.useful-correct	ndcg	165	0.0845
reranked_top500_topicality0.1_correctness0.9.txt	binary.useful-correct	ndcg	167	0.4045
reranked_top500_topicality0.1_correctness0.9.txt	binary.useful-correct	ndcg	168	0.5037
reranked_top500_topicality0.1_correctness0.9.txt	binary.useful-correct	ndcg	170	0.4047
reranked_top500_topicality0.1_correctness0.9.txt	binary.useful-correct	ndcg	171	0.5539
reranked_top500_topicality0.1_correctness0.9.txt	binary.useful-correct	ndcg	173	0.7616
reranked_top500_topicality0.1_correctness0.9.txt	binary.useful-correct	ndcg	174	0.6671
reranked_top500_topicality0.1_correctness0.9.txt	binary.useful-correct	ndcg	175	0.6219
reranked_top500_topicality0.1_correctness0.9.txt	binary.useful-correct	ndcg	176	0.6024
reranked_top500_topicality0.1_correctness0.9.txt	binary.useful-correct	ndcg	177	0.4645
reranked_top500_topicality0.1_correctness0.9.txt	binary.useful-correct	ndcg	178	0.6791
reranked_top500_topicality0.1_correctness0.9.txt	binary.useful-correct	ndcg	179	0.4090
reranked_top500_topicality0.1_correctness0.9.txt	binary.useful-correct	ndcg	180	0.4210
reranked_top500_topicality0.1_correctness0.9.txt	binary.useful-correct	ndcg	181	0.6612
reranked_top500_topicality0.1_correctness0.9.txt	binary.useful-correct	ndcg	182	0.3572
reranked_top500_topicality0.1_correctness0.9.txt	binary.useful-correct	ndcg	183	0.7071
reranked_top500_topicality0.1_correctness0.9.txt	binary.useful-correct	ndcg	184	0.6977
reranked_top500_topicality0.1_correctness0.9.txt	binary.useful-correct	ndcg	185	0.4524
reranked_top500_topicality0.1_correctness0.9.txt	binary.useful-correct	ndcg	186	0.4531
reranked_top500_topicality0.1_correctness0.9.txt	binary.useful-correct	ndcg	187	0.6283
reranked_top500_topicality0.1_correctness0.9.txt	binary.useful-correct	ndcg	188	0.5575
reranked_top500_topicality0.1_correctness0.9.txt	binary.useful-correct	ndcg	189	0.0562
reranked_top500_topicality0.1_correctness0.9.txt	binary.useful-correct	ndcg	190	0.5861
reranked_top500_topicality0.1_correctness0.9.txt	binary.useful-correct	ndcg	191	0.3765
reranked_top500_topicality0.1_correctness0.9.txt	binary.useful-correct	ndcg	192	0.4444
reranked_top500_topicality0.1_correctness0.9.txt	binary.useful-correct	ndcg	193	0.6886
reranked_top500_topicality0.1_correctness0.9.txt	binary.useful-correct	ndcg	194	0.6435
reranked_top500_topicality0.1_correctness0.9.txt	binary.useful-correct	ndcg	195	0.5617
reranked_top500_topicality0.1_correctness0.9.txt	binary.useful-correct	ndcg	197	0.3706
reranked_top500_topicality0.1_correctness0.9.txt	binary.useful-correct	ndcg	199	0.7322
reranked_top500_topicality0.1_correctness0.9.txt	binary.useful-correct	ndcg	200	0.6880
reranked_top500_topicality0.1_correctness0.9.txt	binary.useful-correct	ndcg	all	0.5236
reranked_top500_topicality0.1_correctness0.9.txt	graded.harmful-only	compatibility	151	0.1581
reranked_top500_topicality0.1_correctness0.9.txt	graded.harmful-only	compatibility	152	0.0748
reranked_top500_topicality0.1_correctness0.9.txt	graded.harmful-only	compatibility	153	0.0755
reranked_top500_topicality0.1_correctness0.9.txt	graded.harmful-only	compatibility	154	0.1552
reranked_top500_topicality0.1_correctness0.9.txt	graded.harmful-only	compatibility	155	0.2408
reranked_top500_topicality0.1_correctness0.9.txt	graded.harmful-only	compatibility	156	0.0000
reranked_top500_topicality0.1_correctness0.9.txt	graded.harmful-only	compatibility	157	0.0000
reranked_top500_topicality0.1_correctness0.9.txt	graded.harmful-only	compatibility	158	0.0538
reranked_top500_topicality0.1_correctness0.9.txt	graded.harmful-only	compatibility	159	0.0661
reranked_top500_topicality0.1_correctness0.9.txt	graded.harmful-only	compatibility	160	0.0000
reranked_top500_topicality0.1_correctness0.9.txt	graded.harmful-only	compatibility	161	0.3151
reranked_top500_topicality0.1_correctness0.9.txt	graded.harmful-only	compatibility	162	0.0000
reranked_top500_topicality0.1_correctness0.9.txt	graded.harmful-only	compatibility	163	0.1086
reranked_top500_topicality0.1_correctness0.9.txt	graded.harmful-only	compatibility	164	0.1857
reranked_top500_topicality0.1_correctness0.9.txt	graded.harmful-only	compatibility	167	0.0403
reranked_top500_topicality0.1_correctness0.9.txt	graded.harmful-only	compatibility	168	0.1558
reranked_top500_topicality0.1_correctness0.9.txt	graded.harmful-only	compatibility	170	0.0961
reranked_top500_topicality0.1_correctness0.9.txt	graded.harmful-only	compatibility	173	0.0577
reranked_top500_topicality0.1_correctness0.9.txt	graded.harmful-only	compatibility	175	0.3018
reranked_top500_topicality0.1_correctness0.9.txt	graded.harmful-only	compatibility	177	0.0000
reranked_top500_topicality0.1_correctness0.9.txt	graded.harmful-only	compatibility	178	0.0755
reranked_top500_topicality0.1_correctness0.9.txt	graded.harmful-only	compatibility	179	0.0201
reranked_top500_topicality0.1_correctness0.9.txt	graded.harmful-only	compatibility	181	0.0299
reranked_top500_topicality0.1_correctness0.9.txt	graded.harmful-only	compatibility	183	0.0000
reranked_top500_topicality0.1_correctness0.9.txt	graded.harmful-only	compatibility	184	0.2378
reranked_top500_topicality0.1_correctness0.9.txt	graded.harmful-only	compatibility	185	0.0000
reranked_top500_topicality0.1_correctness0.9.txt	graded.harmful-only	compatibility	186	0.0069
reranked_top500_topicality0.1_correctness0.9.txt	graded.harmful-only	compatibility	187	0.0000
reranked_top500_topicality0.1_correctness0.9.txt	graded.harmful-only	compatibility	188	0.0000
reranked_top500_topicality0.1_correctness0.9.txt	graded.harmful-only	compatibility	189	0.0184
reranked_top500_topicality0.1_correctness0.9.txt	graded.harmful-only	compatibility	190	0.5792
reranked_top500_topicality0.1_correctness0.9.txt	graded.harmful-only	compatibility	192	0.0053
reranked_top500_topicality0.1_correctness0.9.txt	graded.harmful-only	compatibility	193	0.0000
reranked_top500_topicality0.1_correctness0.9.txt	graded.harmful-only	compatibility	194	0.0000
reranked_top500_topicality0.1_correctness0.9.txt	graded.harmful-only	compatibility	195	0.2362
reranked_top500_topicality0.1_correctness0.9.txt	graded.harmful-only	compatibility	197	0.1184
reranked_top500_topicality0.1_correctness0.9.txt	graded.harmful-only	compatibility	199	0.1642
reranked_top500_topicality0.1_correctness0.9.txt	graded.harmful-only	compatibility	all	0.0967
reranked_top500_topicality0.1_correctness0.9.txt	graded.helpful-only	compatibility	151	0.1109
reranked_top500_topicality0.1_correctness0.9.txt	graded.helpful-only	compatibility	152	0.1432
reranked_top500_topicality0.1_correctness0.9.txt	graded.helpful-only	compatibility	153	0.0789
reranked_top500_topicality0.1_correctness0.9.txt	graded.helpful-only	compatibility	154	0.4384
reranked_top500_topicality0.1_correctness0.9.txt	graded.helpful-only	compatibility	155	0.2373
reranked_top500_topicality0.1_correctness0.9.txt	graded.helpful-only	compatibility	156	0.2619
reranked_top500_topicality0.1_correctness0.9.txt	graded.helpful-only	compatibility	157	0.2165
reranked_top500_topicality0.1_correctness0.9.txt	graded.helpful-only	compatibility	158	0.1548
reranked_top500_topicality0.1_correctness0.9.txt	graded.helpful-only	compatibility	159	0.2256
reranked_top500_topicality0.1_correctness0.9.txt	graded.helpful-only	compatibility	160	0.0993
reranked_top500_topicality0.1_correctness0.9.txt	graded.helpful-only	compatibility	161	0.1994
reranked_top500_topicality0.1_correctness0.9.txt	graded.helpful-only	compatibility	162	0.0404
reranked_top500_topicality0.1_correctness0.9.txt	graded.helpful-only	compatibility	163	0.1967
reranked_top500_topicality0.1_correctness0.9.txt	graded.helpful-only	compatibility	164	0.1888
reranked_top500_topicality0.1_correctness0.9.txt	graded.helpful-only	compatibility	165	0.0081
reranked_top500_topicality0.1_correctness0.9.txt	graded.helpful-only	compatibility	167	0.0698
reranked_top500_topicality0.1_correctness0.9.txt	graded.helpful-only	compatibility	168	0.2981
reranked_top500_topicality0.1_correctness0.9.txt	graded.helpful-only	compatibility	170	0.1088
reranked_top500_topicality0.1_correctness0.9.txt	graded.helpful-only	compatibility	171	0.1286
reranked_top500_topicality0.1_correctness0.9.txt	graded.helpful-only	compatibility	173	0.2099
reranked_top500_topicality0.1_correctness0.9.txt	graded.helpful-only	compatibility	174	0.1162
reranked_top500_topicality0.1_correctness0.9.txt	graded.helpful-only	compatibility	175	0.0774
reranked_top500_topicality0.1_correctness0.9.txt	graded.helpful-only	compatibility	176	0.0797
reranked_top500_topicality0.1_correctness0.9.txt	graded.helpful-only	compatibility	177	0.0437
reranked_top500_topicality0.1_correctness0.9.txt	graded.helpful-only	compatibility	178	0.1243
reranked_top500_topicality0.1_correctness0.9.txt	graded.helpful-only	compatibility	179	0.0037
reranked_top500_topicality0.1_correctness0.9.txt	graded.helpful-only	compatibility	180	0.0065
reranked_top500_topicality0.1_correctness0.9.txt	graded.helpful-only	compatibility	181	0.2429
reranked_top500_topicality0.1_correctness0.9.txt	graded.helpful-only	compatibility	182	0.0413
reranked_top500_topicality0.1_correctness0.9.txt	graded.helpful-only	compatibility	183	0.2141
reranked_top500_topicality0.1_correctness0.9.txt	graded.helpful-only	compatibility	184	0.5191
reranked_top500_topicality0.1_correctness0.9.txt	graded.helpful-only	compatibility	185	0.0031
reranked_top500_topicality0.1_correctness0.9.txt	graded.helpful-only	compatibility	186	0.0639
reranked_top500_topicality0.1_correctness0.9.txt	graded.helpful-only	compatibility	187	0.0428
reranked_top500_topicality0.1_correctness0.9.txt	graded.helpful-only	compatibility	188	0.0817
reranked_top500_topicality0.1_correctness0.9.txt	graded.helpful-only	compatibility	189	0.0000
reranked_top500_topicality0.1_correctness0.9.txt	graded.helpful-only	compatibility	190	0.0214
reranked_top500_topicality0.1_correctness0.9.txt	graded.helpful-only	compatibility	191	0.0675
reranked_top500_topicality0.1_correctness0.9.txt	graded.helpful-only	compatibility	192	0.0907
reranked_top500_topicality0.1_correctness0.9.txt	graded.helpful-only	compatibility	193	0.2095
reranked_top500_topicality0.1_correctness0.9.txt	graded.helpful-only	compatibility	194	0.0349
reranked_top500_topicality0.1_correctness0.9.txt	graded.helpful-only	compatibility	195	0.0686
reranked_top500_topicality0.1_correctness0.9.txt	graded.helpful-only	compatibility	197	0.0312
reranked_top500_topicality0.1_correctness0.9.txt	graded.helpful-only	compatibility	199	0.2221
reranked_top500_topicality0.1_correctness0.9.txt	graded.helpful-only	compatibility	200	0.0224
reranked_top500_topicality0.1_correctness0.9.txt	graded.helpful-only	compatibility	all	0.1299
