run	qrels	measure	topic	score
reranked_top500_topicality1.0_correctness0.0.txt	graded.usefulness	ndcg	151	0.6397
reranked_top500_topicality1.0_correctness0.0.txt	graded.usefulness	ndcg	152	0.5525
reranked_top500_topicality1.0_correctness0.0.txt	graded.usefulness	ndcg	153	0.7162
reranked_top500_topicality1.0_correctness0.0.txt	graded.usefulness	ndcg	154	0.7471
reranked_top500_topicality1.0_correctness0.0.txt	graded.usefulness	ndcg	155	0.7462
reranked_top500_topicality1.0_correctness0.0.txt	graded.usefulness	ndcg	156	0.7258
reranked_top500_topicality1.0_correctness0.0.txt	graded.usefulness	ndcg	157	0.7670
reranked_top500_topicality1.0_correctness0.0.txt	graded.usefulness	ndcg	158	0.6406
reranked_top500_topicality1.0_correctness0.0.txt	graded.usefulness	ndcg	159	0.7697
reranked_top500_topicality1.0_correctness0.0.txt	graded.usefulness	ndcg	160	0.6694
reranked_top500_topicality1.0_correctness0.0.txt	graded.usefulness	ndcg	161	0.6581
reranked_top500_topicality1.0_correctness0.0.txt	graded.usefulness	ndcg	162	0.8254
reranked_top500_topicality1.0_correctness0.0.txt	graded.usefulness	ndcg	163	0.7333
reranked_top500_topicality1.0_correctness0.0.txt	graded.usefulness	ndcg	164	0.5854
reranked_top500_topicality1.0_correctness0.0.txt	graded.usefulness	ndcg	165	0.0947
reranked_top500_topicality1.0_correctness0.0.txt	graded.usefulness	ndcg	167	0.6122
reranked_top500_topicality1.0_correctness0.0.txt	graded.usefulness	ndcg	168	0.6244
reranked_top500_topicality1.0_correctness0.0.txt	graded.usefulness	ndcg	170	0.6367
reranked_top500_topicality1.0_correctness0.0.txt	graded.usefulness	ndcg	171	0.6524
reranked_top500_topicality1.0_correctness0.0.txt	graded.usefulness	ndcg	173	0.8580
reranked_top500_topicality1.0_correctness0.0.txt	graded.usefulness	ndcg	174	0.7079
reranked_top500_topicality1.0_correctness0.0.txt	graded.usefulness	ndcg	175	0.6219
reranked_top500_topicality1.0_correctness0.0.txt	graded.usefulness	ndcg	176	0.6551
reranked_top500_topicality1.0_correctness0.0.txt	graded.usefulness	ndcg	177	0.5857
reranked_top500_topicality1.0_correctness0.0.txt	graded.usefulness	ndcg	178	0.7203
reranked_top500_topicality1.0_correctness0.0.txt	graded.usefulness	ndcg	179	0.6852
reranked_top500_topicality1.0_correctness0.0.txt	graded.usefulness	ndcg	180	0.4605
reranked_top500_topicality1.0_correctness0.0.txt	graded.usefulness	ndcg	181	0.7023
reranked_top500_topicality1.0_correctness0.0.txt	graded.usefulness	ndcg	182	0.4189
reranked_top500_topicality1.0_correctness0.0.txt	graded.usefulness	ndcg	183	0.8105
reranked_top500_topicality1.0_correctness0.0.txt	graded.usefulness	ndcg	184	0.7036
reranked_top500_topicality1.0_correctness0.0.txt	graded.usefulness	ndcg	185	0.5840
reranked_top500_topicality1.0_correctness0.0.txt	graded.usefulness	ndcg	186	0.6232
reranked_top500_topicality1.0_correctness0.0.txt	graded.usefulness	ndcg	187	0.6429
reranked_top500_topicality1.0_correctness0.0.txt	graded.usefulness	ndcg	188	0.4973
reranked_top500_topicality1.0_correctness0.0.txt	graded.usefulness	ndcg	189	0.3418
reranked_top500_topicality1.0_correctness0.0.txt	graded.usefulness	ndcg	190	0.7002
reranked_top500_topicality1.0_correctness0.0.txt	graded.usefulness	ndcg	191	0.3643
reranked_top500_topicality1.0_correctness0.0.txt	graded.usefulness	ndcg	192	0.5811
reranked_top500_topicality1.0_correctness0.0.txt	graded.usefulness	ndcg	193	0.7395
reranked_top500_topicality1.0_correctness0.0.txt	graded.usefulness	ndcg	194	0.6979
reranked_top500_topicality1.0_correctness0.0.txt	graded.usefulness	ndcg	195	0.5440
reranked_top500_topicality1.0_correctness0.0.txt	graded.usefulness	ndcg	197	0.7048
reranked_top500_topicality1.0_correctness0.0.txt	graded.usefulness	ndcg	199	0.7207
reranked_top500_topicality1.0_correctness0.0.txt	graded.usefulness	ndcg	200	0.6645
reranked_top500_topicality1.0_correctness0.0.txt	graded.usefulness	ndcg	all	0.6385
reranked_top500_topicality1.0_correctness0.0.txt	binary.useful-correct	P_10	151	0.2000
reranked_top500_topicality1.0_correctness0.0.txt	binary.useful-correct	P_10	152	0.0000
reranked_top500_topicality1.0_correctness0.0.txt	binary.useful-correct	P_10	153	0.0000
reranked_top500_topicality1.0_correctness0.0.txt	binary.useful-correct	P_10	154	0.2000
reranked_top500_topicality1.0_correctness0.0.txt	binary.useful-correct	P_10	155	0.2000
reranked_top500_topicality1.0_correctness0.0.txt	binary.useful-correct	P_10	156	0.9000
reranked_top500_topicality1.0_correctness0.0.txt	binary.useful-correct	P_10	157	0.7000
reranked_top500_topicality1.0_correctness0.0.txt	binary.useful-correct	P_10	158	0.1000
reranked_top500_topicality1.0_correctness0.0.txt	binary.useful-correct	P_10	159	0.0000
reranked_top500_topicality1.0_correctness0.0.txt	binary.useful-correct	P_10	160	0.4000
reranked_top500_topicality1.0_correctness0.0.txt	binary.useful-correct	P_10	161	0.5000
reranked_top500_topicality1.0_correctness0.0.txt	binary.useful-correct	P_10	162	1.0000
reranked_top500_topicality1.0_correctness0.0.txt	binary.useful-correct	P_10	163	0.8000
reranked_top500_topicality1.0_correctness0.0.txt	binary.useful-correct	P_10	164	0.3000
reranked_top500_topicality1.0_correctness0.0.txt	binary.useful-correct	P_10	165	0.0000
reranked_top500_topicality1.0_correctness0.0.txt	binary.useful-correct	P_10	167	0.3000
reranked_top500_topicality1.0_correctness0.0.txt	binary.useful-correct	P_10	168	0.0000
reranked_top500_topicality1.0_correctness0.0.txt	binary.useful-correct	P_10	170	0.0000
reranked_top500_topicality1.0_correctness0.0.txt	binary.useful-correct	P_10	171	0.6000
reranked_top500_topicality1.0_correctness0.0.txt	binary.useful-correct	P_10	173	0.6000
reranked_top500_topicality1.0_correctness0.0.txt	binary.useful-correct	P_10	174	0.6000
reranked_top500_topicality1.0_correctness0.0.txt	binary.useful-correct	P_10	175	0.4000
reranked_top500_topicality1.0_correctness0.0.txt	binary.useful-correct	P_10	176	0.7000
reranked_top500_topicality1.0_correctness0.0.txt	binary.useful-correct	P_10	177	0.1000
reranked_top500_topicality1.0_correctness0.0.txt	binary.useful-correct	P_10	178	0.6000
reranked_top500_topicality1.0_correctness0.0.txt	binary.useful-correct	P_10	179	0.4000
reranked_top500_topicality1.0_correctness0.0.txt	binary.useful-correct	P_10	180	0.2000
reranked_top500_topicality1.0_correctness0.0.txt	binary.useful-correct	P_10	181	0.6000
reranked_top500_topicality1.0_correctness0.0.txt	binary.useful-correct	P_10	182	0.2000
reranked_top500_topicality1.0_correctness0.0.txt	binary.useful-correct	P_10	183	1.0000
reranked_top500_topicality1.0_correctness0.0.txt	binary.useful-correct	P_10	184	0.1000
reranked_top500_topicality1.0_correctness0.0.txt	binary.useful-correct	P_10	185	0.6000
reranked_top500_topicality1.0_correctness0.0.txt	binary.useful-correct	P_10	186	0.0000
reranked_top500_topicality1.0_correctness0.0.txt	binary.useful-correct	P_10	187	0.4000
reranked_top500_topicality1.0_correctness0.0.txt	binary.useful-correct	P_10	188	0.1000
reranked_top500_topicality1.0_correctness0.0.txt	binary.useful-correct	P_10	189	0.0000
reranked_top500_topicality1.0_correctness0.0.txt	binary.useful-correct	P_10	190	0.5000
reranked_top500_topicality1.0_correctness0.0.txt	binary.useful-correct	P_10	191	0.2000
reranked_top500_topicality1.0_correctness0.0.txt	binary.useful-correct	P_10	192	0.0000
reranked_top500_topicality1.0_correctness0.0.txt	binary.useful-correct	P_10	193	0.9000
reranked_top500_topicality1.0_correctness0.0.txt	binary.useful-correct	P_10	194	0.8000
reranked_top500_topicality1.0_correctness0.0.txt	binary.useful-correct	P_10	195	0.1000
reranked_top500_topicality1.0_correctness0.0.txt	binary.useful-correct	P_10	197	0.1000
reranked_top500_topicality1.0_correctness0.0.txt	binary.useful-correct	P_10	199	0.7000
reranked_top500_topicality1.0_correctness0.0.txt	binary.useful-correct	P_10	200	0.6000
reranked_top500_topicality1.0_correctness0.0.txt	binary.useful-correct	P_10	all	0.3711
reranked_top500_topicality1.0_correctness0.0.txt	binary.incorrect	P_10	151	0.4000
reranked_top500_topicality1.0_correctness0.0.txt	binary.incorrect	P_10	152	0.2000
reranked_top500_topicality1.0_correctness0.0.txt	binary.incorrect	P_10	153	0.7000
reranked_top500_topicality1.0_correctness0.0.txt	binary.incorrect	P_10	154	0.3000
reranked_top500_topicality1.0_correctness0.0.txt	binary.incorrect	P_10	155	0.3000
reranked_top500_topicality1.0_correctness0.0.txt	binary.incorrect	P_10	156	0.0000
reranked_top500_topicality1.0_correctness0.0.txt	binary.incorrect	P_10	157	0.0000
reranked_top500_topicality1.0_correctness0.0.txt	binary.incorrect	P_10	158	0.1000
reranked_top500_topicality1.0_correctness0.0.txt	binary.incorrect	P_10	159	0.5000
reranked_top500_topicality1.0_correctness0.0.txt	binary.incorrect	P_10	160	0.0000
reranked_top500_topicality1.0_correctness0.0.txt	binary.incorrect	P_10	161	0.0000
reranked_top500_topicality1.0_correctness0.0.txt	binary.incorrect	P_10	162	0.0000
reranked_top500_topicality1.0_correctness0.0.txt	binary.incorrect	P_10	163	0.0000
reranked_top500_topicality1.0_correctness0.0.txt	binary.incorrect	P_10	164	0.3000
reranked_top500_topicality1.0_correctness0.0.txt	binary.incorrect	P_10	167	0.5000
reranked_top500_topicality1.0_correctness0.0.txt	binary.incorrect	P_10	168	0.1000
reranked_top500_topicality1.0_correctness0.0.txt	binary.incorrect	P_10	170	1.0000
reranked_top500_topicality1.0_correctness0.0.txt	binary.incorrect	P_10	173	0.3000
reranked_top500_topicality1.0_correctness0.0.txt	binary.incorrect	P_10	175	0.0000
reranked_top500_topicality1.0_correctness0.0.txt	binary.incorrect	P_10	177	0.0000
reranked_top500_topicality1.0_correctness0.0.txt	binary.incorrect	P_10	178	0.0000
reranked_top500_topicality1.0_correctness0.0.txt	binary.incorrect	P_10	179	0.4000
reranked_top500_topicality1.0_correctness0.0.txt	binary.incorrect	P_10	181	0.0000
reranked_top500_topicality1.0_correctness0.0.txt	binary.incorrect	P_10	183	0.0000
reranked_top500_topicality1.0_correctness0.0.txt	binary.incorrect	P_10	184	0.5000
reranked_top500_topicality1.0_correctness0.0.txt	binary.incorrect	P_10	185	0.0000
reranked_top500_topicality1.0_correctness0.0.txt	binary.incorrect	P_10	186	0.4000
reranked_top500_topicality1.0_correctness0.0.txt	binary.incorrect	P_10	187	0.0000
reranked_top500_topicality1.0_correctness0.0.txt	binary.incorrect	P_10	188	0.0000
reranked_top500_topicality1.0_correctness0.0.txt	binary.incorrect	P_10	189	0.3000
reranked_top500_topicality1.0_correctness0.0.txt	binary.incorrect	P_10	190	0.1000
reranked_top500_topicality1.0_correctness0.0.txt	binary.incorrect	P_10	192	0.4000
reranked_top500_topicality1.0_correctness0.0.txt	binary.incorrect	P_10	193	0.0000
reranked_top500_topicality1.0_correctness0.0.txt	binary.incorrect	P_10	194	0.0000
reranked_top500_topicality1.0_correctness0.0.txt	binary.incorrect	P_10	195	0.1000
reranked_top500_topicality1.0_correctness0.0.txt	binary.incorrect	P_10	197	0.5000
reranked_top500_topicality1.0_correctness0.0.txt	binary.incorrect	P_10	199	0.0000
reranked_top500_topicality1.0_correctness0.0.txt	binary.incorrect	P_10	all	0.2000
reranked_top500_topicality1.0_correctness0.0.txt	binary.useful-correct	ndcg	151	0.5751
reranked_top500_topicality1.0_correctness0.0.txt	binary.useful-correct	ndcg	152	0.1353
reranked_top500_topicality1.0_correctness0.0.txt	binary.useful-correct	ndcg	153	0.1404
reranked_top500_topicality1.0_correctness0.0.txt	binary.useful-correct	ndcg	154	0.4648
reranked_top500_topicality1.0_correctness0.0.txt	binary.useful-correct	ndcg	155	0.5342
reranked_top500_topicality1.0_correctness0.0.txt	binary.useful-correct	ndcg	156	0.7304
reranked_top500_topicality1.0_correctness0.0.txt	binary.useful-correct	ndcg	157	0.6881
reranked_top500_topicality1.0_correctness0.0.txt	binary.useful-correct	ndcg	158	0.4087
reranked_top500_topicality1.0_correctness0.0.txt	binary.useful-correct	ndcg	159	0.2947
reranked_top500_topicality1.0_correctness0.0.txt	binary.useful-correct	ndcg	160	0.6684
reranked_top500_topicality1.0_correctness0.0.txt	binary.useful-correct	ndcg	161	0.7089
reranked_top500_topicality1.0_correctness0.0.txt	binary.useful-correct	ndcg	162	0.8393
reranked_top500_topicality1.0_correctness0.0.txt	binary.useful-correct	ndcg	163	0.8106
reranked_top500_topicality1.0_correctness0.0.txt	binary.useful-correct	ndcg	164	0.5000
reranked_top500_topicality1.0_correctness0.0.txt	binary.useful-correct	ndcg	165	0.0801
reranked_top500_topicality1.0_correctness0.0.txt	binary.useful-correct	ndcg	167	0.4868
reranked_top500_topicality1.0_correctness0.0.txt	binary.useful-correct	ndcg	168	0.3465
reranked_top500_topicality1.0_correctness0.0.txt	binary.useful-correct	ndcg	170	0.2540
reranked_top500_topicality1.0_correctness0.0.txt	binary.useful-correct	ndcg	171	0.6600
reranked_top500_topicality1.0_correctness0.0.txt	binary.useful-correct	ndcg	173	0.8258
reranked_top500_topicality1.0_correctness0.0.txt	binary.useful-correct	ndcg	174	0.7434
reranked_top500_topicality1.0_correctness0.0.txt	binary.useful-correct	ndcg	175	0.6759
reranked_top500_topicality1.0_correctness0.0.txt	binary.useful-correct	ndcg	176	0.6806
reranked_top500_topicality1.0_correctness0.0.txt	binary.useful-correct	ndcg	177	0.5420
reranked_top500_topicality1.0_correctness0.0.txt	binary.useful-correct	ndcg	178	0.7368
reranked_top500_topicality1.0_correctness0.0.txt	binary.useful-correct	ndcg	179	0.5828
reranked_top500_topicality1.0_correctness0.0.txt	binary.useful-correct	ndcg	180	0.4886
reranked_top500_topicality1.0_correctness0.0.txt	binary.useful-correct	ndcg	181	0.7175
reranked_top500_topicality1.0_correctness0.0.txt	binary.useful-correct	ndcg	182	0.3712
reranked_top500_topicality1.0_correctness0.0.txt	binary.useful-correct	ndcg	183	0.8104
reranked_top500_topicality1.0_correctness0.0.txt	binary.useful-correct	ndcg	184	0.3983
reranked_top500_topicality1.0_correctness0.0.txt	binary.useful-correct	ndcg	185	0.6254
reranked_top500_topicality1.0_correctness0.0.txt	binary.useful-correct	ndcg	186	0.4107
reranked_top500_topicality1.0_correctness0.0.txt	binary.useful-correct	ndcg	187	0.6838
reranked_top500_topicality1.0_correctness0.0.txt	binary.useful-correct	ndcg	188	0.5558
reranked_top500_topicality1.0_correctness0.0.txt	binary.useful-correct	ndcg	189	0.1068
reranked_top500_topicality1.0_correctness0.0.txt	binary.useful-correct	ndcg	190	0.7168
reranked_top500_topicality1.0_correctness0.0.txt	binary.useful-correct	ndcg	191	0.3885
reranked_top500_topicality1.0_correctness0.0.txt	binary.useful-correct	ndcg	192	0.3613
reranked_top500_topicality1.0_correctness0.0.txt	binary.useful-correct	ndcg	193	0.7800
reranked_top500_topicality1.0_correctness0.0.txt	binary.useful-correct	ndcg	194	0.7635
reranked_top500_topicality1.0_correctness0.0.txt	binary.useful-correct	ndcg	195	0.5652
reranked_top500_topicality1.0_correctness0.0.txt	binary.useful-correct	ndcg	197	0.4187
reranked_top500_topicality1.0_correctness0.0.txt	binary.useful-correct	ndcg	199	0.7721
reranked_top500_topicality1.0_correctness0.0.txt	binary.useful-correct	ndcg	200	0.7451
reranked_top500_topicality1.0_correctness0.0.txt	binary.useful-correct	ndcg	all	0.5510
reranked_top500_topicality1.0_correctness0.0.txt	graded.harmful-only	compatibility	151	0.3133
reranked_top500_topicality1.0_correctness0.0.txt	graded.harmful-only	compatibility	152	0.2024
reranked_top500_topicality1.0_correctness0.0.txt	graded.harmful-only	compatibility	153	0.5526
reranked_top500_topicality1.0_correctness0.0.txt	graded.harmful-only	compatibility	154	0.2961
reranked_top500_topicality1.0_correctness0.0.txt	graded.harmful-only	compatibility	155	0.3387
reranked_top500_topicality1.0_correctness0.0.txt	graded.harmful-only	compatibility	156	0.0000
reranked_top500_topicality1.0_correctness0.0.txt	graded.harmful-only	compatibility	157	0.0000
reranked_top500_topicality1.0_correctness0.0.txt	graded.harmful-only	compatibility	158	0.0547
reranked_top500_topicality1.0_correctness0.0.txt	graded.harmful-only	compatibility	159	0.2645
reranked_top500_topicality1.0_correctness0.0.txt	graded.harmful-only	compatibility	160	0.0001
reranked_top500_topicality1.0_correctness0.0.txt	graded.harmful-only	compatibility	161	0.0293
reranked_top500_topicality1.0_correctness0.0.txt	graded.harmful-only	compatibility	162	0.0000
reranked_top500_topicality1.0_correctness0.0.txt	graded.harmful-only	compatibility	163	0.0090
reranked_top500_topicality1.0_correctness0.0.txt	graded.harmful-only	compatibility	164	0.3850
reranked_top500_topicality1.0_correctness0.0.txt	graded.harmful-only	compatibility	167	0.3100
reranked_top500_topicality1.0_correctness0.0.txt	graded.harmful-only	compatibility	168	0.2175
reranked_top500_topicality1.0_correctness0.0.txt	graded.harmful-only	compatibility	170	0.2258
reranked_top500_topicality1.0_correctness0.0.txt	graded.harmful-only	compatibility	173	0.2614
reranked_top500_topicality1.0_correctness0.0.txt	graded.harmful-only	compatibility	175	0.0304
reranked_top500_topicality1.0_correctness0.0.txt	graded.harmful-only	compatibility	177	0.0830
reranked_top500_topicality1.0_correctness0.0.txt	graded.harmful-only	compatibility	178	0.0137
reranked_top500_topicality1.0_correctness0.0.txt	graded.harmful-only	compatibility	179	0.1678
reranked_top500_topicality1.0_correctness0.0.txt	graded.harmful-only	compatibility	181	0.1644
reranked_top500_topicality1.0_correctness0.0.txt	graded.harmful-only	compatibility	183	0.0000
reranked_top500_topicality1.0_correctness0.0.txt	graded.harmful-only	compatibility	184	0.2284
reranked_top500_topicality1.0_correctness0.0.txt	graded.harmful-only	compatibility	185	0.0000
reranked_top500_topicality1.0_correctness0.0.txt	graded.harmful-only	compatibility	186	0.3122
reranked_top500_topicality1.0_correctness0.0.txt	graded.harmful-only	compatibility	187	0.0070
reranked_top500_topicality1.0_correctness0.0.txt	graded.harmful-only	compatibility	188	0.0435
reranked_top500_topicality1.0_correctness0.0.txt	graded.harmful-only	compatibility	189	0.1659
reranked_top500_topicality1.0_correctness0.0.txt	graded.harmful-only	compatibility	190	0.0359
reranked_top500_topicality1.0_correctness0.0.txt	graded.harmful-only	compatibility	192	0.3153
reranked_top500_topicality1.0_correctness0.0.txt	graded.harmful-only	compatibility	193	0.0000
reranked_top500_topicality1.0_correctness0.0.txt	graded.harmful-only	compatibility	194	0.0000
reranked_top500_topicality1.0_correctness0.0.txt	graded.harmful-only	compatibility	195	0.0815
reranked_top500_topicality1.0_correctness0.0.txt	graded.harmful-only	compatibility	197	0.4612
reranked_top500_topicality1.0_correctness0.0.txt	graded.harmful-only	compatibility	199	0.0144
reranked_top500_topicality1.0_correctness0.0.txt	graded.harmful-only	compatibility	all	0.1509
reranked_top500_topicality1.0_correctness0.0.txt	graded.helpful-only	compatibility	151	0.2003
reranked_top500_topicality1.0_correctness0.0.txt	graded.helpful-only	compatibility	152	0.2438
reranked_top500_topicality1.0_correctness0.0.txt	graded.helpful-only	compatibility	153	0.0121
reranked_top500_topicality1.0_correctness0.0.txt	graded.helpful-only	compatibility	154	0.2096
reranked_top500_topicality1.0_correctness0.0.txt	graded.helpful-only	compatibility	155	0.2245
reranked_top500_topicality1.0_correctness0.0.txt	graded.helpful-only	compatibility	156	0.7976
reranked_top500_topicality1.0_correctness0.0.txt	graded.helpful-only	compatibility	157	0.2125
reranked_top500_topicality1.0_correctness0.0.txt	graded.helpful-only	compatibility	158	0.0291
reranked_top500_topicality1.0_correctness0.0.txt	graded.helpful-only	compatibility	159	0.1205
reranked_top500_topicality1.0_correctness0.0.txt	graded.helpful-only	compatibility	160	0.2091
reranked_top500_topicality1.0_correctness0.0.txt	graded.helpful-only	compatibility	161	0.3265
reranked_top500_topicality1.0_correctness0.0.txt	graded.helpful-only	compatibility	162	0.3432
reranked_top500_topicality1.0_correctness0.0.txt	graded.helpful-only	compatibility	163	0.2778
reranked_top500_topicality1.0_correctness0.0.txt	graded.helpful-only	compatibility	164	0.1563
reranked_top500_topicality1.0_correctness0.0.txt	graded.helpful-only	compatibility	165	0.0068
reranked_top500_topicality1.0_correctness0.0.txt	graded.helpful-only	compatibility	167	0.1833
reranked_top500_topicality1.0_correctness0.0.txt	graded.helpful-only	compatibility	168	0.0396
reranked_top500_topicality1.0_correctness0.0.txt	graded.helpful-only	compatibility	170	0.0174
reranked_top500_topicality1.0_correctness0.0.txt	graded.helpful-only	compatibility	171	0.2943
reranked_top500_topicality1.0_correctness0.0.txt	graded.helpful-only	compatibility	173	0.2855
reranked_top500_topicality1.0_correctness0.0.txt	graded.helpful-only	compatibility	174	0.2078
reranked_top500_topicality1.0_correctness0.0.txt	graded.helpful-only	compatibility	175	0.1427
reranked_top500_topicality1.0_correctness0.0.txt	graded.helpful-only	compatibility	176	0.3857
reranked_top500_topicality1.0_correctness0.0.txt	graded.helpful-only	compatibility	177	0.0570
reranked_top500_topicality1.0_correctness0.0.txt	graded.helpful-only	compatibility	178	0.2575
reranked_top500_topicality1.0_correctness0.0.txt	graded.helpful-only	compatibility	179	0.2356
reranked_top500_topicality1.0_correctness0.0.txt	graded.helpful-only	compatibility	180	0.1687
reranked_top500_topicality1.0_correctness0.0.txt	graded.helpful-only	compatibility	181	0.2488
reranked_top500_topicality1.0_correctness0.0.txt	graded.helpful-only	compatibility	182	0.1186
reranked_top500_topicality1.0_correctness0.0.txt	graded.helpful-only	compatibility	183	0.7392
reranked_top500_topicality1.0_correctness0.0.txt	graded.helpful-only	compatibility	184	0.1255
reranked_top500_topicality1.0_correctness0.0.txt	graded.helpful-only	compatibility	185	0.2794
reranked_top500_topicality1.0_correctness0.0.txt	graded.helpful-only	compatibility	186	0.0140
reranked_top500_topicality1.0_correctness0.0.txt	graded.helpful-only	compatibility	187	0.0496
reranked_top500_topicality1.0_correctness0.0.txt	graded.helpful-only	compatibility	188	0.0799
reranked_top500_topicality1.0_correctness0.0.txt	graded.helpful-only	compatibility	189	0.0330
reranked_top500_topicality1.0_correctness0.0.txt	graded.helpful-only	compatibility	190	0.1812
reranked_top500_topicality1.0_correctness0.0.txt	graded.helpful-only	compatibility	191	0.0721
reranked_top500_topicality1.0_correctness0.0.txt	graded.helpful-only	compatibility	192	0.0233
reranked_top500_topicality1.0_correctness0.0.txt	graded.helpful-only	compatibility	193	0.3361
reranked_top500_topicality1.0_correctness0.0.txt	graded.helpful-only	compatibility	194	0.2438
reranked_top500_topicality1.0_correctness0.0.txt	graded.helpful-only	compatibility	195	0.1027
reranked_top500_topicality1.0_correctness0.0.txt	graded.helpful-only	compatibility	197	0.1280
reranked_top500_topicality1.0_correctness0.0.txt	graded.helpful-only	compatibility	199	0.2513
reranked_top500_topicality1.0_correctness0.0.txt	graded.helpful-only	compatibility	200	0.0903
reranked_top500_topicality1.0_correctness0.0.txt	graded.helpful-only	compatibility	all	0.1947
