run	qrels	measure	topic	score
reranked_top500_topicality0.9_correctness0.1.txt	graded.usefulness	ndcg	151	0.6436
reranked_top500_topicality0.9_correctness0.1.txt	graded.usefulness	ndcg	152	0.5557
reranked_top500_topicality0.9_correctness0.1.txt	graded.usefulness	ndcg	153	0.7169
reranked_top500_topicality0.9_correctness0.1.txt	graded.usefulness	ndcg	154	0.7468
reranked_top500_topicality0.9_correctness0.1.txt	graded.usefulness	ndcg	155	0.7493
reranked_top500_topicality0.9_correctness0.1.txt	graded.usefulness	ndcg	156	0.7277
reranked_top500_topicality0.9_correctness0.1.txt	graded.usefulness	ndcg	157	0.7743
reranked_top500_topicality0.9_correctness0.1.txt	graded.usefulness	ndcg	158	0.6494
reranked_top500_topicality0.9_correctness0.1.txt	graded.usefulness	ndcg	159	0.7710
reranked_top500_topicality0.9_correctness0.1.txt	graded.usefulness	ndcg	160	0.6702
reranked_top500_topicality0.9_correctness0.1.txt	graded.usefulness	ndcg	161	0.6595
reranked_top500_topicality0.9_correctness0.1.txt	graded.usefulness	ndcg	162	0.8268
reranked_top500_topicality0.9_correctness0.1.txt	graded.usefulness	ndcg	163	0.7333
reranked_top500_topicality0.9_correctness0.1.txt	graded.usefulness	ndcg	164	0.6005
reranked_top500_topicality0.9_correctness0.1.txt	graded.usefulness	ndcg	165	0.0947
reranked_top500_topicality0.9_correctness0.1.txt	graded.usefulness	ndcg	167	0.6108
reranked_top500_topicality0.9_correctness0.1.txt	graded.usefulness	ndcg	168	0.6338
reranked_top500_topicality0.9_correctness0.1.txt	graded.usefulness	ndcg	170	0.6361
reranked_top500_topicality0.9_correctness0.1.txt	graded.usefulness	ndcg	171	0.6539
reranked_top500_topicality0.9_correctness0.1.txt	graded.usefulness	ndcg	173	0.8579
reranked_top500_topicality0.9_correctness0.1.txt	graded.usefulness	ndcg	174	0.7074
reranked_top500_topicality0.9_correctness0.1.txt	graded.usefulness	ndcg	175	0.6272
reranked_top500_topicality0.9_correctness0.1.txt	graded.usefulness	ndcg	176	0.6570
reranked_top500_topicality0.9_correctness0.1.txt	graded.usefulness	ndcg	177	0.5793
reranked_top500_topicality0.9_correctness0.1.txt	graded.usefulness	ndcg	178	0.7197
reranked_top500_topicality0.9_correctness0.1.txt	graded.usefulness	ndcg	179	0.6792
reranked_top500_topicality0.9_correctness0.1.txt	graded.usefulness	ndcg	180	0.4593
reranked_top500_topicality0.9_correctness0.1.txt	graded.usefulness	ndcg	181	0.7176
reranked_top500_topicality0.9_correctness0.1.txt	graded.usefulness	ndcg	182	0.4309
reranked_top500_topicality0.9_correctness0.1.txt	graded.usefulness	ndcg	183	0.8115
reranked_top500_topicality0.9_correctness0.1.txt	graded.usefulness	ndcg	184	0.7186
reranked_top500_topicality0.9_correctness0.1.txt	graded.usefulness	ndcg	185	0.5723
reranked_top500_topicality0.9_correctness0.1.txt	graded.usefulness	ndcg	186	0.6251
reranked_top500_topicality0.9_correctness0.1.txt	graded.usefulness	ndcg	187	0.6570
reranked_top500_topicality0.9_correctness0.1.txt	graded.usefulness	ndcg	188	0.4985
reranked_top500_topicality0.9_correctness0.1.txt	graded.usefulness	ndcg	189	0.3569
reranked_top500_topicality0.9_correctness0.1.txt	graded.usefulness	ndcg	190	0.7040
reranked_top500_topicality0.9_correctness0.1.txt	graded.usefulness	ndcg	191	0.3645
reranked_top500_topicality0.9_correctness0.1.txt	graded.usefulness	ndcg	192	0.5812
reranked_top500_topicality0.9_correctness0.1.txt	graded.usefulness	ndcg	193	0.7396
reranked_top500_topicality0.9_correctness0.1.txt	graded.usefulness	ndcg	194	0.6957
reranked_top500_topicality0.9_correctness0.1.txt	graded.usefulness	ndcg	195	0.5515
reranked_top500_topicality0.9_correctness0.1.txt	graded.usefulness	ndcg	197	0.7038
reranked_top500_topicality0.9_correctness0.1.txt	graded.usefulness	ndcg	199	0.7208
reranked_top500_topicality0.9_correctness0.1.txt	graded.usefulness	ndcg	200	0.6620
reranked_top500_topicality0.9_correctness0.1.txt	graded.usefulness	ndcg	all	0.6412
reranked_top500_topicality0.9_correctness0.1.txt	binary.useful-correct	P_10	151	0.2000
reranked_top500_topicality0.9_correctness0.1.txt	binary.useful-correct	P_10	152	0.0000
reranked_top500_topicality0.9_correctness0.1.txt	binary.useful-correct	P_10	153	0.0000
reranked_top500_topicality0.9_correctness0.1.txt	binary.useful-correct	P_10	154	0.2000
reranked_top500_topicality0.9_correctness0.1.txt	binary.useful-correct	P_10	155	0.3000
reranked_top500_topicality0.9_correctness0.1.txt	binary.useful-correct	P_10	156	0.9000
reranked_top500_topicality0.9_correctness0.1.txt	binary.useful-correct	P_10	157	0.7000
reranked_top500_topicality0.9_correctness0.1.txt	binary.useful-correct	P_10	158	0.1000
reranked_top500_topicality0.9_correctness0.1.txt	binary.useful-correct	P_10	159	0.0000
reranked_top500_topicality0.9_correctness0.1.txt	binary.useful-correct	P_10	160	0.4000
reranked_top500_topicality0.9_correctness0.1.txt	binary.useful-correct	P_10	161	0.5000
reranked_top500_topicality0.9_correctness0.1.txt	binary.useful-correct	P_10	162	1.0000
reranked_top500_topicality0.9_correctness0.1.txt	binary.useful-correct	P_10	163	0.8000
reranked_top500_topicality0.9_correctness0.1.txt	binary.useful-correct	P_10	164	0.3000
reranked_top500_topicality0.9_correctness0.1.txt	binary.useful-correct	P_10	165	0.0000
reranked_top500_topicality0.9_correctness0.1.txt	binary.useful-correct	P_10	167	0.3000
reranked_top500_topicality0.9_correctness0.1.txt	binary.useful-correct	P_10	168	0.0000
reranked_top500_topicality0.9_correctness0.1.txt	binary.useful-correct	P_10	170	0.0000
reranked_top500_topicality0.9_correctness0.1.txt	binary.useful-correct	P_10	171	0.6000
reranked_top500_topicality0.9_correctness0.1.txt	binary.useful-correct	P_10	173	0.6000
reranked_top500_topicality0.9_correctness0.1.txt	binary.useful-correct	P_10	174	0.6000
reranked_top500_topicality0.9_correctness0.1.txt	binary.useful-correct	P_10	175	0.4000
reranked_top500_topicality0.9_correctness0.1.txt	binary.useful-correct	P_10	176	0.8000
reranked_top500_topicality0.9_correctness0.1.txt	binary.useful-correct	P_10	177	0.1000
reranked_top500_topicality0.9_correctness0.1.txt	binary.useful-correct	P_10	178	0.6000
reranked_top500_topicality0.9_correctness0.1.txt	binary.useful-correct	P_10	179	0.4000
reranked_top500_topicality0.9_correctness0.1.txt	binary.useful-correct	P_10	180	0.2000
reranked_top500_topicality0.9_correctness0.1.txt	binary.useful-correct	P_10	181	0.6000
reranked_top500_topicality0.9_correctness0.1.txt	binary.useful-correct	P_10	182	0.3000
reranked_top500_topicality0.9_correctness0.1.txt	binary.useful-correct	P_10	183	1.0000
reranked_top500_topicality0.9_correctness0.1.txt	binary.useful-correct	P_10	184	0.2000
reranked_top500_topicality0.9_correctness0.1.txt	binary.useful-correct	P_10	185	0.6000
reranked_top500_topicality0.9_correctness0.1.txt	binary.useful-correct	P_10	186	0.0000
reranked_top500_topicality0.9_correctness0.1.txt	binary.useful-correct	P_10	187	0.5000
reranked_top500_topicality0.9_correctness0.1.txt	binary.useful-correct	P_10	188	0.1000
reranked_top500_topicality0.9_correctness0.1.txt	binary.useful-correct	P_10	189	0.0000
reranked_top500_topicality0.9_correctness0.1.txt	binary.useful-correct	P_10	190	0.5000
reranked_top500_topicality0.9_correctness0.1.txt	binary.useful-correct	P_10	191	0.2000
reranked_top500_topicality0.9_correctness0.1.txt	binary.useful-correct	P_10	192	0.0000
reranked_top500_topicality0.9_correctness0.1.txt	binary.useful-correct	P_10	193	0.9000
reranked_top500_topicality0.9_correctness0.1.txt	binary.useful-correct	P_10	194	0.9000
reranked_top500_topicality0.9_correctness0.1.txt	binary.useful-correct	P_10	195	0.1000
reranked_top500_topicality0.9_correctness0.1.txt	binary.useful-correct	P_10	197	0.2000
reranked_top500_topicality0.9_correctness0.1.txt	binary.useful-correct	P_10	199	0.7000
reranked_top500_topicality0.9_correctness0.1.txt	binary.useful-correct	P_10	200	0.7000
reranked_top500_topicality0.9_correctness0.1.txt	binary.useful-correct	P_10	all	0.3889
reranked_top500_topicality0.9_correctness0.1.txt	binary.incorrect	P_10	151	0.4000
reranked_top500_topicality0.9_correctness0.1.txt	binary.incorrect	P_10	152	0.2000
reranked_top500_topicality0.9_correctness0.1.txt	binary.incorrect	P_10	153	0.7000
reranked_top500_topicality0.9_correctness0.1.txt	binary.incorrect	P_10	154	0.3000
reranked_top500_topicality0.9_correctness0.1.txt	binary.incorrect	P_10	155	0.4000
reranked_top500_topicality0.9_correctness0.1.txt	binary.incorrect	P_10	156	0.0000
reranked_top500_topicality0.9_correctness0.1.txt	binary.incorrect	P_10	157	0.0000
reranked_top500_topicality0.9_correctness0.1.txt	binary.incorrect	P_10	158	0.1000
reranked_top500_topicality0.9_correctness0.1.txt	binary.incorrect	P_10	159	0.5000
reranked_top500_topicality0.9_correctness0.1.txt	binary.incorrect	P_10	160	0.0000
reranked_top500_topicality0.9_correctness0.1.txt	binary.incorrect	P_10	161	0.0000
reranked_top500_topicality0.9_correctness0.1.txt	binary.incorrect	P_10	162	0.0000
reranked_top500_topicality0.9_correctness0.1.txt	binary.incorrect	P_10	163	0.0000
reranked_top500_topicality0.9_correctness0.1.txt	binary.incorrect	P_10	164	0.3000
reranked_top500_topicality0.9_correctness0.1.txt	binary.incorrect	P_10	167	0.5000
reranked_top500_topicality0.9_correctness0.1.txt	binary.incorrect	P_10	168	0.2000
reranked_top500_topicality0.9_correctness0.1.txt	binary.incorrect	P_10	170	1.0000
reranked_top500_topicality0.9_correctness0.1.txt	binary.incorrect	P_10	173	0.3000
reranked_top500_topicality0.9_correctness0.1.txt	binary.incorrect	P_10	175	0.0000
reranked_top500_topicality0.9_correctness0.1.txt	binary.incorrect	P_10	177	0.0000
reranked_top500_topicality0.9_correctness0.1.txt	binary.incorrect	P_10	178	0.0000
reranked_top500_topicality0.9_correctness0.1.txt	binary.incorrect	P_10	179	0.4000
reranked_top500_topicality0.9_correctness0.1.txt	binary.incorrect	P_10	181	0.0000
reranked_top500_topicality0.9_correctness0.1.txt	binary.incorrect	P_10	183	0.0000
reranked_top500_topicality0.9_correctness0.1.txt	binary.incorrect	P_10	184	0.7000
reranked_top500_topicality0.9_correctness0.1.txt	binary.incorrect	P_10	185	0.0000
reranked_top500_topicality0.9_correctness0.1.txt	binary.incorrect	P_10	186	0.4000
reranked_top500_topicality0.9_correctness0.1.txt	binary.incorrect	P_10	187	0.0000
reranked_top500_topicality0.9_correctness0.1.txt	binary.incorrect	P_10	188	0.0000
reranked_top500_topicality0.9_correctness0.1.txt	binary.incorrect	P_10	189	0.3000
reranked_top500_topicality0.9_correctness0.1.txt	binary.incorrect	P_10	190	0.1000
reranked_top500_topicality0.9_correctness0.1.txt	binary.incorrect	P_10	192	0.4000
reranked_top500_topicality0.9_correctness0.1.txt	binary.incorrect	P_10	193	0.0000
reranked_top500_topicality0.9_correctness0.1.txt	binary.incorrect	P_10	194	0.0000
reranked_top500_topicality0.9_correctness0.1.txt	binary.incorrect	P_10	195	0.1000
reranked_top500_topicality0.9_correctness0.1.txt	binary.incorrect	P_10	197	0.4000
reranked_top500_topicality0.9_correctness0.1.txt	binary.incorrect	P_10	199	0.0000
reranked_top500_topicality0.9_correctness0.1.txt	binary.incorrect	P_10	all	0.2081
reranked_top500_topicality0.9_correctness0.1.txt	binary.useful-correct	ndcg	151	0.5753
reranked_top500_topicality0.9_correctness0.1.txt	binary.useful-correct	ndcg	152	0.1353
reranked_top500_topicality0.9_correctness0.1.txt	binary.useful-correct	ndcg	153	0.1365
reranked_top500_topicality0.9_correctness0.1.txt	binary.useful-correct	ndcg	154	0.4658
reranked_top500_topicality0.9_correctness0.1.txt	binary.useful-correct	ndcg	155	0.5389
reranked_top500_topicality0.9_correctness0.1.txt	binary.useful-correct	ndcg	156	0.7323
reranked_top500_topicality0.9_correctness0.1.txt	binary.useful-correct	ndcg	157	0.6986
reranked_top500_topicality0.9_correctness0.1.txt	binary.useful-correct	ndcg	158	0.4210
reranked_top500_topicality0.9_correctness0.1.txt	binary.useful-correct	ndcg	159	0.2986
reranked_top500_topicality0.9_correctness0.1.txt	binary.useful-correct	ndcg	160	0.6704
reranked_top500_topicality0.9_correctness0.1.txt	binary.useful-correct	ndcg	161	0.7104
reranked_top500_topicality0.9_correctness0.1.txt	binary.useful-correct	ndcg	162	0.8407
reranked_top500_topicality0.9_correctness0.1.txt	binary.useful-correct	ndcg	163	0.8113
reranked_top500_topicality0.9_correctness0.1.txt	binary.useful-correct	ndcg	164	0.5228
reranked_top500_topicality0.9_correctness0.1.txt	binary.useful-correct	ndcg	165	0.0806
reranked_top500_topicality0.9_correctness0.1.txt	binary.useful-correct	ndcg	167	0.4795
reranked_top500_topicality0.9_correctness0.1.txt	binary.useful-correct	ndcg	168	0.3587
reranked_top500_topicality0.9_correctness0.1.txt	binary.useful-correct	ndcg	170	0.2556
reranked_top500_topicality0.9_correctness0.1.txt	binary.useful-correct	ndcg	171	0.6630
reranked_top500_topicality0.9_correctness0.1.txt	binary.useful-correct	ndcg	173	0.8275
reranked_top500_topicality0.9_correctness0.1.txt	binary.useful-correct	ndcg	174	0.7429
reranked_top500_topicality0.9_correctness0.1.txt	binary.useful-correct	ndcg	175	0.6811
reranked_top500_topicality0.9_correctness0.1.txt	binary.useful-correct	ndcg	176	0.6827
reranked_top500_topicality0.9_correctness0.1.txt	binary.useful-correct	ndcg	177	0.5237
reranked_top500_topicality0.9_correctness0.1.txt	binary.useful-correct	ndcg	178	0.7367
reranked_top500_topicality0.9_correctness0.1.txt	binary.useful-correct	ndcg	179	0.5243
reranked_top500_topicality0.9_correctness0.1.txt	binary.useful-correct	ndcg	180	0.4874
reranked_top500_topicality0.9_correctness0.1.txt	binary.useful-correct	ndcg	181	0.7329
reranked_top500_topicality0.9_correctness0.1.txt	binary.useful-correct	ndcg	182	0.3833
reranked_top500_topicality0.9_correctness0.1.txt	binary.useful-correct	ndcg	183	0.8115
reranked_top500_topicality0.9_correctness0.1.txt	binary.useful-correct	ndcg	184	0.4696
reranked_top500_topicality0.9_correctness0.1.txt	binary.useful-correct	ndcg	185	0.6141
reranked_top500_topicality0.9_correctness0.1.txt	binary.useful-correct	ndcg	186	0.4129
reranked_top500_topicality0.9_correctness0.1.txt	binary.useful-correct	ndcg	187	0.6963
reranked_top500_topicality0.9_correctness0.1.txt	binary.useful-correct	ndcg	188	0.5574
reranked_top500_topicality0.9_correctness0.1.txt	binary.useful-correct	ndcg	189	0.1068
reranked_top500_topicality0.9_correctness0.1.txt	binary.useful-correct	ndcg	190	0.7152
reranked_top500_topicality0.9_correctness0.1.txt	binary.useful-correct	ndcg	191	0.3886
reranked_top500_topicality0.9_correctness0.1.txt	binary.useful-correct	ndcg	192	0.3635
reranked_top500_topicality0.9_correctness0.1.txt	binary.useful-correct	ndcg	193	0.7801
reranked_top500_topicality0.9_correctness0.1.txt	binary.useful-correct	ndcg	194	0.7625
reranked_top500_topicality0.9_correctness0.1.txt	binary.useful-correct	ndcg	195	0.5712
reranked_top500_topicality0.9_correctness0.1.txt	binary.useful-correct	ndcg	197	0.4133
reranked_top500_topicality0.9_correctness0.1.txt	binary.useful-correct	ndcg	199	0.7719
reranked_top500_topicality0.9_correctness0.1.txt	binary.useful-correct	ndcg	200	0.7417
reranked_top500_topicality0.9_correctness0.1.txt	binary.useful-correct	ndcg	all	0.5532
reranked_top500_topicality0.9_correctness0.1.txt	graded.harmful-only	compatibility	151	0.3226
reranked_top500_topicality0.9_correctness0.1.txt	graded.harmful-only	compatibility	152	0.2084
reranked_top500_topicality0.9_correctness0.1.txt	graded.harmful-only	compatibility	153	0.5578
reranked_top500_topicality0.9_correctness0.1.txt	graded.harmful-only	compatibility	154	0.3024
reranked_top500_topicality0.9_correctness0.1.txt	graded.harmful-only	compatibility	155	0.3645
reranked_top500_topicality0.9_correctness0.1.txt	graded.harmful-only	compatibility	156	0.0000
reranked_top500_topicality0.9_correctness0.1.txt	graded.harmful-only	compatibility	157	0.0000
reranked_top500_topicality0.9_correctness0.1.txt	graded.harmful-only	compatibility	158	0.0526
reranked_top500_topicality0.9_correctness0.1.txt	graded.harmful-only	compatibility	159	0.2684
reranked_top500_topicality0.9_correctness0.1.txt	graded.harmful-only	compatibility	160	0.0000
reranked_top500_topicality0.9_correctness0.1.txt	graded.harmful-only	compatibility	161	0.0368
reranked_top500_topicality0.9_correctness0.1.txt	graded.harmful-only	compatibility	162	0.0000
reranked_top500_topicality0.9_correctness0.1.txt	graded.harmful-only	compatibility	163	0.0053
reranked_top500_topicality0.9_correctness0.1.txt	graded.harmful-only	compatibility	164	0.3761
reranked_top500_topicality0.9_correctness0.1.txt	graded.harmful-only	compatibility	167	0.3249
reranked_top500_topicality0.9_correctness0.1.txt	graded.harmful-only	compatibility	168	0.2261
reranked_top500_topicality0.9_correctness0.1.txt	graded.harmful-only	compatibility	170	0.2218
reranked_top500_topicality0.9_correctness0.1.txt	graded.harmful-only	compatibility	173	0.2712
reranked_top500_topicality0.9_correctness0.1.txt	graded.harmful-only	compatibility	175	0.0660
reranked_top500_topicality0.9_correctness0.1.txt	graded.harmful-only	compatibility	177	0.0518
reranked_top500_topicality0.9_correctness0.1.txt	graded.harmful-only	compatibility	178	0.0150
reranked_top500_topicality0.9_correctness0.1.txt	graded.harmful-only	compatibility	179	0.1599
reranked_top500_topicality0.9_correctness0.1.txt	graded.harmful-only	compatibility	181	0.1659
reranked_top500_topicality0.9_correctness0.1.txt	graded.harmful-only	compatibility	183	0.0000
reranked_top500_topicality0.9_correctness0.1.txt	graded.harmful-only	compatibility	184	0.2293
reranked_top500_topicality0.9_correctness0.1.txt	graded.harmful-only	compatibility	185	0.0000
reranked_top500_topicality0.9_correctness0.1.txt	graded.harmful-only	compatibility	186	0.3149
reranked_top500_topicality0.9_correctness0.1.txt	graded.harmful-only	compatibility	187	0.0076
reranked_top500_topicality0.9_correctness0.1.txt	graded.harmful-only	compatibility	188	0.0422
reranked_top500_topicality0.9_correctness0.1.txt	graded.harmful-only	compatibility	189	0.2112
reranked_top500_topicality0.9_correctness0.1.txt	graded.harmful-only	compatibility	190	0.0367
reranked_top500_topicality0.9_correctness0.1.txt	graded.harmful-only	compatibility	192	0.3068
reranked_top500_topicality0.9_correctness0.1.txt	graded.harmful-only	compatibility	193	0.0000
reranked_top500_topicality0.9_correctness0.1.txt	graded.harmful-only	compatibility	194	0.0000
reranked_top500_topicality0.9_correctness0.1.txt	graded.harmful-only	compatibility	195	0.0639
reranked_top500_topicality0.9_correctness0.1.txt	graded.harmful-only	compatibility	197	0.4862
reranked_top500_topicality0.9_correctness0.1.txt	graded.harmful-only	compatibility	199	0.0210
reranked_top500_topicality0.9_correctness0.1.txt	graded.harmful-only	compatibility	all	0.1545
reranked_top500_topicality0.9_correctness0.1.txt	graded.helpful-only	compatibility	151	0.2050
reranked_top500_topicality0.9_correctness0.1.txt	graded.helpful-only	compatibility	152	0.2451
reranked_top500_topicality0.9_correctness0.1.txt	graded.helpful-only	compatibility	153	0.0123
reranked_top500_topicality0.9_correctness0.1.txt	graded.helpful-only	compatibility	154	0.2137
reranked_top500_topicality0.9_correctness0.1.txt	graded.helpful-only	compatibility	155	0.2270
reranked_top500_topicality0.9_correctness0.1.txt	graded.helpful-only	compatibility	156	0.8068
reranked_top500_topicality0.9_correctness0.1.txt	graded.helpful-only	compatibility	157	0.2161
reranked_top500_topicality0.9_correctness0.1.txt	graded.helpful-only	compatibility	158	0.0332
reranked_top500_topicality0.9_correctness0.1.txt	graded.helpful-only	compatibility	159	0.1254
reranked_top500_topicality0.9_correctness0.1.txt	graded.helpful-only	compatibility	160	0.2040
reranked_top500_topicality0.9_correctness0.1.txt	graded.helpful-only	compatibility	161	0.3286
reranked_top500_topicality0.9_correctness0.1.txt	graded.helpful-only	compatibility	162	0.3468
reranked_top500_topicality0.9_correctness0.1.txt	graded.helpful-only	compatibility	163	0.2945
reranked_top500_topicality0.9_correctness0.1.txt	graded.helpful-only	compatibility	164	0.1671
reranked_top500_topicality0.9_correctness0.1.txt	graded.helpful-only	compatibility	165	0.0055
reranked_top500_topicality0.9_correctness0.1.txt	graded.helpful-only	compatibility	167	0.1733
reranked_top500_topicality0.9_correctness0.1.txt	graded.helpful-only	compatibility	168	0.0597
reranked_top500_topicality0.9_correctness0.1.txt	graded.helpful-only	compatibility	170	0.0191
reranked_top500_topicality0.9_correctness0.1.txt	graded.helpful-only	compatibility	171	0.2877
reranked_top500_topicality0.9_correctness0.1.txt	graded.helpful-only	compatibility	173	0.2896
reranked_top500_topicality0.9_correctness0.1.txt	graded.helpful-only	compatibility	174	0.2064
reranked_top500_topicality0.9_correctness0.1.txt	graded.helpful-only	compatibility	175	0.1410
reranked_top500_topicality0.9_correctness0.1.txt	graded.helpful-only	compatibility	176	0.3821
reranked_top500_topicality0.9_correctness0.1.txt	graded.helpful-only	compatibility	177	0.0494
reranked_top500_topicality0.9_correctness0.1.txt	graded.helpful-only	compatibility	178	0.2561
reranked_top500_topicality0.9_correctness0.1.txt	graded.helpful-only	compatibility	179	0.2383
reranked_top500_topicality0.9_correctness0.1.txt	graded.helpful-only	compatibility	180	0.1655
reranked_top500_topicality0.9_correctness0.1.txt	graded.helpful-only	compatibility	181	0.2546
reranked_top500_topicality0.9_correctness0.1.txt	graded.helpful-only	compatibility	182	0.1255
reranked_top500_topicality0.9_correctness0.1.txt	graded.helpful-only	compatibility	183	0.7383
reranked_top500_topicality0.9_correctness0.1.txt	graded.helpful-only	compatibility	184	0.2521
reranked_top500_topicality0.9_correctness0.1.txt	graded.helpful-only	compatibility	185	0.2762
reranked_top500_topicality0.9_correctness0.1.txt	graded.helpful-only	compatibility	186	0.0152
reranked_top500_topicality0.9_correctness0.1.txt	graded.helpful-only	compatibility	187	0.0493
reranked_top500_topicality0.9_correctness0.1.txt	graded.helpful-only	compatibility	188	0.0805
reranked_top500_topicality0.9_correctness0.1.txt	graded.helpful-only	compatibility	189	0.0330
reranked_top500_topicality0.9_correctness0.1.txt	graded.helpful-only	compatibility	190	0.1765
reranked_top500_topicality0.9_correctness0.1.txt	graded.helpful-only	compatibility	191	0.0766
reranked_top500_topicality0.9_correctness0.1.txt	graded.helpful-only	compatibility	192	0.0246
reranked_top500_topicality0.9_correctness0.1.txt	graded.helpful-only	compatibility	193	0.3359
reranked_top500_topicality0.9_correctness0.1.txt	graded.helpful-only	compatibility	194	0.2231
reranked_top500_topicality0.9_correctness0.1.txt	graded.helpful-only	compatibility	195	0.1173
reranked_top500_topicality0.9_correctness0.1.txt	graded.helpful-only	compatibility	197	0.1161
reranked_top500_topicality0.9_correctness0.1.txt	graded.helpful-only	compatibility	199	0.2493
reranked_top500_topicality0.9_correctness0.1.txt	graded.helpful-only	compatibility	200	0.0899
reranked_top500_topicality0.9_correctness0.1.txt	graded.helpful-only	compatibility	all	0.1985
