run	qrels	measure	topic	score
run.misinfo-2022-query.bm25.txt	graded.usefulness	ndcg	151	0.6210
run.misinfo-2022-query.bm25.txt	graded.usefulness	ndcg	152	0.2329
run.misinfo-2022-query.bm25.txt	graded.usefulness	ndcg	153	0.6925
run.misinfo-2022-query.bm25.txt	graded.usefulness	ndcg	154	0.5212
run.misinfo-2022-query.bm25.txt	graded.usefulness	ndcg	155	0.7158
run.misinfo-2022-query.bm25.txt	graded.usefulness	ndcg	156	0.6674
run.misinfo-2022-query.bm25.txt	graded.usefulness	ndcg	157	0.6531
run.misinfo-2022-query.bm25.txt	graded.usefulness	ndcg	158	0.4752
run.misinfo-2022-query.bm25.txt	graded.usefulness	ndcg	159	0.7504
run.misinfo-2022-query.bm25.txt	graded.usefulness	ndcg	160	0.4522
run.misinfo-2022-query.bm25.txt	graded.usefulness	ndcg	161	0.3697
run.misinfo-2022-query.bm25.txt	graded.usefulness	ndcg	162	0.8254
run.misinfo-2022-query.bm25.txt	graded.usefulness	ndcg	163	0.5995
run.misinfo-2022-query.bm25.txt	graded.usefulness	ndcg	164	0.4929
run.misinfo-2022-query.bm25.txt	graded.usefulness	ndcg	165	0.0440
run.misinfo-2022-query.bm25.txt	graded.usefulness	ndcg	167	0.4042
run.misinfo-2022-query.bm25.txt	graded.usefulness	ndcg	168	0.3363
run.misinfo-2022-query.bm25.txt	graded.usefulness	ndcg	170	0.5157
run.misinfo-2022-query.bm25.txt	graded.usefulness	ndcg	171	0.6135
run.misinfo-2022-query.bm25.txt	graded.usefulness	ndcg	173	0.8580
run.misinfo-2022-query.bm25.txt	graded.usefulness	ndcg	174	0.7631
run.misinfo-2022-query.bm25.txt	graded.usefulness	ndcg	175	0.4840
run.misinfo-2022-query.bm25.txt	graded.usefulness	ndcg	176	0.6551
run.misinfo-2022-query.bm25.txt	graded.usefulness	ndcg	177	0.6379
run.misinfo-2022-query.bm25.txt	graded.usefulness	ndcg	178	0.6981
run.misinfo-2022-query.bm25.txt	graded.usefulness	ndcg	179	0.6760
run.misinfo-2022-query.bm25.txt	graded.usefulness	ndcg	180	0.4217
run.misinfo-2022-query.bm25.txt	graded.usefulness	ndcg	181	0.6060
run.misinfo-2022-query.bm25.txt	graded.usefulness	ndcg	182	0.5560
run.misinfo-2022-query.bm25.txt	graded.usefulness	ndcg	183	0.2881
run.misinfo-2022-query.bm25.txt	graded.usefulness	ndcg	184	0.4481
run.misinfo-2022-query.bm25.txt	graded.usefulness	ndcg	185	0.6040
run.misinfo-2022-query.bm25.txt	graded.usefulness	ndcg	186	0.6692
run.misinfo-2022-query.bm25.txt	graded.usefulness	ndcg	187	0.5830
run.misinfo-2022-query.bm25.txt	graded.usefulness	ndcg	188	0.1324
run.misinfo-2022-query.bm25.txt	graded.usefulness	ndcg	189	0.4314
run.misinfo-2022-query.bm25.txt	graded.usefulness	ndcg	190	0.5223
run.misinfo-2022-query.bm25.txt	graded.usefulness	ndcg	191	0.3643
run.misinfo-2022-query.bm25.txt	graded.usefulness	ndcg	192	0.5831
run.misinfo-2022-query.bm25.txt	graded.usefulness	ndcg	193	0.7406
run.misinfo-2022-query.bm25.txt	graded.usefulness	ndcg	194	0.6804
run.misinfo-2022-query.bm25.txt	graded.usefulness	ndcg	195	0.5239
run.misinfo-2022-query.bm25.txt	graded.usefulness	ndcg	197	0.2872
run.misinfo-2022-query.bm25.txt	graded.usefulness	ndcg	199	0.6355
run.misinfo-2022-query.bm25.txt	graded.usefulness	ndcg	200	0.5006
run.misinfo-2022-query.bm25.txt	graded.usefulness	ndcg	all	0.5407
run.misinfo-2022-query.bm25.txt	binary.useful-correct	P_10	151	0.3000
run.misinfo-2022-query.bm25.txt	binary.useful-correct	P_10	152	0.0000
run.misinfo-2022-query.bm25.txt	binary.useful-correct	P_10	153	0.0000
run.misinfo-2022-query.bm25.txt	binary.useful-correct	P_10	154	0.4000
run.misinfo-2022-query.bm25.txt	binary.useful-correct	P_10	155	0.3000
run.misinfo-2022-query.bm25.txt	binary.useful-correct	P_10	156	0.7000
run.misinfo-2022-query.bm25.txt	binary.useful-correct	P_10	157	0.5000
run.misinfo-2022-query.bm25.txt	binary.useful-correct	P_10	158	0.2000
run.misinfo-2022-query.bm25.txt	binary.useful-correct	P_10	159	0.0000
run.misinfo-2022-query.bm25.txt	binary.useful-correct	P_10	160	0.2000
run.misinfo-2022-query.bm25.txt	binary.useful-correct	P_10	161	0.1000
run.misinfo-2022-query.bm25.txt	binary.useful-correct	P_10	162	1.0000
run.misinfo-2022-query.bm25.txt	binary.useful-correct	P_10	163	0.5000
run.misinfo-2022-query.bm25.txt	binary.useful-correct	P_10	164	0.3000
run.misinfo-2022-query.bm25.txt	binary.useful-correct	P_10	165	0.0000
run.misinfo-2022-query.bm25.txt	binary.useful-correct	P_10	167	0.2000
run.misinfo-2022-query.bm25.txt	binary.useful-correct	P_10	168	0.0000
run.misinfo-2022-query.bm25.txt	binary.useful-correct	P_10	170	0.3000
run.misinfo-2022-query.bm25.txt	binary.useful-correct	P_10	171	0.8000
run.misinfo-2022-query.bm25.txt	binary.useful-correct	P_10	173	0.6000
run.misinfo-2022-query.bm25.txt	binary.useful-correct	P_10	174	0.8000
run.misinfo-2022-query.bm25.txt	binary.useful-correct	P_10	175	0.4000
run.misinfo-2022-query.bm25.txt	binary.useful-correct	P_10	176	0.7000
run.misinfo-2022-query.bm25.txt	binary.useful-correct	P_10	177	0.3000
run.misinfo-2022-query.bm25.txt	binary.useful-correct	P_10	178	0.5000
run.misinfo-2022-query.bm25.txt	binary.useful-correct	P_10	179	0.3000
run.misinfo-2022-query.bm25.txt	binary.useful-correct	P_10	180	0.2000
run.misinfo-2022-query.bm25.txt	binary.useful-correct	P_10	181	0.6000
run.misinfo-2022-query.bm25.txt	binary.useful-correct	P_10	182	0.4000
run.misinfo-2022-query.bm25.txt	binary.useful-correct	P_10	183	0.2000
run.misinfo-2022-query.bm25.txt	binary.useful-correct	P_10	184	0.0000
run.misinfo-2022-query.bm25.txt	binary.useful-correct	P_10	185	1.0000
run.misinfo-2022-query.bm25.txt	binary.useful-correct	P_10	186	0.2000
run.misinfo-2022-query.bm25.txt	binary.useful-correct	P_10	187	0.9000
run.misinfo-2022-query.bm25.txt	binary.useful-correct	P_10	188	0.0000
run.misinfo-2022-query.bm25.txt	binary.useful-correct	P_10	189	0.0000
run.misinfo-2022-query.bm25.txt	binary.useful-correct	P_10	190	0.5000
run.misinfo-2022-query.bm25.txt	binary.useful-correct	P_10	191	0.2000
run.misinfo-2022-query.bm25.txt	binary.useful-correct	P_10	192	0.1000
run.misinfo-2022-query.bm25.txt	binary.useful-correct	P_10	193	1.0000
run.misinfo-2022-query.bm25.txt	binary.useful-correct	P_10	194	0.8000
run.misinfo-2022-query.bm25.txt	binary.useful-correct	P_10	195	0.0000
run.misinfo-2022-query.bm25.txt	binary.useful-correct	P_10	197	0.0000
run.misinfo-2022-query.bm25.txt	binary.useful-correct	P_10	199	0.9000
run.misinfo-2022-query.bm25.txt	binary.useful-correct	P_10	200	0.7000
run.misinfo-2022-query.bm25.txt	binary.useful-correct	P_10	all	0.3800
run.misinfo-2022-query.bm25.txt	binary.incorrect	P_10	151	0.3000
run.misinfo-2022-query.bm25.txt	binary.incorrect	P_10	152	0.0000
run.misinfo-2022-query.bm25.txt	binary.incorrect	P_10	153	0.7000
run.misinfo-2022-query.bm25.txt	binary.incorrect	P_10	154	0.3000
run.misinfo-2022-query.bm25.txt	binary.incorrect	P_10	155	0.3000
run.misinfo-2022-query.bm25.txt	binary.incorrect	P_10	156	0.0000
run.misinfo-2022-query.bm25.txt	binary.incorrect	P_10	157	0.0000
run.misinfo-2022-query.bm25.txt	binary.incorrect	P_10	158	0.2000
run.misinfo-2022-query.bm25.txt	binary.incorrect	P_10	159	0.7000
run.misinfo-2022-query.bm25.txt	binary.incorrect	P_10	160	0.0000
run.misinfo-2022-query.bm25.txt	binary.incorrect	P_10	161	0.1000
run.misinfo-2022-query.bm25.txt	binary.incorrect	P_10	162	0.0000
run.misinfo-2022-query.bm25.txt	binary.incorrect	P_10	163	0.0000
run.misinfo-2022-query.bm25.txt	binary.incorrect	P_10	164	0.2000
run.misinfo-2022-query.bm25.txt	binary.incorrect	P_10	167	0.3000
run.misinfo-2022-query.bm25.txt	binary.incorrect	P_10	168	0.0000
run.misinfo-2022-query.bm25.txt	binary.incorrect	P_10	170	0.5000
run.misinfo-2022-query.bm25.txt	binary.incorrect	P_10	173	0.3000
run.misinfo-2022-query.bm25.txt	binary.incorrect	P_10	175	0.0000
run.misinfo-2022-query.bm25.txt	binary.incorrect	P_10	177	0.1000
run.misinfo-2022-query.bm25.txt	binary.incorrect	P_10	178	0.0000
run.misinfo-2022-query.bm25.txt	binary.incorrect	P_10	179	0.4000
run.misinfo-2022-query.bm25.txt	binary.incorrect	P_10	181	0.1000
run.misinfo-2022-query.bm25.txt	binary.incorrect	P_10	183	0.0000
run.misinfo-2022-query.bm25.txt	binary.incorrect	P_10	184	0.0000
run.misinfo-2022-query.bm25.txt	binary.incorrect	P_10	185	0.0000
run.misinfo-2022-query.bm25.txt	binary.incorrect	P_10	186	0.4000
run.misinfo-2022-query.bm25.txt	binary.incorrect	P_10	187	0.0000
run.misinfo-2022-query.bm25.txt	binary.incorrect	P_10	188	0.0000
run.misinfo-2022-query.bm25.txt	binary.incorrect	P_10	189	0.3000
run.misinfo-2022-query.bm25.txt	binary.incorrect	P_10	190	0.1000
run.misinfo-2022-query.bm25.txt	binary.incorrect	P_10	192	0.3000
run.misinfo-2022-query.bm25.txt	binary.incorrect	P_10	193	0.0000
run.misinfo-2022-query.bm25.txt	binary.incorrect	P_10	194	0.0000
run.misinfo-2022-query.bm25.txt	binary.incorrect	P_10	195	0.2000
run.misinfo-2022-query.bm25.txt	binary.incorrect	P_10	197	0.2000
run.misinfo-2022-query.bm25.txt	binary.incorrect	P_10	199	0.0000
run.misinfo-2022-query.bm25.txt	binary.incorrect	P_10	all	0.1622
run.misinfo-2022-query.bm25.txt	binary.useful-correct	ndcg	151	0.5634
run.misinfo-2022-query.bm25.txt	binary.useful-correct	ndcg	152	0.0000
run.misinfo-2022-query.bm25.txt	binary.useful-correct	ndcg	153	0.0780
run.misinfo-2022-query.bm25.txt	binary.useful-correct	ndcg	154	0.2887
run.misinfo-2022-query.bm25.txt	binary.useful-correct	ndcg	155	0.5218
run.misinfo-2022-query.bm25.txt	binary.useful-correct	ndcg	156	0.6701
run.misinfo-2022-query.bm25.txt	binary.useful-correct	ndcg	157	0.5947
run.misinfo-2022-query.bm25.txt	binary.useful-correct	ndcg	158	0.3325
run.misinfo-2022-query.bm25.txt	binary.useful-correct	ndcg	159	0.2557
run.misinfo-2022-query.bm25.txt	binary.useful-correct	ndcg	160	0.4200
run.misinfo-2022-query.bm25.txt	binary.useful-correct	ndcg	161	0.4961
run.misinfo-2022-query.bm25.txt	binary.useful-correct	ndcg	162	0.8392
run.misinfo-2022-query.bm25.txt	binary.useful-correct	ndcg	163	0.6311
run.misinfo-2022-query.bm25.txt	binary.useful-correct	ndcg	164	0.4764
run.misinfo-2022-query.bm25.txt	binary.useful-correct	ndcg	165	0.0420
run.misinfo-2022-query.bm25.txt	binary.useful-correct	ndcg	167	0.3165
run.misinfo-2022-query.bm25.txt	binary.useful-correct	ndcg	168	0.1549
run.misinfo-2022-query.bm25.txt	binary.useful-correct	ndcg	170	0.3809
run.misinfo-2022-query.bm25.txt	binary.useful-correct	ndcg	171	0.6266
run.misinfo-2022-query.bm25.txt	binary.useful-correct	ndcg	173	0.8258
run.misinfo-2022-query.bm25.txt	binary.useful-correct	ndcg	174	0.7923
run.misinfo-2022-query.bm25.txt	binary.useful-correct	ndcg	175	0.4934
run.misinfo-2022-query.bm25.txt	binary.useful-correct	ndcg	176	0.6806
run.misinfo-2022-query.bm25.txt	binary.useful-correct	ndcg	177	0.5376
run.misinfo-2022-query.bm25.txt	binary.useful-correct	ndcg	178	0.7090
run.misinfo-2022-query.bm25.txt	binary.useful-correct	ndcg	179	0.6036
run.misinfo-2022-query.bm25.txt	binary.useful-correct	ndcg	180	0.4520
run.misinfo-2022-query.bm25.txt	binary.useful-correct	ndcg	181	0.6041
run.misinfo-2022-query.bm25.txt	binary.useful-correct	ndcg	182	0.5619
run.misinfo-2022-query.bm25.txt	binary.useful-correct	ndcg	183	0.2922
run.misinfo-2022-query.bm25.txt	binary.useful-correct	ndcg	184	0.1939
run.misinfo-2022-query.bm25.txt	binary.useful-correct	ndcg	185	0.5842
run.misinfo-2022-query.bm25.txt	binary.useful-correct	ndcg	186	0.4580
run.misinfo-2022-query.bm25.txt	binary.useful-correct	ndcg	187	0.6242
run.misinfo-2022-query.bm25.txt	binary.useful-correct	ndcg	188	0.1563
run.misinfo-2022-query.bm25.txt	binary.useful-correct	ndcg	189	0.0575
run.misinfo-2022-query.bm25.txt	binary.useful-correct	ndcg	190	0.6282
run.misinfo-2022-query.bm25.txt	binary.useful-correct	ndcg	191	0.3885
run.misinfo-2022-query.bm25.txt	binary.useful-correct	ndcg	192	0.3980
run.misinfo-2022-query.bm25.txt	binary.useful-correct	ndcg	193	0.7625
run.misinfo-2022-query.bm25.txt	binary.useful-correct	ndcg	194	0.7444
run.misinfo-2022-query.bm25.txt	binary.useful-correct	ndcg	195	0.5508
run.misinfo-2022-query.bm25.txt	binary.useful-correct	ndcg	197	0.0842
run.misinfo-2022-query.bm25.txt	binary.useful-correct	ndcg	199	0.6489
run.misinfo-2022-query.bm25.txt	binary.useful-correct	ndcg	200	0.5658
run.misinfo-2022-query.bm25.txt	binary.useful-correct	ndcg	all	0.4686
run.misinfo-2022-query.bm25.txt	graded.harmful-only	compatibility	151	0.2696
run.misinfo-2022-query.bm25.txt	graded.harmful-only	compatibility	152	0.0331
run.misinfo-2022-query.bm25.txt	graded.harmful-only	compatibility	153	0.6574
run.misinfo-2022-query.bm25.txt	graded.harmful-only	compatibility	154	0.2642
run.misinfo-2022-query.bm25.txt	graded.harmful-only	compatibility	155	0.3141
run.misinfo-2022-query.bm25.txt	graded.harmful-only	compatibility	156	0.0003
run.misinfo-2022-query.bm25.txt	graded.harmful-only	compatibility	157	0.0000
run.misinfo-2022-query.bm25.txt	graded.harmful-only	compatibility	158	0.1230
run.misinfo-2022-query.bm25.txt	graded.harmful-only	compatibility	159	0.4916
run.misinfo-2022-query.bm25.txt	graded.harmful-only	compatibility	160	0.0000
run.misinfo-2022-query.bm25.txt	graded.harmful-only	compatibility	161	0.0830
run.misinfo-2022-query.bm25.txt	graded.harmful-only	compatibility	162	0.0000
run.misinfo-2022-query.bm25.txt	graded.harmful-only	compatibility	163	0.0213
run.misinfo-2022-query.bm25.txt	graded.harmful-only	compatibility	164	0.3371
run.misinfo-2022-query.bm25.txt	graded.harmful-only	compatibility	167	0.1905
run.misinfo-2022-query.bm25.txt	graded.harmful-only	compatibility	168	0.0532
run.misinfo-2022-query.bm25.txt	graded.harmful-only	compatibility	170	0.2277
run.misinfo-2022-query.bm25.txt	graded.harmful-only	compatibility	173	0.2614
run.misinfo-2022-query.bm25.txt	graded.harmful-only	compatibility	175	0.0000
run.misinfo-2022-query.bm25.txt	graded.harmful-only	compatibility	177	0.1885
run.misinfo-2022-query.bm25.txt	graded.harmful-only	compatibility	178	0.0163
run.misinfo-2022-query.bm25.txt	graded.harmful-only	compatibility	179	0.1591
run.misinfo-2022-query.bm25.txt	graded.harmful-only	compatibility	181	0.1846
run.misinfo-2022-query.bm25.txt	graded.harmful-only	compatibility	183	0.0000
run.misinfo-2022-query.bm25.txt	graded.harmful-only	compatibility	184	0.0225
run.misinfo-2022-query.bm25.txt	graded.harmful-only	compatibility	185	0.0000
run.misinfo-2022-query.bm25.txt	graded.harmful-only	compatibility	186	0.3260
run.misinfo-2022-query.bm25.txt	graded.harmful-only	compatibility	187	0.0197
run.misinfo-2022-query.bm25.txt	graded.harmful-only	compatibility	188	0.0000
run.misinfo-2022-query.bm25.txt	graded.harmful-only	compatibility	189	0.3138
run.misinfo-2022-query.bm25.txt	graded.harmful-only	compatibility	190	0.0443
run.misinfo-2022-query.bm25.txt	graded.harmful-only	compatibility	192	0.2721
run.misinfo-2022-query.bm25.txt	graded.harmful-only	compatibility	193	0.0000
run.misinfo-2022-query.bm25.txt	graded.harmful-only	compatibility	194	0.0000
run.misinfo-2022-query.bm25.txt	graded.harmful-only	compatibility	195	0.1216
run.misinfo-2022-query.bm25.txt	graded.harmful-only	compatibility	197	0.2646
run.misinfo-2022-query.bm25.txt	graded.harmful-only	compatibility	199	0.0622
run.misinfo-2022-query.bm25.txt	graded.harmful-only	compatibility	all	0.1439
run.misinfo-2022-query.bm25.txt	graded.helpful-only	compatibility	151	0.2043
run.misinfo-2022-query.bm25.txt	graded.helpful-only	compatibility	152	0.0068
run.misinfo-2022-query.bm25.txt	graded.helpful-only	compatibility	153	0.1308
run.misinfo-2022-query.bm25.txt	graded.helpful-only	compatibility	154	0.3363
run.misinfo-2022-query.bm25.txt	graded.helpful-only	compatibility	155	0.2096
run.misinfo-2022-query.bm25.txt	graded.helpful-only	compatibility	156	0.7189
run.misinfo-2022-query.bm25.txt	graded.helpful-only	compatibility	157	0.1732
run.misinfo-2022-query.bm25.txt	graded.helpful-only	compatibility	158	0.0325
run.misinfo-2022-query.bm25.txt	graded.helpful-only	compatibility	159	0.0584
run.misinfo-2022-query.bm25.txt	graded.helpful-only	compatibility	160	0.0797
run.misinfo-2022-query.bm25.txt	graded.helpful-only	compatibility	161	0.1562
run.misinfo-2022-query.bm25.txt	graded.helpful-only	compatibility	162	0.3432
run.misinfo-2022-query.bm25.txt	graded.helpful-only	compatibility	163	0.1672
run.misinfo-2022-query.bm25.txt	graded.helpful-only	compatibility	164	0.1579
run.misinfo-2022-query.bm25.txt	graded.helpful-only	compatibility	165	0.0004
run.misinfo-2022-query.bm25.txt	graded.helpful-only	compatibility	167	0.0904
run.misinfo-2022-query.bm25.txt	graded.helpful-only	compatibility	168	0.0000
run.misinfo-2022-query.bm25.txt	graded.helpful-only	compatibility	170	0.2333
run.misinfo-2022-query.bm25.txt	graded.helpful-only	compatibility	171	0.3133
run.misinfo-2022-query.bm25.txt	graded.helpful-only	compatibility	173	0.2855
run.misinfo-2022-query.bm25.txt	graded.helpful-only	compatibility	174	0.2301
run.misinfo-2022-query.bm25.txt	graded.helpful-only	compatibility	175	0.2264
run.misinfo-2022-query.bm25.txt	graded.helpful-only	compatibility	176	0.3857
run.misinfo-2022-query.bm25.txt	graded.helpful-only	compatibility	177	0.0964
run.misinfo-2022-query.bm25.txt	graded.helpful-only	compatibility	178	0.2750
run.misinfo-2022-query.bm25.txt	graded.helpful-only	compatibility	179	0.2350
run.misinfo-2022-query.bm25.txt	graded.helpful-only	compatibility	180	0.1485
run.misinfo-2022-query.bm25.txt	graded.helpful-only	compatibility	181	0.3123
run.misinfo-2022-query.bm25.txt	graded.helpful-only	compatibility	182	0.2077
run.misinfo-2022-query.bm25.txt	graded.helpful-only	compatibility	183	0.2133
run.misinfo-2022-query.bm25.txt	graded.helpful-only	compatibility	184	0.0003
run.misinfo-2022-query.bm25.txt	graded.helpful-only	compatibility	185	0.3750
run.misinfo-2022-query.bm25.txt	graded.helpful-only	compatibility	186	0.0992
run.misinfo-2022-query.bm25.txt	graded.helpful-only	compatibility	187	0.0216
run.misinfo-2022-query.bm25.txt	graded.helpful-only	compatibility	188	0.0269
run.misinfo-2022-query.bm25.txt	graded.helpful-only	compatibility	189	0.0000
run.misinfo-2022-query.bm25.txt	graded.helpful-only	compatibility	190	0.0926
run.misinfo-2022-query.bm25.txt	graded.helpful-only	compatibility	191	0.0721
run.misinfo-2022-query.bm25.txt	graded.helpful-only	compatibility	192	0.0549
run.misinfo-2022-query.bm25.txt	graded.helpful-only	compatibility	193	0.3612
run.misinfo-2022-query.bm25.txt	graded.helpful-only	compatibility	194	0.2336
run.misinfo-2022-query.bm25.txt	graded.helpful-only	compatibility	195	0.0838
run.misinfo-2022-query.bm25.txt	graded.helpful-only	compatibility	197	0.0144
run.misinfo-2022-query.bm25.txt	graded.helpful-only	compatibility	199	0.2477
run.misinfo-2022-query.bm25.txt	graded.helpful-only	compatibility	200	0.0715
run.misinfo-2022-query.bm25.txt	graded.helpful-only	compatibility	all	0.1730
