run	qrels	measure	topic	score
reranked_top500_topicality0.9_correctness0.1.txt	2aspects.correct-credible	cam_map	101	0.1222
reranked_top500_topicality0.9_correctness0.1.txt	2aspects.correct-credible	cam_map	102	0.0742
reranked_top500_topicality0.9_correctness0.1.txt	2aspects.correct-credible	cam_map	103	0.1768
reranked_top500_topicality0.9_correctness0.1.txt	2aspects.correct-credible	cam_map	104	0.1054
reranked_top500_topicality0.9_correctness0.1.txt	2aspects.correct-credible	cam_map	105	0.1149
reranked_top500_topicality0.9_correctness0.1.txt	2aspects.correct-credible	cam_map	106	0.3299
reranked_top500_topicality0.9_correctness0.1.txt	2aspects.correct-credible	cam_map	107	0.1746
reranked_top500_topicality0.9_correctness0.1.txt	2aspects.correct-credible	cam_map	108	0.1475
reranked_top500_topicality0.9_correctness0.1.txt	2aspects.correct-credible	cam_map	109	0.2272
reranked_top500_topicality0.9_correctness0.1.txt	2aspects.correct-credible	cam_map	110	0.3076
reranked_top500_topicality0.9_correctness0.1.txt	2aspects.correct-credible	cam_map	111	0.1058
reranked_top500_topicality0.9_correctness0.1.txt	2aspects.correct-credible	cam_map	112	0.0163
reranked_top500_topicality0.9_correctness0.1.txt	2aspects.correct-credible	cam_map	114	0.0155
reranked_top500_topicality0.9_correctness0.1.txt	2aspects.correct-credible	cam_map	115	0.2821
reranked_top500_topicality0.9_correctness0.1.txt	2aspects.correct-credible	cam_map	117	0.0940
reranked_top500_topicality0.9_correctness0.1.txt	2aspects.correct-credible	cam_map	118	0.5126
reranked_top500_topicality0.9_correctness0.1.txt	2aspects.correct-credible	cam_map	120	0.2381
reranked_top500_topicality0.9_correctness0.1.txt	2aspects.correct-credible	cam_map	121	0.0065
reranked_top500_topicality0.9_correctness0.1.txt	2aspects.correct-credible	cam_map	122	0.0679
reranked_top500_topicality0.9_correctness0.1.txt	2aspects.correct-credible	cam_map	127	0.2570
reranked_top500_topicality0.9_correctness0.1.txt	2aspects.correct-credible	cam_map	128	0.3377
reranked_top500_topicality0.9_correctness0.1.txt	2aspects.correct-credible	cam_map	129	0.1783
reranked_top500_topicality0.9_correctness0.1.txt	2aspects.correct-credible	cam_map	131	0.2620
reranked_top500_topicality0.9_correctness0.1.txt	2aspects.correct-credible	cam_map	132	0.0583
reranked_top500_topicality0.9_correctness0.1.txt	2aspects.correct-credible	cam_map	133	0.1956
reranked_top500_topicality0.9_correctness0.1.txt	2aspects.correct-credible	cam_map	134	0.2041
reranked_top500_topicality0.9_correctness0.1.txt	2aspects.correct-credible	cam_map	136	0.1676
reranked_top500_topicality0.9_correctness0.1.txt	2aspects.correct-credible	cam_map	137	0.0478
reranked_top500_topicality0.9_correctness0.1.txt	2aspects.correct-credible	cam_map	139	0.0468
reranked_top500_topicality0.9_correctness0.1.txt	2aspects.correct-credible	cam_map	140	0.1389
reranked_top500_topicality0.9_correctness0.1.txt	2aspects.correct-credible	cam_map	143	0.2094
reranked_top500_topicality0.9_correctness0.1.txt	2aspects.correct-credible	cam_map	144	0.1714
reranked_top500_topicality0.9_correctness0.1.txt	2aspects.correct-credible	cam_map	145	0.2059
reranked_top500_topicality0.9_correctness0.1.txt	2aspects.correct-credible	cam_map	146	0.2413
reranked_top500_topicality0.9_correctness0.1.txt	2aspects.correct-credible	cam_map	149	0.1721
reranked_top500_topicality0.9_correctness0.1.txt	2aspects.correct-credible	cam_map	all	0.1718
reranked_top500_topicality0.9_correctness0.1.txt	2aspects.useful-credible	cam_map	101	0.3270
reranked_top500_topicality0.9_correctness0.1.txt	2aspects.useful-credible	cam_map	102	0.2039
reranked_top500_topicality0.9_correctness0.1.txt	2aspects.useful-credible	cam_map	103	0.3045
reranked_top500_topicality0.9_correctness0.1.txt	2aspects.useful-credible	cam_map	104	0.2410
reranked_top500_topicality0.9_correctness0.1.txt	2aspects.useful-credible	cam_map	105	0.1587
reranked_top500_topicality0.9_correctness0.1.txt	2aspects.useful-credible	cam_map	106	0.3298
reranked_top500_topicality0.9_correctness0.1.txt	2aspects.useful-credible	cam_map	107	0.1778
reranked_top500_topicality0.9_correctness0.1.txt	2aspects.useful-credible	cam_map	108	0.1882
reranked_top500_topicality0.9_correctness0.1.txt	2aspects.useful-credible	cam_map	109	0.3506
reranked_top500_topicality0.9_correctness0.1.txt	2aspects.useful-credible	cam_map	110	0.3351
reranked_top500_topicality0.9_correctness0.1.txt	2aspects.useful-credible	cam_map	111	0.2355
reranked_top500_topicality0.9_correctness0.1.txt	2aspects.useful-credible	cam_map	112	0.2076
reranked_top500_topicality0.9_correctness0.1.txt	2aspects.useful-credible	cam_map	114	0.1193
reranked_top500_topicality0.9_correctness0.1.txt	2aspects.useful-credible	cam_map	115	0.2914
reranked_top500_topicality0.9_correctness0.1.txt	2aspects.useful-credible	cam_map	117	0.1367
reranked_top500_topicality0.9_correctness0.1.txt	2aspects.useful-credible	cam_map	118	0.5233
reranked_top500_topicality0.9_correctness0.1.txt	2aspects.useful-credible	cam_map	120	0.3542
reranked_top500_topicality0.9_correctness0.1.txt	2aspects.useful-credible	cam_map	121	0.1244
reranked_top500_topicality0.9_correctness0.1.txt	2aspects.useful-credible	cam_map	122	0.1503
reranked_top500_topicality0.9_correctness0.1.txt	2aspects.useful-credible	cam_map	127	0.2874
reranked_top500_topicality0.9_correctness0.1.txt	2aspects.useful-credible	cam_map	128	0.6508
reranked_top500_topicality0.9_correctness0.1.txt	2aspects.useful-credible	cam_map	129	0.2559
reranked_top500_topicality0.9_correctness0.1.txt	2aspects.useful-credible	cam_map	131	0.2570
reranked_top500_topicality0.9_correctness0.1.txt	2aspects.useful-credible	cam_map	132	0.1498
reranked_top500_topicality0.9_correctness0.1.txt	2aspects.useful-credible	cam_map	133	0.1966
reranked_top500_topicality0.9_correctness0.1.txt	2aspects.useful-credible	cam_map	134	0.2580
reranked_top500_topicality0.9_correctness0.1.txt	2aspects.useful-credible	cam_map	136	0.2776
reranked_top500_topicality0.9_correctness0.1.txt	2aspects.useful-credible	cam_map	137	0.0571
reranked_top500_topicality0.9_correctness0.1.txt	2aspects.useful-credible	cam_map	139	0.2550
reranked_top500_topicality0.9_correctness0.1.txt	2aspects.useful-credible	cam_map	140	0.1847
reranked_top500_topicality0.9_correctness0.1.txt	2aspects.useful-credible	cam_map	143	0.2913
reranked_top500_topicality0.9_correctness0.1.txt	2aspects.useful-credible	cam_map	144	0.1780
reranked_top500_topicality0.9_correctness0.1.txt	2aspects.useful-credible	cam_map	145	0.2250
reranked_top500_topicality0.9_correctness0.1.txt	2aspects.useful-credible	cam_map	146	0.2467
reranked_top500_topicality0.9_correctness0.1.txt	2aspects.useful-credible	cam_map	149	0.1990
reranked_top500_topicality0.9_correctness0.1.txt	2aspects.useful-credible	cam_map	all	0.2494
reranked_top500_topicality0.9_correctness0.1.txt	3aspects	cam_map_three	101	0.2180
reranked_top500_topicality0.9_correctness0.1.txt	3aspects	cam_map_three	102	0.1479
reranked_top500_topicality0.9_correctness0.1.txt	3aspects	cam_map_three	103	0.2211
reranked_top500_topicality0.9_correctness0.1.txt	3aspects	cam_map_three	104	0.1613
reranked_top500_topicality0.9_correctness0.1.txt	3aspects	cam_map_three	105	0.1578
reranked_top500_topicality0.9_correctness0.1.txt	3aspects	cam_map_three	106	0.3805
reranked_top500_topicality0.9_correctness0.1.txt	3aspects	cam_map_three	107	0.1912
reranked_top500_topicality0.9_correctness0.1.txt	3aspects	cam_map_three	108	0.1795
reranked_top500_topicality0.9_correctness0.1.txt	3aspects	cam_map_three	109	0.2882
reranked_top500_topicality0.9_correctness0.1.txt	3aspects	cam_map_three	110	0.3650
reranked_top500_topicality0.9_correctness0.1.txt	3aspects	cam_map_three	111	0.1576
reranked_top500_topicality0.9_correctness0.1.txt	3aspects	cam_map_three	112	0.1384
reranked_top500_topicality0.9_correctness0.1.txt	3aspects	cam_map_three	114	0.0882
reranked_top500_topicality0.9_correctness0.1.txt	3aspects	cam_map_three	115	0.3342
reranked_top500_topicality0.9_correctness0.1.txt	3aspects	cam_map_three	117	0.1192
reranked_top500_topicality0.9_correctness0.1.txt	3aspects	cam_map_three	118	0.5554
reranked_top500_topicality0.9_correctness0.1.txt	3aspects	cam_map_three	120	0.2988
reranked_top500_topicality0.9_correctness0.1.txt	3aspects	cam_map_three	121	0.0844
reranked_top500_topicality0.9_correctness0.1.txt	3aspects	cam_map_three	122	0.1070
reranked_top500_topicality0.9_correctness0.1.txt	3aspects	cam_map_three	127	0.2866
reranked_top500_topicality0.9_correctness0.1.txt	3aspects	cam_map_three	128	0.4428
reranked_top500_topicality0.9_correctness0.1.txt	3aspects	cam_map_three	129	0.2049
reranked_top500_topicality0.9_correctness0.1.txt	3aspects	cam_map_three	131	0.2870
reranked_top500_topicality0.9_correctness0.1.txt	3aspects	cam_map_three	132	0.1137
reranked_top500_topicality0.9_correctness0.1.txt	3aspects	cam_map_three	133	0.1983
reranked_top500_topicality0.9_correctness0.1.txt	3aspects	cam_map_three	134	0.2609
reranked_top500_topicality0.9_correctness0.1.txt	3aspects	cam_map_three	136	0.2069
reranked_top500_topicality0.9_correctness0.1.txt	3aspects	cam_map_three	137	0.0519
reranked_top500_topicality0.9_correctness0.1.txt	3aspects	cam_map_three	139	0.1836
reranked_top500_topicality0.9_correctness0.1.txt	3aspects	cam_map_three	140	0.1539
reranked_top500_topicality0.9_correctness0.1.txt	3aspects	cam_map_three	143	0.2494
reranked_top500_topicality0.9_correctness0.1.txt	3aspects	cam_map_three	144	0.1742
reranked_top500_topicality0.9_correctness0.1.txt	3aspects	cam_map_three	145	0.2146
reranked_top500_topicality0.9_correctness0.1.txt	3aspects	cam_map_three	146	0.2632
reranked_top500_topicality0.9_correctness0.1.txt	3aspects	cam_map_three	149	0.1818
reranked_top500_topicality0.9_correctness0.1.txt	3aspects	cam_map_three	all	0.2191
reranked_top500_topicality0.9_correctness0.1.txt	graded.usefulness	ndcg	101	0.6151
reranked_top500_topicality0.9_correctness0.1.txt	graded.usefulness	ndcg	102	0.4968
reranked_top500_topicality0.9_correctness0.1.txt	graded.usefulness	ndcg	103	0.6163
reranked_top500_topicality0.9_correctness0.1.txt	graded.usefulness	ndcg	104	0.6993
reranked_top500_topicality0.9_correctness0.1.txt	graded.usefulness	ndcg	105	0.4881
reranked_top500_topicality0.9_correctness0.1.txt	graded.usefulness	ndcg	106	0.7364
reranked_top500_topicality0.9_correctness0.1.txt	graded.usefulness	ndcg	107	0.5352
reranked_top500_topicality0.9_correctness0.1.txt	graded.usefulness	ndcg	108	0.5604
reranked_top500_topicality0.9_correctness0.1.txt	graded.usefulness	ndcg	109	0.6884
reranked_top500_topicality0.9_correctness0.1.txt	graded.usefulness	ndcg	110	0.6652
reranked_top500_topicality0.9_correctness0.1.txt	graded.usefulness	ndcg	111	0.5658
reranked_top500_topicality0.9_correctness0.1.txt	graded.usefulness	ndcg	112	0.6952
reranked_top500_topicality0.9_correctness0.1.txt	graded.usefulness	ndcg	114	0.4377
reranked_top500_topicality0.9_correctness0.1.txt	graded.usefulness	ndcg	115	0.7150
reranked_top500_topicality0.9_correctness0.1.txt	graded.usefulness	ndcg	117	0.4553
reranked_top500_topicality0.9_correctness0.1.txt	graded.usefulness	ndcg	118	0.8330
reranked_top500_topicality0.9_correctness0.1.txt	graded.usefulness	ndcg	120	0.7415
reranked_top500_topicality0.9_correctness0.1.txt	graded.usefulness	ndcg	121	0.5254
reranked_top500_topicality0.9_correctness0.1.txt	graded.usefulness	ndcg	122	0.4966
reranked_top500_topicality0.9_correctness0.1.txt	graded.usefulness	ndcg	127	0.6577
reranked_top500_topicality0.9_correctness0.1.txt	graded.usefulness	ndcg	128	0.8730
reranked_top500_topicality0.9_correctness0.1.txt	graded.usefulness	ndcg	129	0.5663
reranked_top500_topicality0.9_correctness0.1.txt	graded.usefulness	ndcg	131	0.6717
reranked_top500_topicality0.9_correctness0.1.txt	graded.usefulness	ndcg	132	0.5541
reranked_top500_topicality0.9_correctness0.1.txt	graded.usefulness	ndcg	133	0.4678
reranked_top500_topicality0.9_correctness0.1.txt	graded.usefulness	ndcg	134	0.7300
reranked_top500_topicality0.9_correctness0.1.txt	graded.usefulness	ndcg	136	0.5001
reranked_top500_topicality0.9_correctness0.1.txt	graded.usefulness	ndcg	137	0.3449
reranked_top500_topicality0.9_correctness0.1.txt	graded.usefulness	ndcg	139	0.7928
reranked_top500_topicality0.9_correctness0.1.txt	graded.usefulness	ndcg	140	0.4428
reranked_top500_topicality0.9_correctness0.1.txt	graded.usefulness	ndcg	143	0.6662
reranked_top500_topicality0.9_correctness0.1.txt	graded.usefulness	ndcg	144	0.4402
reranked_top500_topicality0.9_correctness0.1.txt	graded.usefulness	ndcg	145	0.5822
reranked_top500_topicality0.9_correctness0.1.txt	graded.usefulness	ndcg	146	0.5387
reranked_top500_topicality0.9_correctness0.1.txt	graded.usefulness	ndcg	149	0.5408
reranked_top500_topicality0.9_correctness0.1.txt	graded.usefulness	ndcg	all	0.5982
reranked_top500_topicality0.9_correctness0.1.txt	binary.useful-correct	P_10	102	0.0000
reranked_top500_topicality0.9_correctness0.1.txt	binary.useful-correct	P_10	103	0.1000
reranked_top500_topicality0.9_correctness0.1.txt	binary.useful-correct	P_10	104	0.0000
reranked_top500_topicality0.9_correctness0.1.txt	binary.useful-correct	P_10	105	0.8000
reranked_top500_topicality0.9_correctness0.1.txt	binary.useful-correct	P_10	106	0.9000
reranked_top500_topicality0.9_correctness0.1.txt	binary.useful-correct	P_10	107	0.8000
reranked_top500_topicality0.9_correctness0.1.txt	binary.useful-correct	P_10	108	0.3000
reranked_top500_topicality0.9_correctness0.1.txt	binary.useful-correct	P_10	109	0.5000
reranked_top500_topicality0.9_correctness0.1.txt	binary.useful-correct	P_10	110	0.8000
reranked_top500_topicality0.9_correctness0.1.txt	binary.useful-correct	P_10	111	0.0000
reranked_top500_topicality0.9_correctness0.1.txt	binary.useful-correct	P_10	112	0.0000
reranked_top500_topicality0.9_correctness0.1.txt	binary.useful-correct	P_10	114	0.1000
reranked_top500_topicality0.9_correctness0.1.txt	binary.useful-correct	P_10	115	0.9000
reranked_top500_topicality0.9_correctness0.1.txt	binary.useful-correct	P_10	117	0.0000
reranked_top500_topicality0.9_correctness0.1.txt	binary.useful-correct	P_10	118	1.0000
reranked_top500_topicality0.9_correctness0.1.txt	binary.useful-correct	P_10	120	0.3000
reranked_top500_topicality0.9_correctness0.1.txt	binary.useful-correct	P_10	121	0.0000
reranked_top500_topicality0.9_correctness0.1.txt	binary.useful-correct	P_10	122	0.0000
reranked_top500_topicality0.9_correctness0.1.txt	binary.useful-correct	P_10	127	0.7000
reranked_top500_topicality0.9_correctness0.1.txt	binary.useful-correct	P_10	128	0.1000
reranked_top500_topicality0.9_correctness0.1.txt	binary.useful-correct	P_10	129	0.2000
reranked_top500_topicality0.9_correctness0.1.txt	binary.useful-correct	P_10	131	0.7000
reranked_top500_topicality0.9_correctness0.1.txt	binary.useful-correct	P_10	132	0.1000
reranked_top500_topicality0.9_correctness0.1.txt	binary.useful-correct	P_10	133	0.9000
reranked_top500_topicality0.9_correctness0.1.txt	binary.useful-correct	P_10	134	0.4000
reranked_top500_topicality0.9_correctness0.1.txt	binary.useful-correct	P_10	136	0.1000
reranked_top500_topicality0.9_correctness0.1.txt	binary.useful-correct	P_10	137	0.1000
reranked_top500_topicality0.9_correctness0.1.txt	binary.useful-correct	P_10	139	0.0000
reranked_top500_topicality0.9_correctness0.1.txt	binary.useful-correct	P_10	140	0.2000
reranked_top500_topicality0.9_correctness0.1.txt	binary.useful-correct	P_10	143	0.4000
reranked_top500_topicality0.9_correctness0.1.txt	binary.useful-correct	P_10	144	0.6000
reranked_top500_topicality0.9_correctness0.1.txt	binary.useful-correct	P_10	145	0.3000
reranked_top500_topicality0.9_correctness0.1.txt	binary.useful-correct	P_10	146	0.9000
reranked_top500_topicality0.9_correctness0.1.txt	binary.useful-correct	P_10	149	0.1000
reranked_top500_topicality0.9_correctness0.1.txt	binary.useful-correct	P_10	all	0.3618
reranked_top500_topicality0.9_correctness0.1.txt	binary.incorrect	P_10	101	1.0000
reranked_top500_topicality0.9_correctness0.1.txt	binary.incorrect	P_10	102	0.6000
reranked_top500_topicality0.9_correctness0.1.txt	binary.incorrect	P_10	103	0.7000
reranked_top500_topicality0.9_correctness0.1.txt	binary.incorrect	P_10	104	0.3000
reranked_top500_topicality0.9_correctness0.1.txt	binary.incorrect	P_10	105	0.2000
reranked_top500_topicality0.9_correctness0.1.txt	binary.incorrect	P_10	106	0.0000
reranked_top500_topicality0.9_correctness0.1.txt	binary.incorrect	P_10	107	0.0000
reranked_top500_topicality0.9_correctness0.1.txt	binary.incorrect	P_10	108	0.4000
reranked_top500_topicality0.9_correctness0.1.txt	binary.incorrect	P_10	109	0.2000
reranked_top500_topicality0.9_correctness0.1.txt	binary.incorrect	P_10	110	0.2000
reranked_top500_topicality0.9_correctness0.1.txt	binary.incorrect	P_10	111	0.7000
reranked_top500_topicality0.9_correctness0.1.txt	binary.incorrect	P_10	112	0.5000
reranked_top500_topicality0.9_correctness0.1.txt	binary.incorrect	P_10	114	0.1000
reranked_top500_topicality0.9_correctness0.1.txt	binary.incorrect	P_10	115	0.0000
reranked_top500_topicality0.9_correctness0.1.txt	binary.incorrect	P_10	117	0.1000
reranked_top500_topicality0.9_correctness0.1.txt	binary.incorrect	P_10	118	0.0000
reranked_top500_topicality0.9_correctness0.1.txt	binary.incorrect	P_10	120	0.0000
reranked_top500_topicality0.9_correctness0.1.txt	binary.incorrect	P_10	121	0.0000
reranked_top500_topicality0.9_correctness0.1.txt	binary.incorrect	P_10	122	0.1000
reranked_top500_topicality0.9_correctness0.1.txt	binary.incorrect	P_10	128	0.8000
reranked_top500_topicality0.9_correctness0.1.txt	binary.incorrect	P_10	129	0.0000
reranked_top500_topicality0.9_correctness0.1.txt	binary.incorrect	P_10	131	0.0000
reranked_top500_topicality0.9_correctness0.1.txt	binary.incorrect	P_10	132	0.7000
reranked_top500_topicality0.9_correctness0.1.txt	binary.incorrect	P_10	134	0.1000
reranked_top500_topicality0.9_correctness0.1.txt	binary.incorrect	P_10	136	0.0000
reranked_top500_topicality0.9_correctness0.1.txt	binary.incorrect	P_10	137	0.2000
reranked_top500_topicality0.9_correctness0.1.txt	binary.incorrect	P_10	139	1.0000
reranked_top500_topicality0.9_correctness0.1.txt	binary.incorrect	P_10	140	0.0000
reranked_top500_topicality0.9_correctness0.1.txt	binary.incorrect	P_10	143	0.3000
reranked_top500_topicality0.9_correctness0.1.txt	binary.incorrect	P_10	144	0.0000
reranked_top500_topicality0.9_correctness0.1.txt	binary.incorrect	P_10	146	0.0000
reranked_top500_topicality0.9_correctness0.1.txt	binary.incorrect	P_10	149	0.0000
reranked_top500_topicality0.9_correctness0.1.txt	binary.incorrect	P_10	all	0.2562
reranked_top500_topicality0.9_correctness0.1.txt	binary.useful-correct	ndcg	102	0.2999
reranked_top500_topicality0.9_correctness0.1.txt	binary.useful-correct	ndcg	103	0.4151
reranked_top500_topicality0.9_correctness0.1.txt	binary.useful-correct	ndcg	104	0.0758
reranked_top500_topicality0.9_correctness0.1.txt	binary.useful-correct	ndcg	105	0.4360
reranked_top500_topicality0.9_correctness0.1.txt	binary.useful-correct	ndcg	106	0.8076
reranked_top500_topicality0.9_correctness0.1.txt	binary.useful-correct	ndcg	107	0.5559
reranked_top500_topicality0.9_correctness0.1.txt	binary.useful-correct	ndcg	108	0.5428
reranked_top500_topicality0.9_correctness0.1.txt	binary.useful-correct	ndcg	109	0.5834
reranked_top500_topicality0.9_correctness0.1.txt	binary.useful-correct	ndcg	110	0.7383
reranked_top500_topicality0.9_correctness0.1.txt	binary.useful-correct	ndcg	111	0.1007
reranked_top500_topicality0.9_correctness0.1.txt	binary.useful-correct	ndcg	112	0.0000
reranked_top500_topicality0.9_correctness0.1.txt	binary.useful-correct	ndcg	114	0.2275
reranked_top500_topicality0.9_correctness0.1.txt	binary.useful-correct	ndcg	115	0.7584
reranked_top500_topicality0.9_correctness0.1.txt	binary.useful-correct	ndcg	117	0.3466
reranked_top500_topicality0.9_correctness0.1.txt	binary.useful-correct	ndcg	118	0.9058
reranked_top500_topicality0.9_correctness0.1.txt	binary.useful-correct	ndcg	120	0.6043
reranked_top500_topicality0.9_correctness0.1.txt	binary.useful-correct	ndcg	121	0.1217
reranked_top500_topicality0.9_correctness0.1.txt	binary.useful-correct	ndcg	122	0.2577
reranked_top500_topicality0.9_correctness0.1.txt	binary.useful-correct	ndcg	127	0.6227
reranked_top500_topicality0.9_correctness0.1.txt	binary.useful-correct	ndcg	128	0.3401
reranked_top500_topicality0.9_correctness0.1.txt	binary.useful-correct	ndcg	129	0.4756
reranked_top500_topicality0.9_correctness0.1.txt	binary.useful-correct	ndcg	131	0.6784
reranked_top500_topicality0.9_correctness0.1.txt	binary.useful-correct	ndcg	132	0.2305
reranked_top500_topicality0.9_correctness0.1.txt	binary.useful-correct	ndcg	133	0.4581
reranked_top500_topicality0.9_correctness0.1.txt	binary.useful-correct	ndcg	134	0.6718
reranked_top500_topicality0.9_correctness0.1.txt	binary.useful-correct	ndcg	136	0.3784
reranked_top500_topicality0.9_correctness0.1.txt	binary.useful-correct	ndcg	137	0.2290
reranked_top500_topicality0.9_correctness0.1.txt	binary.useful-correct	ndcg	139	0.3329
reranked_top500_topicality0.9_correctness0.1.txt	binary.useful-correct	ndcg	140	0.3770
reranked_top500_topicality0.9_correctness0.1.txt	binary.useful-correct	ndcg	143	0.5958
reranked_top500_topicality0.9_correctness0.1.txt	binary.useful-correct	ndcg	144	0.4676
reranked_top500_topicality0.9_correctness0.1.txt	binary.useful-correct	ndcg	145	0.5534
reranked_top500_topicality0.9_correctness0.1.txt	binary.useful-correct	ndcg	146	0.6102
reranked_top500_topicality0.9_correctness0.1.txt	binary.useful-correct	ndcg	149	0.5225
reranked_top500_topicality0.9_correctness0.1.txt	binary.useful-correct	ndcg	all	0.4506
reranked_top500_topicality0.9_correctness0.1.txt	binary.useful-credible	ndcg	101	0.4962
reranked_top500_topicality0.9_correctness0.1.txt	binary.useful-credible	ndcg	102	0.4327
reranked_top500_topicality0.9_correctness0.1.txt	binary.useful-credible	ndcg	103	0.6692
reranked_top500_topicality0.9_correctness0.1.txt	binary.useful-credible	ndcg	104	0.6195
reranked_top500_topicality0.9_correctness0.1.txt	binary.useful-credible	ndcg	105	0.3306
reranked_top500_topicality0.9_correctness0.1.txt	binary.useful-credible	ndcg	106	0.5817
reranked_top500_topicality0.9_correctness0.1.txt	binary.useful-credible	ndcg	107	0.4968
reranked_top500_topicality0.9_correctness0.1.txt	binary.useful-credible	ndcg	108	0.4602
reranked_top500_topicality0.9_correctness0.1.txt	binary.useful-credible	ndcg	109	0.6461
reranked_top500_topicality0.9_correctness0.1.txt	binary.useful-credible	ndcg	110	0.5470
reranked_top500_topicality0.9_correctness0.1.txt	binary.useful-credible	ndcg	111	0.5579
reranked_top500_topicality0.9_correctness0.1.txt	binary.useful-credible	ndcg	112	0.3330
reranked_top500_topicality0.9_correctness0.1.txt	binary.useful-credible	ndcg	114	0.1044
reranked_top500_topicality0.9_correctness0.1.txt	binary.useful-credible	ndcg	115	0.5140
reranked_top500_topicality0.9_correctness0.1.txt	binary.useful-credible	ndcg	117	0.4018
reranked_top500_topicality0.9_correctness0.1.txt	binary.useful-credible	ndcg	118	0.8277
reranked_top500_topicality0.9_correctness0.1.txt	binary.useful-credible	ndcg	120	0.6817
reranked_top500_topicality0.9_correctness0.1.txt	binary.useful-credible	ndcg	121	0.1584
reranked_top500_topicality0.9_correctness0.1.txt	binary.useful-credible	ndcg	122	0.4560
reranked_top500_topicality0.9_correctness0.1.txt	binary.useful-credible	ndcg	127	0.6001
reranked_top500_topicality0.9_correctness0.1.txt	binary.useful-credible	ndcg	128	0.8935
reranked_top500_topicality0.9_correctness0.1.txt	binary.useful-credible	ndcg	129	0.5738
reranked_top500_topicality0.9_correctness0.1.txt	binary.useful-credible	ndcg	131	0.5678
reranked_top500_topicality0.9_correctness0.1.txt	binary.useful-credible	ndcg	132	0.3610
reranked_top500_topicality0.9_correctness0.1.txt	binary.useful-credible	ndcg	133	0.4477
reranked_top500_topicality0.9_correctness0.1.txt	binary.useful-credible	ndcg	134	0.5429
reranked_top500_topicality0.9_correctness0.1.txt	binary.useful-credible	ndcg	136	0.5601
reranked_top500_topicality0.9_correctness0.1.txt	binary.useful-credible	ndcg	137	0.2724
reranked_top500_topicality0.9_correctness0.1.txt	binary.useful-credible	ndcg	139	0.3587
reranked_top500_topicality0.9_correctness0.1.txt	binary.useful-credible	ndcg	140	0.4814
reranked_top500_topicality0.9_correctness0.1.txt	binary.useful-credible	ndcg	143	0.6655
reranked_top500_topicality0.9_correctness0.1.txt	binary.useful-credible	ndcg	144	0.4432
reranked_top500_topicality0.9_correctness0.1.txt	binary.useful-credible	ndcg	145	0.5719
reranked_top500_topicality0.9_correctness0.1.txt	binary.useful-credible	ndcg	146	0.5165
reranked_top500_topicality0.9_correctness0.1.txt	binary.useful-credible	ndcg	149	0.5746
reranked_top500_topicality0.9_correctness0.1.txt	binary.useful-credible	ndcg	all	0.5070
reranked_top500_topicality0.9_correctness0.1.txt	binary.useful-correct-credible	ndcg	102	0.2714
reranked_top500_topicality0.9_correctness0.1.txt	binary.useful-correct-credible	ndcg	103	0.3959
reranked_top500_topicality0.9_correctness0.1.txt	binary.useful-correct-credible	ndcg	104	0.0758
reranked_top500_topicality0.9_correctness0.1.txt	binary.useful-correct-credible	ndcg	105	0.2827
reranked_top500_topicality0.9_correctness0.1.txt	binary.useful-correct-credible	ndcg	106	0.5817
reranked_top500_topicality0.9_correctness0.1.txt	binary.useful-correct-credible	ndcg	107	0.4757
reranked_top500_topicality0.9_correctness0.1.txt	binary.useful-correct-credible	ndcg	108	0.4557
reranked_top500_topicality0.9_correctness0.1.txt	binary.useful-correct-credible	ndcg	109	0.5936
reranked_top500_topicality0.9_correctness0.1.txt	binary.useful-correct-credible	ndcg	110	0.2230
reranked_top500_topicality0.9_correctness0.1.txt	binary.useful-correct-credible	ndcg	111	0.0670
reranked_top500_topicality0.9_correctness0.1.txt	binary.useful-correct-credible	ndcg	114	0.1159
reranked_top500_topicality0.9_correctness0.1.txt	binary.useful-correct-credible	ndcg	115	0.5231
reranked_top500_topicality0.9_correctness0.1.txt	binary.useful-correct-credible	ndcg	117	0.3190
reranked_top500_topicality0.9_correctness0.1.txt	binary.useful-correct-credible	ndcg	118	0.8261
reranked_top500_topicality0.9_correctness0.1.txt	binary.useful-correct-credible	ndcg	120	0.5200
reranked_top500_topicality0.9_correctness0.1.txt	binary.useful-correct-credible	ndcg	121	0.0938
reranked_top500_topicality0.9_correctness0.1.txt	binary.useful-correct-credible	ndcg	122	0.2012
reranked_top500_topicality0.9_correctness0.1.txt	binary.useful-correct-credible	ndcg	127	0.5283
reranked_top500_topicality0.9_correctness0.1.txt	binary.useful-correct-credible	ndcg	128	0.3401
reranked_top500_topicality0.9_correctness0.1.txt	binary.useful-correct-credible	ndcg	129	0.4683
reranked_top500_topicality0.9_correctness0.1.txt	binary.useful-correct-credible	ndcg	131	0.6212
reranked_top500_topicality0.9_correctness0.1.txt	binary.useful-correct-credible	ndcg	132	0.1817
reranked_top500_topicality0.9_correctness0.1.txt	binary.useful-correct-credible	ndcg	133	0.4553
reranked_top500_topicality0.9_correctness0.1.txt	binary.useful-correct-credible	ndcg	134	0.5413
reranked_top500_topicality0.9_correctness0.1.txt	binary.useful-correct-credible	ndcg	136	0.3784
reranked_top500_topicality0.9_correctness0.1.txt	binary.useful-correct-credible	ndcg	137	0.2563
reranked_top500_topicality0.9_correctness0.1.txt	binary.useful-correct-credible	ndcg	139	0.2911
reranked_top500_topicality0.9_correctness0.1.txt	binary.useful-correct-credible	ndcg	140	0.3803
reranked_top500_topicality0.9_correctness0.1.txt	binary.useful-correct-credible	ndcg	143	0.5760
reranked_top500_topicality0.9_correctness0.1.txt	binary.useful-correct-credible	ndcg	144	0.4680
reranked_top500_topicality0.9_correctness0.1.txt	binary.useful-correct-credible	ndcg	145	0.5393
reranked_top500_topicality0.9_correctness0.1.txt	binary.useful-correct-credible	ndcg	146	0.5080
reranked_top500_topicality0.9_correctness0.1.txt	binary.useful-correct-credible	ndcg	149	0.5184
reranked_top500_topicality0.9_correctness0.1.txt	binary.useful-correct-credible	ndcg	all	0.3962
reranked_top500_topicality0.9_correctness0.1.txt	graded.harmful-only	compatibility	101	0.2831
reranked_top500_topicality0.9_correctness0.1.txt	graded.harmful-only	compatibility	102	0.0751
reranked_top500_topicality0.9_correctness0.1.txt	graded.harmful-only	compatibility	103	0.2810
reranked_top500_topicality0.9_correctness0.1.txt	graded.harmful-only	compatibility	104	0.1429
reranked_top500_topicality0.9_correctness0.1.txt	graded.harmful-only	compatibility	105	0.1033
reranked_top500_topicality0.9_correctness0.1.txt	graded.harmful-only	compatibility	106	0.0000
reranked_top500_topicality0.9_correctness0.1.txt	graded.harmful-only	compatibility	107	0.0016
reranked_top500_topicality0.9_correctness0.1.txt	graded.harmful-only	compatibility	108	0.2794
reranked_top500_topicality0.9_correctness0.1.txt	graded.harmful-only	compatibility	109	0.0947
reranked_top500_topicality0.9_correctness0.1.txt	graded.harmful-only	compatibility	110	0.0942
reranked_top500_topicality0.9_correctness0.1.txt	graded.harmful-only	compatibility	111	0.3590
reranked_top500_topicality0.9_correctness0.1.txt	graded.harmful-only	compatibility	112	0.2634
reranked_top500_topicality0.9_correctness0.1.txt	graded.harmful-only	compatibility	114	0.0455
reranked_top500_topicality0.9_correctness0.1.txt	graded.harmful-only	compatibility	115	0.0104
reranked_top500_topicality0.9_correctness0.1.txt	graded.harmful-only	compatibility	117	0.1036
reranked_top500_topicality0.9_correctness0.1.txt	graded.harmful-only	compatibility	118	0.0001
reranked_top500_topicality0.9_correctness0.1.txt	graded.harmful-only	compatibility	120	0.0000
reranked_top500_topicality0.9_correctness0.1.txt	graded.harmful-only	compatibility	121	0.0015
reranked_top500_topicality0.9_correctness0.1.txt	graded.harmful-only	compatibility	122	0.0939
reranked_top500_topicality0.9_correctness0.1.txt	graded.harmful-only	compatibility	128	0.8616
reranked_top500_topicality0.9_correctness0.1.txt	graded.harmful-only	compatibility	129	0.0145
reranked_top500_topicality0.9_correctness0.1.txt	graded.harmful-only	compatibility	131	0.0000
reranked_top500_topicality0.9_correctness0.1.txt	graded.harmful-only	compatibility	132	0.1761
reranked_top500_topicality0.9_correctness0.1.txt	graded.harmful-only	compatibility	134	0.1163
reranked_top500_topicality0.9_correctness0.1.txt	graded.harmful-only	compatibility	136	0.0000
reranked_top500_topicality0.9_correctness0.1.txt	graded.harmful-only	compatibility	137	0.1574
reranked_top500_topicality0.9_correctness0.1.txt	graded.harmful-only	compatibility	139	0.2987
reranked_top500_topicality0.9_correctness0.1.txt	graded.harmful-only	compatibility	140	0.0000
reranked_top500_topicality0.9_correctness0.1.txt	graded.harmful-only	compatibility	143	0.1644
reranked_top500_topicality0.9_correctness0.1.txt	graded.harmful-only	compatibility	144	0.0000
reranked_top500_topicality0.9_correctness0.1.txt	graded.harmful-only	compatibility	146	0.0000
reranked_top500_topicality0.9_correctness0.1.txt	graded.harmful-only	compatibility	149	0.0012
reranked_top500_topicality0.9_correctness0.1.txt	graded.harmful-only	compatibility	all	0.1257
reranked_top500_topicality0.9_correctness0.1.txt	graded.helpful-only	compatibility	101	0.0324
reranked_top500_topicality0.9_correctness0.1.txt	graded.helpful-only	compatibility	102	0.0325
reranked_top500_topicality0.9_correctness0.1.txt	graded.helpful-only	compatibility	103	0.1650
reranked_top500_topicality0.9_correctness0.1.txt	graded.helpful-only	compatibility	104	0.0000
reranked_top500_topicality0.9_correctness0.1.txt	graded.helpful-only	compatibility	105	0.0176
reranked_top500_topicality0.9_correctness0.1.txt	graded.helpful-only	compatibility	106	0.2528
reranked_top500_topicality0.9_correctness0.1.txt	graded.helpful-only	compatibility	107	0.2334
reranked_top500_topicality0.9_correctness0.1.txt	graded.helpful-only	compatibility	108	0.1300
reranked_top500_topicality0.9_correctness0.1.txt	graded.helpful-only	compatibility	109	0.3343
reranked_top500_topicality0.9_correctness0.1.txt	graded.helpful-only	compatibility	110	0.3560
reranked_top500_topicality0.9_correctness0.1.txt	graded.helpful-only	compatibility	111	0.0304
reranked_top500_topicality0.9_correctness0.1.txt	graded.helpful-only	compatibility	112	0.1744
reranked_top500_topicality0.9_correctness0.1.txt	graded.helpful-only	compatibility	114	0.0406
reranked_top500_topicality0.9_correctness0.1.txt	graded.helpful-only	compatibility	115	0.0867
reranked_top500_topicality0.9_correctness0.1.txt	graded.helpful-only	compatibility	117	0.1699
reranked_top500_topicality0.9_correctness0.1.txt	graded.helpful-only	compatibility	118	0.0639
reranked_top500_topicality0.9_correctness0.1.txt	graded.helpful-only	compatibility	120	0.1313
reranked_top500_topicality0.9_correctness0.1.txt	graded.helpful-only	compatibility	121	0.1048
reranked_top500_topicality0.9_correctness0.1.txt	graded.helpful-only	compatibility	122	0.0935
reranked_top500_topicality0.9_correctness0.1.txt	graded.helpful-only	compatibility	127	0.2289
reranked_top500_topicality0.9_correctness0.1.txt	graded.helpful-only	compatibility	128	0.0655
reranked_top500_topicality0.9_correctness0.1.txt	graded.helpful-only	compatibility	129	0.1585
reranked_top500_topicality0.9_correctness0.1.txt	graded.helpful-only	compatibility	131	0.1414
reranked_top500_topicality0.9_correctness0.1.txt	graded.helpful-only	compatibility	132	0.1194
reranked_top500_topicality0.9_correctness0.1.txt	graded.helpful-only	compatibility	133	0.4611
reranked_top500_topicality0.9_correctness0.1.txt	graded.helpful-only	compatibility	134	0.1686
reranked_top500_topicality0.9_correctness0.1.txt	graded.helpful-only	compatibility	136	0.1093
reranked_top500_topicality0.9_correctness0.1.txt	graded.helpful-only	compatibility	137	0.0871
reranked_top500_topicality0.9_correctness0.1.txt	graded.helpful-only	compatibility	139	0.0045
reranked_top500_topicality0.9_correctness0.1.txt	graded.helpful-only	compatibility	140	0.0923
reranked_top500_topicality0.9_correctness0.1.txt	graded.helpful-only	compatibility	143	0.2006
reranked_top500_topicality0.9_correctness0.1.txt	graded.helpful-only	compatibility	144	0.4080
reranked_top500_topicality0.9_correctness0.1.txt	graded.helpful-only	compatibility	145	0.2914
reranked_top500_topicality0.9_correctness0.1.txt	graded.helpful-only	compatibility	146	0.1048
reranked_top500_topicality0.9_correctness0.1.txt	graded.helpful-only	compatibility	149	0.1083
reranked_top500_topicality0.9_correctness0.1.txt	graded.helpful-only	compatibility	all	0.1485
