run	qrels	measure	topic	score
reranked_top500_topicality0.8_correctness0.2.txt	2aspects.correct-credible	cam_map	101	0.1223
reranked_top500_topicality0.8_correctness0.2.txt	2aspects.correct-credible	cam_map	102	0.0770
reranked_top500_topicality0.8_correctness0.2.txt	2aspects.correct-credible	cam_map	103	0.1782
reranked_top500_topicality0.8_correctness0.2.txt	2aspects.correct-credible	cam_map	104	0.1004
reranked_top500_topicality0.8_correctness0.2.txt	2aspects.correct-credible	cam_map	105	0.1213
reranked_top500_topicality0.8_correctness0.2.txt	2aspects.correct-credible	cam_map	106	0.3291
reranked_top500_topicality0.8_correctness0.2.txt	2aspects.correct-credible	cam_map	107	0.1787
reranked_top500_topicality0.8_correctness0.2.txt	2aspects.correct-credible	cam_map	108	0.1552
reranked_top500_topicality0.8_correctness0.2.txt	2aspects.correct-credible	cam_map	109	0.2274
reranked_top500_topicality0.8_correctness0.2.txt	2aspects.correct-credible	cam_map	110	0.3059
reranked_top500_topicality0.8_correctness0.2.txt	2aspects.correct-credible	cam_map	111	0.1066
reranked_top500_topicality0.8_correctness0.2.txt	2aspects.correct-credible	cam_map	112	0.0163
reranked_top500_topicality0.8_correctness0.2.txt	2aspects.correct-credible	cam_map	114	0.0163
reranked_top500_topicality0.8_correctness0.2.txt	2aspects.correct-credible	cam_map	115	0.2825
reranked_top500_topicality0.8_correctness0.2.txt	2aspects.correct-credible	cam_map	117	0.1003
reranked_top500_topicality0.8_correctness0.2.txt	2aspects.correct-credible	cam_map	118	0.5113
reranked_top500_topicality0.8_correctness0.2.txt	2aspects.correct-credible	cam_map	120	0.2384
reranked_top500_topicality0.8_correctness0.2.txt	2aspects.correct-credible	cam_map	121	0.0067
reranked_top500_topicality0.8_correctness0.2.txt	2aspects.correct-credible	cam_map	122	0.0691
reranked_top500_topicality0.8_correctness0.2.txt	2aspects.correct-credible	cam_map	127	0.2589
reranked_top500_topicality0.8_correctness0.2.txt	2aspects.correct-credible	cam_map	128	0.3373
reranked_top500_topicality0.8_correctness0.2.txt	2aspects.correct-credible	cam_map	129	0.1780
reranked_top500_topicality0.8_correctness0.2.txt	2aspects.correct-credible	cam_map	131	0.2616
reranked_top500_topicality0.8_correctness0.2.txt	2aspects.correct-credible	cam_map	132	0.0605
reranked_top500_topicality0.8_correctness0.2.txt	2aspects.correct-credible	cam_map	133	0.1961
reranked_top500_topicality0.8_correctness0.2.txt	2aspects.correct-credible	cam_map	134	0.2136
reranked_top500_topicality0.8_correctness0.2.txt	2aspects.correct-credible	cam_map	136	0.1670
reranked_top500_topicality0.8_correctness0.2.txt	2aspects.correct-credible	cam_map	137	0.0416
reranked_top500_topicality0.8_correctness0.2.txt	2aspects.correct-credible	cam_map	139	0.0518
reranked_top500_topicality0.8_correctness0.2.txt	2aspects.correct-credible	cam_map	140	0.1387
reranked_top500_topicality0.8_correctness0.2.txt	2aspects.correct-credible	cam_map	143	0.2110
reranked_top500_topicality0.8_correctness0.2.txt	2aspects.correct-credible	cam_map	144	0.1742
reranked_top500_topicality0.8_correctness0.2.txt	2aspects.correct-credible	cam_map	145	0.2031
reranked_top500_topicality0.8_correctness0.2.txt	2aspects.correct-credible	cam_map	146	0.2427
reranked_top500_topicality0.8_correctness0.2.txt	2aspects.correct-credible	cam_map	149	0.1720
reranked_top500_topicality0.8_correctness0.2.txt	2aspects.correct-credible	cam_map	all	0.1729
reranked_top500_topicality0.8_correctness0.2.txt	2aspects.useful-credible	cam_map	101	0.3273
reranked_top500_topicality0.8_correctness0.2.txt	2aspects.useful-credible	cam_map	102	0.2091
reranked_top500_topicality0.8_correctness0.2.txt	2aspects.useful-credible	cam_map	103	0.3035
reranked_top500_topicality0.8_correctness0.2.txt	2aspects.useful-credible	cam_map	104	0.2318
reranked_top500_topicality0.8_correctness0.2.txt	2aspects.useful-credible	cam_map	105	0.1662
reranked_top500_topicality0.8_correctness0.2.txt	2aspects.useful-credible	cam_map	106	0.3284
reranked_top500_topicality0.8_correctness0.2.txt	2aspects.useful-credible	cam_map	107	0.1826
reranked_top500_topicality0.8_correctness0.2.txt	2aspects.useful-credible	cam_map	108	0.1977
reranked_top500_topicality0.8_correctness0.2.txt	2aspects.useful-credible	cam_map	109	0.3483
reranked_top500_topicality0.8_correctness0.2.txt	2aspects.useful-credible	cam_map	110	0.3345
reranked_top500_topicality0.8_correctness0.2.txt	2aspects.useful-credible	cam_map	111	0.2372
reranked_top500_topicality0.8_correctness0.2.txt	2aspects.useful-credible	cam_map	112	0.2047
reranked_top500_topicality0.8_correctness0.2.txt	2aspects.useful-credible	cam_map	114	0.1197
reranked_top500_topicality0.8_correctness0.2.txt	2aspects.useful-credible	cam_map	115	0.2922
reranked_top500_topicality0.8_correctness0.2.txt	2aspects.useful-credible	cam_map	117	0.1406
reranked_top500_topicality0.8_correctness0.2.txt	2aspects.useful-credible	cam_map	118	0.5220
reranked_top500_topicality0.8_correctness0.2.txt	2aspects.useful-credible	cam_map	120	0.3537
reranked_top500_topicality0.8_correctness0.2.txt	2aspects.useful-credible	cam_map	121	0.1246
reranked_top500_topicality0.8_correctness0.2.txt	2aspects.useful-credible	cam_map	122	0.1528
reranked_top500_topicality0.8_correctness0.2.txt	2aspects.useful-credible	cam_map	127	0.2892
reranked_top500_topicality0.8_correctness0.2.txt	2aspects.useful-credible	cam_map	128	0.6483
reranked_top500_topicality0.8_correctness0.2.txt	2aspects.useful-credible	cam_map	129	0.2560
reranked_top500_topicality0.8_correctness0.2.txt	2aspects.useful-credible	cam_map	131	0.2567
reranked_top500_topicality0.8_correctness0.2.txt	2aspects.useful-credible	cam_map	132	0.1501
reranked_top500_topicality0.8_correctness0.2.txt	2aspects.useful-credible	cam_map	133	0.1971
reranked_top500_topicality0.8_correctness0.2.txt	2aspects.useful-credible	cam_map	134	0.2670
reranked_top500_topicality0.8_correctness0.2.txt	2aspects.useful-credible	cam_map	136	0.2770
reranked_top500_topicality0.8_correctness0.2.txt	2aspects.useful-credible	cam_map	137	0.0563
reranked_top500_topicality0.8_correctness0.2.txt	2aspects.useful-credible	cam_map	139	0.2453
reranked_top500_topicality0.8_correctness0.2.txt	2aspects.useful-credible	cam_map	140	0.1842
reranked_top500_topicality0.8_correctness0.2.txt	2aspects.useful-credible	cam_map	143	0.2951
reranked_top500_topicality0.8_correctness0.2.txt	2aspects.useful-credible	cam_map	144	0.1798
reranked_top500_topicality0.8_correctness0.2.txt	2aspects.useful-credible	cam_map	145	0.2226
reranked_top500_topicality0.8_correctness0.2.txt	2aspects.useful-credible	cam_map	146	0.2481
reranked_top500_topicality0.8_correctness0.2.txt	2aspects.useful-credible	cam_map	149	0.1989
reranked_top500_topicality0.8_correctness0.2.txt	2aspects.useful-credible	cam_map	all	0.2500
reranked_top500_topicality0.8_correctness0.2.txt	3aspects	cam_map_three	101	0.2182
reranked_top500_topicality0.8_correctness0.2.txt	3aspects	cam_map_three	102	0.1519
reranked_top500_topicality0.8_correctness0.2.txt	3aspects	cam_map_three	103	0.2217
reranked_top500_topicality0.8_correctness0.2.txt	3aspects	cam_map_three	104	0.1551
reranked_top500_topicality0.8_correctness0.2.txt	3aspects	cam_map_three	105	0.1656
reranked_top500_topicality0.8_correctness0.2.txt	3aspects	cam_map_three	106	0.3796
reranked_top500_topicality0.8_correctness0.2.txt	3aspects	cam_map_three	107	0.1949
reranked_top500_topicality0.8_correctness0.2.txt	3aspects	cam_map_three	108	0.1887
reranked_top500_topicality0.8_correctness0.2.txt	3aspects	cam_map_three	109	0.2868
reranked_top500_topicality0.8_correctness0.2.txt	3aspects	cam_map_three	110	0.3635
reranked_top500_topicality0.8_correctness0.2.txt	3aspects	cam_map_three	111	0.1588
reranked_top500_topicality0.8_correctness0.2.txt	3aspects	cam_map_three	112	0.1365
reranked_top500_topicality0.8_correctness0.2.txt	3aspects	cam_map_three	114	0.0889
reranked_top500_topicality0.8_correctness0.2.txt	3aspects	cam_map_three	115	0.3341
reranked_top500_topicality0.8_correctness0.2.txt	3aspects	cam_map_three	117	0.1238
reranked_top500_topicality0.8_correctness0.2.txt	3aspects	cam_map_three	118	0.5544
reranked_top500_topicality0.8_correctness0.2.txt	3aspects	cam_map_three	120	0.2980
reranked_top500_topicality0.8_correctness0.2.txt	3aspects	cam_map_three	121	0.0846
reranked_top500_topicality0.8_correctness0.2.txt	3aspects	cam_map_three	122	0.1087
reranked_top500_topicality0.8_correctness0.2.txt	3aspects	cam_map_three	127	0.2888
reranked_top500_topicality0.8_correctness0.2.txt	3aspects	cam_map_three	128	0.4417
reranked_top500_topicality0.8_correctness0.2.txt	3aspects	cam_map_three	129	0.2047
reranked_top500_topicality0.8_correctness0.2.txt	3aspects	cam_map_three	131	0.2863
reranked_top500_topicality0.8_correctness0.2.txt	3aspects	cam_map_three	132	0.1150
reranked_top500_topicality0.8_correctness0.2.txt	3aspects	cam_map_three	133	0.1987
reranked_top500_topicality0.8_correctness0.2.txt	3aspects	cam_map_three	134	0.2705
reranked_top500_topicality0.8_correctness0.2.txt	3aspects	cam_map_three	136	0.2064
reranked_top500_topicality0.8_correctness0.2.txt	3aspects	cam_map_three	137	0.0485
reranked_top500_topicality0.8_correctness0.2.txt	3aspects	cam_map_three	139	0.1792
reranked_top500_topicality0.8_correctness0.2.txt	3aspects	cam_map_three	140	0.1536
reranked_top500_topicality0.8_correctness0.2.txt	3aspects	cam_map_three	143	0.2519
reranked_top500_topicality0.8_correctness0.2.txt	3aspects	cam_map_three	144	0.1763
reranked_top500_topicality0.8_correctness0.2.txt	3aspects	cam_map_three	145	0.2123
reranked_top500_topicality0.8_correctness0.2.txt	3aspects	cam_map_three	146	0.2654
reranked_top500_topicality0.8_correctness0.2.txt	3aspects	cam_map_three	149	0.1816
reranked_top500_topicality0.8_correctness0.2.txt	3aspects	cam_map_three	all	0.2199
reranked_top500_topicality0.8_correctness0.2.txt	graded.usefulness	ndcg	101	0.6151
reranked_top500_topicality0.8_correctness0.2.txt	graded.usefulness	ndcg	102	0.5003
reranked_top500_topicality0.8_correctness0.2.txt	graded.usefulness	ndcg	103	0.6161
reranked_top500_topicality0.8_correctness0.2.txt	graded.usefulness	ndcg	104	0.6893
reranked_top500_topicality0.8_correctness0.2.txt	graded.usefulness	ndcg	105	0.4929
reranked_top500_topicality0.8_correctness0.2.txt	graded.usefulness	ndcg	106	0.7362
reranked_top500_topicality0.8_correctness0.2.txt	graded.usefulness	ndcg	107	0.5373
reranked_top500_topicality0.8_correctness0.2.txt	graded.usefulness	ndcg	108	0.5660
reranked_top500_topicality0.8_correctness0.2.txt	graded.usefulness	ndcg	109	0.6881
reranked_top500_topicality0.8_correctness0.2.txt	graded.usefulness	ndcg	110	0.6650
reranked_top500_topicality0.8_correctness0.2.txt	graded.usefulness	ndcg	111	0.5663
reranked_top500_topicality0.8_correctness0.2.txt	graded.usefulness	ndcg	112	0.6847
reranked_top500_topicality0.8_correctness0.2.txt	graded.usefulness	ndcg	114	0.4381
reranked_top500_topicality0.8_correctness0.2.txt	graded.usefulness	ndcg	115	0.7141
reranked_top500_topicality0.8_correctness0.2.txt	graded.usefulness	ndcg	117	0.4597
reranked_top500_topicality0.8_correctness0.2.txt	graded.usefulness	ndcg	118	0.8328
reranked_top500_topicality0.8_correctness0.2.txt	graded.usefulness	ndcg	120	0.7406
reranked_top500_topicality0.8_correctness0.2.txt	graded.usefulness	ndcg	121	0.5257
reranked_top500_topicality0.8_correctness0.2.txt	graded.usefulness	ndcg	122	0.4981
reranked_top500_topicality0.8_correctness0.2.txt	graded.usefulness	ndcg	127	0.6595
reranked_top500_topicality0.8_correctness0.2.txt	graded.usefulness	ndcg	128	0.8698
reranked_top500_topicality0.8_correctness0.2.txt	graded.usefulness	ndcg	129	0.5652
reranked_top500_topicality0.8_correctness0.2.txt	graded.usefulness	ndcg	131	0.6720
reranked_top500_topicality0.8_correctness0.2.txt	graded.usefulness	ndcg	132	0.5533
reranked_top500_topicality0.8_correctness0.2.txt	graded.usefulness	ndcg	133	0.4682
reranked_top500_topicality0.8_correctness0.2.txt	graded.usefulness	ndcg	134	0.7297
reranked_top500_topicality0.8_correctness0.2.txt	graded.usefulness	ndcg	136	0.4998
reranked_top500_topicality0.8_correctness0.2.txt	graded.usefulness	ndcg	137	0.3566
reranked_top500_topicality0.8_correctness0.2.txt	graded.usefulness	ndcg	139	0.7800
reranked_top500_topicality0.8_correctness0.2.txt	graded.usefulness	ndcg	140	0.4426
reranked_top500_topicality0.8_correctness0.2.txt	graded.usefulness	ndcg	143	0.6689
reranked_top500_topicality0.8_correctness0.2.txt	graded.usefulness	ndcg	144	0.4411
reranked_top500_topicality0.8_correctness0.2.txt	graded.usefulness	ndcg	145	0.5806
reranked_top500_topicality0.8_correctness0.2.txt	graded.usefulness	ndcg	146	0.5408
reranked_top500_topicality0.8_correctness0.2.txt	graded.usefulness	ndcg	149	0.5407
reranked_top500_topicality0.8_correctness0.2.txt	graded.usefulness	ndcg	all	0.5981
reranked_top500_topicality0.8_correctness0.2.txt	binary.useful-correct	P_10	102	0.0000
reranked_top500_topicality0.8_correctness0.2.txt	binary.useful-correct	P_10	103	0.2000
reranked_top500_topicality0.8_correctness0.2.txt	binary.useful-correct	P_10	104	0.0000
reranked_top500_topicality0.8_correctness0.2.txt	binary.useful-correct	P_10	105	0.8000
reranked_top500_topicality0.8_correctness0.2.txt	binary.useful-correct	P_10	106	0.9000
reranked_top500_topicality0.8_correctness0.2.txt	binary.useful-correct	P_10	107	0.8000
reranked_top500_topicality0.8_correctness0.2.txt	binary.useful-correct	P_10	108	0.3000
reranked_top500_topicality0.8_correctness0.2.txt	binary.useful-correct	P_10	109	0.5000
reranked_top500_topicality0.8_correctness0.2.txt	binary.useful-correct	P_10	110	0.8000
reranked_top500_topicality0.8_correctness0.2.txt	binary.useful-correct	P_10	111	0.0000
reranked_top500_topicality0.8_correctness0.2.txt	binary.useful-correct	P_10	112	0.0000
reranked_top500_topicality0.8_correctness0.2.txt	binary.useful-correct	P_10	114	0.1000
reranked_top500_topicality0.8_correctness0.2.txt	binary.useful-correct	P_10	115	0.9000
reranked_top500_topicality0.8_correctness0.2.txt	binary.useful-correct	P_10	117	0.1000
reranked_top500_topicality0.8_correctness0.2.txt	binary.useful-correct	P_10	118	1.0000
reranked_top500_topicality0.8_correctness0.2.txt	binary.useful-correct	P_10	120	0.3000
reranked_top500_topicality0.8_correctness0.2.txt	binary.useful-correct	P_10	121	0.0000
reranked_top500_topicality0.8_correctness0.2.txt	binary.useful-correct	P_10	122	0.0000
reranked_top500_topicality0.8_correctness0.2.txt	binary.useful-correct	P_10	127	0.7000
reranked_top500_topicality0.8_correctness0.2.txt	binary.useful-correct	P_10	128	0.1000
reranked_top500_topicality0.8_correctness0.2.txt	binary.useful-correct	P_10	129	0.2000
reranked_top500_topicality0.8_correctness0.2.txt	binary.useful-correct	P_10	131	0.7000
reranked_top500_topicality0.8_correctness0.2.txt	binary.useful-correct	P_10	132	0.1000
reranked_top500_topicality0.8_correctness0.2.txt	binary.useful-correct	P_10	133	0.9000
reranked_top500_topicality0.8_correctness0.2.txt	binary.useful-correct	P_10	134	0.4000
reranked_top500_topicality0.8_correctness0.2.txt	binary.useful-correct	P_10	136	0.1000
reranked_top500_topicality0.8_correctness0.2.txt	binary.useful-correct	P_10	137	0.1000
reranked_top500_topicality0.8_correctness0.2.txt	binary.useful-correct	P_10	139	0.1000
reranked_top500_topicality0.8_correctness0.2.txt	binary.useful-correct	P_10	140	0.2000
reranked_top500_topicality0.8_correctness0.2.txt	binary.useful-correct	P_10	143	0.4000
reranked_top500_topicality0.8_correctness0.2.txt	binary.useful-correct	P_10	144	0.6000
reranked_top500_topicality0.8_correctness0.2.txt	binary.useful-correct	P_10	145	0.3000
reranked_top500_topicality0.8_correctness0.2.txt	binary.useful-correct	P_10	146	0.9000
reranked_top500_topicality0.8_correctness0.2.txt	binary.useful-correct	P_10	149	0.1000
reranked_top500_topicality0.8_correctness0.2.txt	binary.useful-correct	P_10	all	0.3706
reranked_top500_topicality0.8_correctness0.2.txt	binary.incorrect	P_10	101	1.0000
reranked_top500_topicality0.8_correctness0.2.txt	binary.incorrect	P_10	102	0.6000
reranked_top500_topicality0.8_correctness0.2.txt	binary.incorrect	P_10	103	0.6000
reranked_top500_topicality0.8_correctness0.2.txt	binary.incorrect	P_10	104	0.3000
reranked_top500_topicality0.8_correctness0.2.txt	binary.incorrect	P_10	105	0.2000
reranked_top500_topicality0.8_correctness0.2.txt	binary.incorrect	P_10	106	0.0000
reranked_top500_topicality0.8_correctness0.2.txt	binary.incorrect	P_10	107	0.0000
reranked_top500_topicality0.8_correctness0.2.txt	binary.incorrect	P_10	108	0.3000
reranked_top500_topicality0.8_correctness0.2.txt	binary.incorrect	P_10	109	0.2000
reranked_top500_topicality0.8_correctness0.2.txt	binary.incorrect	P_10	110	0.2000
reranked_top500_topicality0.8_correctness0.2.txt	binary.incorrect	P_10	111	0.7000
reranked_top500_topicality0.8_correctness0.2.txt	binary.incorrect	P_10	112	0.5000
reranked_top500_topicality0.8_correctness0.2.txt	binary.incorrect	P_10	114	0.1000
reranked_top500_topicality0.8_correctness0.2.txt	binary.incorrect	P_10	115	0.0000
reranked_top500_topicality0.8_correctness0.2.txt	binary.incorrect	P_10	117	0.1000
reranked_top500_topicality0.8_correctness0.2.txt	binary.incorrect	P_10	118	0.0000
reranked_top500_topicality0.8_correctness0.2.txt	binary.incorrect	P_10	120	0.0000
reranked_top500_topicality0.8_correctness0.2.txt	binary.incorrect	P_10	121	0.0000
reranked_top500_topicality0.8_correctness0.2.txt	binary.incorrect	P_10	122	0.1000
reranked_top500_topicality0.8_correctness0.2.txt	binary.incorrect	P_10	128	0.8000
reranked_top500_topicality0.8_correctness0.2.txt	binary.incorrect	P_10	129	0.0000
reranked_top500_topicality0.8_correctness0.2.txt	binary.incorrect	P_10	131	0.0000
reranked_top500_topicality0.8_correctness0.2.txt	binary.incorrect	P_10	132	0.7000
reranked_top500_topicality0.8_correctness0.2.txt	binary.incorrect	P_10	134	0.1000
reranked_top500_topicality0.8_correctness0.2.txt	binary.incorrect	P_10	136	0.0000
reranked_top500_topicality0.8_correctness0.2.txt	binary.incorrect	P_10	137	0.2000
reranked_top500_topicality0.8_correctness0.2.txt	binary.incorrect	P_10	139	0.9000
reranked_top500_topicality0.8_correctness0.2.txt	binary.incorrect	P_10	140	0.0000
reranked_top500_topicality0.8_correctness0.2.txt	binary.incorrect	P_10	143	0.3000
reranked_top500_topicality0.8_correctness0.2.txt	binary.incorrect	P_10	144	0.0000
reranked_top500_topicality0.8_correctness0.2.txt	binary.incorrect	P_10	146	0.0000
reranked_top500_topicality0.8_correctness0.2.txt	binary.incorrect	P_10	149	0.0000
reranked_top500_topicality0.8_correctness0.2.txt	binary.incorrect	P_10	all	0.2469
reranked_top500_topicality0.8_correctness0.2.txt	binary.useful-correct	ndcg	102	0.3020
reranked_top500_topicality0.8_correctness0.2.txt	binary.useful-correct	ndcg	103	0.4209
reranked_top500_topicality0.8_correctness0.2.txt	binary.useful-correct	ndcg	104	0.0762
reranked_top500_topicality0.8_correctness0.2.txt	binary.useful-correct	ndcg	105	0.4413
reranked_top500_topicality0.8_correctness0.2.txt	binary.useful-correct	ndcg	106	0.8085
reranked_top500_topicality0.8_correctness0.2.txt	binary.useful-correct	ndcg	107	0.5566
reranked_top500_topicality0.8_correctness0.2.txt	binary.useful-correct	ndcg	108	0.5482
reranked_top500_topicality0.8_correctness0.2.txt	binary.useful-correct	ndcg	109	0.5827
reranked_top500_topicality0.8_correctness0.2.txt	binary.useful-correct	ndcg	110	0.7368
reranked_top500_topicality0.8_correctness0.2.txt	binary.useful-correct	ndcg	111	0.1005
reranked_top500_topicality0.8_correctness0.2.txt	binary.useful-correct	ndcg	112	0.0000
reranked_top500_topicality0.8_correctness0.2.txt	binary.useful-correct	ndcg	114	0.2302
reranked_top500_topicality0.8_correctness0.2.txt	binary.useful-correct	ndcg	115	0.7574
reranked_top500_topicality0.8_correctness0.2.txt	binary.useful-correct	ndcg	117	0.3538
reranked_top500_topicality0.8_correctness0.2.txt	binary.useful-correct	ndcg	118	0.9057
reranked_top500_topicality0.8_correctness0.2.txt	binary.useful-correct	ndcg	120	0.6038
reranked_top500_topicality0.8_correctness0.2.txt	binary.useful-correct	ndcg	121	0.1224
reranked_top500_topicality0.8_correctness0.2.txt	binary.useful-correct	ndcg	122	0.2584
reranked_top500_topicality0.8_correctness0.2.txt	binary.useful-correct	ndcg	127	0.6246
reranked_top500_topicality0.8_correctness0.2.txt	binary.useful-correct	ndcg	128	0.3457
reranked_top500_topicality0.8_correctness0.2.txt	binary.useful-correct	ndcg	129	0.4721
reranked_top500_topicality0.8_correctness0.2.txt	binary.useful-correct	ndcg	131	0.6784
reranked_top500_topicality0.8_correctness0.2.txt	binary.useful-correct	ndcg	132	0.2350
reranked_top500_topicality0.8_correctness0.2.txt	binary.useful-correct	ndcg	133	0.4583
reranked_top500_topicality0.8_correctness0.2.txt	binary.useful-correct	ndcg	134	0.6725
reranked_top500_topicality0.8_correctness0.2.txt	binary.useful-correct	ndcg	136	0.3779
reranked_top500_topicality0.8_correctness0.2.txt	binary.useful-correct	ndcg	137	0.2122
reranked_top500_topicality0.8_correctness0.2.txt	binary.useful-correct	ndcg	139	0.3507
reranked_top500_topicality0.8_correctness0.2.txt	binary.useful-correct	ndcg	140	0.3773
reranked_top500_topicality0.8_correctness0.2.txt	binary.useful-correct	ndcg	143	0.5961
reranked_top500_topicality0.8_correctness0.2.txt	binary.useful-correct	ndcg	144	0.4693
reranked_top500_topicality0.8_correctness0.2.txt	binary.useful-correct	ndcg	145	0.5515
reranked_top500_topicality0.8_correctness0.2.txt	binary.useful-correct	ndcg	146	0.6123
reranked_top500_topicality0.8_correctness0.2.txt	binary.useful-correct	ndcg	149	0.5225
reranked_top500_topicality0.8_correctness0.2.txt	binary.useful-correct	ndcg	all	0.4518
reranked_top500_topicality0.8_correctness0.2.txt	binary.useful-credible	ndcg	101	0.4970
reranked_top500_topicality0.8_correctness0.2.txt	binary.useful-credible	ndcg	102	0.4372
reranked_top500_topicality0.8_correctness0.2.txt	binary.useful-credible	ndcg	103	0.6687
reranked_top500_topicality0.8_correctness0.2.txt	binary.useful-credible	ndcg	104	0.6125
reranked_top500_topicality0.8_correctness0.2.txt	binary.useful-credible	ndcg	105	0.3342
reranked_top500_topicality0.8_correctness0.2.txt	binary.useful-credible	ndcg	106	0.5807
reranked_top500_topicality0.8_correctness0.2.txt	binary.useful-credible	ndcg	107	0.5038
reranked_top500_topicality0.8_correctness0.2.txt	binary.useful-credible	ndcg	108	0.4648
reranked_top500_topicality0.8_correctness0.2.txt	binary.useful-credible	ndcg	109	0.6465
reranked_top500_topicality0.8_correctness0.2.txt	binary.useful-credible	ndcg	110	0.5474
reranked_top500_topicality0.8_correctness0.2.txt	binary.useful-credible	ndcg	111	0.5587
reranked_top500_topicality0.8_correctness0.2.txt	binary.useful-credible	ndcg	112	0.3325
reranked_top500_topicality0.8_correctness0.2.txt	binary.useful-credible	ndcg	114	0.1067
reranked_top500_topicality0.8_correctness0.2.txt	binary.useful-credible	ndcg	115	0.5164
reranked_top500_topicality0.8_correctness0.2.txt	binary.useful-credible	ndcg	117	0.4116
reranked_top500_topicality0.8_correctness0.2.txt	binary.useful-credible	ndcg	118	0.8265
reranked_top500_topicality0.8_correctness0.2.txt	binary.useful-credible	ndcg	120	0.6824
reranked_top500_topicality0.8_correctness0.2.txt	binary.useful-credible	ndcg	121	0.1592
reranked_top500_topicality0.8_correctness0.2.txt	binary.useful-credible	ndcg	122	0.4574
reranked_top500_topicality0.8_correctness0.2.txt	binary.useful-credible	ndcg	127	0.6006
reranked_top500_topicality0.8_correctness0.2.txt	binary.useful-credible	ndcg	128	0.8928
reranked_top500_topicality0.8_correctness0.2.txt	binary.useful-credible	ndcg	129	0.5738
reranked_top500_topicality0.8_correctness0.2.txt	binary.useful-credible	ndcg	131	0.5672
reranked_top500_topicality0.8_correctness0.2.txt	binary.useful-credible	ndcg	132	0.3627
reranked_top500_topicality0.8_correctness0.2.txt	binary.useful-credible	ndcg	133	0.4480
reranked_top500_topicality0.8_correctness0.2.txt	binary.useful-credible	ndcg	134	0.5519
reranked_top500_topicality0.8_correctness0.2.txt	binary.useful-credible	ndcg	136	0.5598
reranked_top500_topicality0.8_correctness0.2.txt	binary.useful-credible	ndcg	137	0.2670
reranked_top500_topicality0.8_correctness0.2.txt	binary.useful-credible	ndcg	139	0.3679
reranked_top500_topicality0.8_correctness0.2.txt	binary.useful-credible	ndcg	140	0.4810
reranked_top500_topicality0.8_correctness0.2.txt	binary.useful-credible	ndcg	143	0.6683
reranked_top500_topicality0.8_correctness0.2.txt	binary.useful-credible	ndcg	144	0.4445
reranked_top500_topicality0.8_correctness0.2.txt	binary.useful-credible	ndcg	145	0.5691
reranked_top500_topicality0.8_correctness0.2.txt	binary.useful-credible	ndcg	146	0.5098
reranked_top500_topicality0.8_correctness0.2.txt	binary.useful-credible	ndcg	149	0.5746
reranked_top500_topicality0.8_correctness0.2.txt	binary.useful-credible	ndcg	all	0.5081
reranked_top500_topicality0.8_correctness0.2.txt	binary.useful-correct-credible	ndcg	102	0.2733
reranked_top500_topicality0.8_correctness0.2.txt	binary.useful-correct-credible	ndcg	103	0.4047
reranked_top500_topicality0.8_correctness0.2.txt	binary.useful-correct-credible	ndcg	104	0.0762
reranked_top500_topicality0.8_correctness0.2.txt	binary.useful-correct-credible	ndcg	105	0.2867
reranked_top500_topicality0.8_correctness0.2.txt	binary.useful-correct-credible	ndcg	106	0.5807
reranked_top500_topicality0.8_correctness0.2.txt	binary.useful-correct-credible	ndcg	107	0.4823
reranked_top500_topicality0.8_correctness0.2.txt	binary.useful-correct-credible	ndcg	108	0.4595
reranked_top500_topicality0.8_correctness0.2.txt	binary.useful-correct-credible	ndcg	109	0.5920
reranked_top500_topicality0.8_correctness0.2.txt	binary.useful-correct-credible	ndcg	110	0.2213
reranked_top500_topicality0.8_correctness0.2.txt	binary.useful-correct-credible	ndcg	111	0.0668
reranked_top500_topicality0.8_correctness0.2.txt	binary.useful-correct-credible	ndcg	114	0.1202
reranked_top500_topicality0.8_correctness0.2.txt	binary.useful-correct-credible	ndcg	115	0.5255
reranked_top500_topicality0.8_correctness0.2.txt	binary.useful-correct-credible	ndcg	117	0.3280
reranked_top500_topicality0.8_correctness0.2.txt	binary.useful-correct-credible	ndcg	118	0.8251
reranked_top500_topicality0.8_correctness0.2.txt	binary.useful-correct-credible	ndcg	120	0.5224
reranked_top500_topicality0.8_correctness0.2.txt	binary.useful-correct-credible	ndcg	121	0.0941
reranked_top500_topicality0.8_correctness0.2.txt	binary.useful-correct-credible	ndcg	122	0.2037
reranked_top500_topicality0.8_correctness0.2.txt	binary.useful-correct-credible	ndcg	127	0.5286
reranked_top500_topicality0.8_correctness0.2.txt	binary.useful-correct-credible	ndcg	128	0.3457
reranked_top500_topicality0.8_correctness0.2.txt	binary.useful-correct-credible	ndcg	129	0.4646
reranked_top500_topicality0.8_correctness0.2.txt	binary.useful-correct-credible	ndcg	131	0.6203
reranked_top500_topicality0.8_correctness0.2.txt	binary.useful-correct-credible	ndcg	132	0.1817
reranked_top500_topicality0.8_correctness0.2.txt	binary.useful-correct-credible	ndcg	133	0.4556
reranked_top500_topicality0.8_correctness0.2.txt	binary.useful-correct-credible	ndcg	134	0.5503
reranked_top500_topicality0.8_correctness0.2.txt	binary.useful-correct-credible	ndcg	136	0.3779
reranked_top500_topicality0.8_correctness0.2.txt	binary.useful-correct-credible	ndcg	137	0.2321
reranked_top500_topicality0.8_correctness0.2.txt	binary.useful-correct-credible	ndcg	139	0.3007
reranked_top500_topicality0.8_correctness0.2.txt	binary.useful-correct-credible	ndcg	140	0.3807
reranked_top500_topicality0.8_correctness0.2.txt	binary.useful-correct-credible	ndcg	143	0.5761
reranked_top500_topicality0.8_correctness0.2.txt	binary.useful-correct-credible	ndcg	144	0.4696
reranked_top500_topicality0.8_correctness0.2.txt	binary.useful-correct-credible	ndcg	145	0.5361
reranked_top500_topicality0.8_correctness0.2.txt	binary.useful-correct-credible	ndcg	146	0.5011
reranked_top500_topicality0.8_correctness0.2.txt	binary.useful-correct-credible	ndcg	149	0.5184
reranked_top500_topicality0.8_correctness0.2.txt	binary.useful-correct-credible	ndcg	all	0.3970
reranked_top500_topicality0.8_correctness0.2.txt	graded.harmful-only	compatibility	101	0.2921
reranked_top500_topicality0.8_correctness0.2.txt	graded.harmful-only	compatibility	102	0.0784
reranked_top500_topicality0.8_correctness0.2.txt	graded.harmful-only	compatibility	103	0.2809
reranked_top500_topicality0.8_correctness0.2.txt	graded.harmful-only	compatibility	104	0.1429
reranked_top500_topicality0.8_correctness0.2.txt	graded.harmful-only	compatibility	105	0.1009
reranked_top500_topicality0.8_correctness0.2.txt	graded.harmful-only	compatibility	106	0.0000
reranked_top500_topicality0.8_correctness0.2.txt	graded.harmful-only	compatibility	107	0.0037
reranked_top500_topicality0.8_correctness0.2.txt	graded.harmful-only	compatibility	108	0.2729
reranked_top500_topicality0.8_correctness0.2.txt	graded.harmful-only	compatibility	109	0.0958
reranked_top500_topicality0.8_correctness0.2.txt	graded.harmful-only	compatibility	110	0.0926
reranked_top500_topicality0.8_correctness0.2.txt	graded.harmful-only	compatibility	111	0.3592
reranked_top500_topicality0.8_correctness0.2.txt	graded.harmful-only	compatibility	112	0.2629
reranked_top500_topicality0.8_correctness0.2.txt	graded.harmful-only	compatibility	114	0.0464
reranked_top500_topicality0.8_correctness0.2.txt	graded.harmful-only	compatibility	115	0.0111
reranked_top500_topicality0.8_correctness0.2.txt	graded.harmful-only	compatibility	117	0.1225
reranked_top500_topicality0.8_correctness0.2.txt	graded.harmful-only	compatibility	118	0.0001
reranked_top500_topicality0.8_correctness0.2.txt	graded.harmful-only	compatibility	120	0.0000
reranked_top500_topicality0.8_correctness0.2.txt	graded.harmful-only	compatibility	121	0.0013
reranked_top500_topicality0.8_correctness0.2.txt	graded.harmful-only	compatibility	122	0.0939
reranked_top500_topicality0.8_correctness0.2.txt	graded.harmful-only	compatibility	128	0.8495
reranked_top500_topicality0.8_correctness0.2.txt	graded.harmful-only	compatibility	129	0.0136
reranked_top500_topicality0.8_correctness0.2.txt	graded.harmful-only	compatibility	131	0.0000
reranked_top500_topicality0.8_correctness0.2.txt	graded.harmful-only	compatibility	132	0.1820
reranked_top500_topicality0.8_correctness0.2.txt	graded.harmful-only	compatibility	134	0.1124
reranked_top500_topicality0.8_correctness0.2.txt	graded.harmful-only	compatibility	136	0.0000
reranked_top500_topicality0.8_correctness0.2.txt	graded.harmful-only	compatibility	137	0.1695
reranked_top500_topicality0.8_correctness0.2.txt	graded.harmful-only	compatibility	139	0.2863
reranked_top500_topicality0.8_correctness0.2.txt	graded.harmful-only	compatibility	140	0.0000
reranked_top500_topicality0.8_correctness0.2.txt	graded.harmful-only	compatibility	143	0.1837
reranked_top500_topicality0.8_correctness0.2.txt	graded.harmful-only	compatibility	144	0.0000
reranked_top500_topicality0.8_correctness0.2.txt	graded.harmful-only	compatibility	146	0.0000
reranked_top500_topicality0.8_correctness0.2.txt	graded.harmful-only	compatibility	149	0.0011
reranked_top500_topicality0.8_correctness0.2.txt	graded.harmful-only	compatibility	all	0.1267
reranked_top500_topicality0.8_correctness0.2.txt	graded.helpful-only	compatibility	101	0.0265
reranked_top500_topicality0.8_correctness0.2.txt	graded.helpful-only	compatibility	102	0.0345
reranked_top500_topicality0.8_correctness0.2.txt	graded.helpful-only	compatibility	103	0.1777
reranked_top500_topicality0.8_correctness0.2.txt	graded.helpful-only	compatibility	104	0.0000
reranked_top500_topicality0.8_correctness0.2.txt	graded.helpful-only	compatibility	105	0.0199
reranked_top500_topicality0.8_correctness0.2.txt	graded.helpful-only	compatibility	106	0.2518
reranked_top500_topicality0.8_correctness0.2.txt	graded.helpful-only	compatibility	107	0.2451
reranked_top500_topicality0.8_correctness0.2.txt	graded.helpful-only	compatibility	108	0.1339
reranked_top500_topicality0.8_correctness0.2.txt	graded.helpful-only	compatibility	109	0.3473
reranked_top500_topicality0.8_correctness0.2.txt	graded.helpful-only	compatibility	110	0.3556
reranked_top500_topicality0.8_correctness0.2.txt	graded.helpful-only	compatibility	111	0.0311
reranked_top500_topicality0.8_correctness0.2.txt	graded.helpful-only	compatibility	112	0.1713
reranked_top500_topicality0.8_correctness0.2.txt	graded.helpful-only	compatibility	114	0.0459
reranked_top500_topicality0.8_correctness0.2.txt	graded.helpful-only	compatibility	115	0.0880
reranked_top500_topicality0.8_correctness0.2.txt	graded.helpful-only	compatibility	117	0.1845
reranked_top500_topicality0.8_correctness0.2.txt	graded.helpful-only	compatibility	118	0.0638
reranked_top500_topicality0.8_correctness0.2.txt	graded.helpful-only	compatibility	120	0.1342
reranked_top500_topicality0.8_correctness0.2.txt	graded.helpful-only	compatibility	121	0.1048
reranked_top500_topicality0.8_correctness0.2.txt	graded.helpful-only	compatibility	122	0.0941
reranked_top500_topicality0.8_correctness0.2.txt	graded.helpful-only	compatibility	127	0.2291
reranked_top500_topicality0.8_correctness0.2.txt	graded.helpful-only	compatibility	128	0.0790
reranked_top500_topicality0.8_correctness0.2.txt	graded.helpful-only	compatibility	129	0.1435
reranked_top500_topicality0.8_correctness0.2.txt	graded.helpful-only	compatibility	131	0.1335
reranked_top500_topicality0.8_correctness0.2.txt	graded.helpful-only	compatibility	132	0.1276
reranked_top500_topicality0.8_correctness0.2.txt	graded.helpful-only	compatibility	133	0.4203
reranked_top500_topicality0.8_correctness0.2.txt	graded.helpful-only	compatibility	134	0.1790
reranked_top500_topicality0.8_correctness0.2.txt	graded.helpful-only	compatibility	136	0.1094
reranked_top500_topicality0.8_correctness0.2.txt	graded.helpful-only	compatibility	137	0.0665
reranked_top500_topicality0.8_correctness0.2.txt	graded.helpful-only	compatibility	139	0.0201
reranked_top500_topicality0.8_correctness0.2.txt	graded.helpful-only	compatibility	140	0.0943
reranked_top500_topicality0.8_correctness0.2.txt	graded.helpful-only	compatibility	143	0.2046
reranked_top500_topicality0.8_correctness0.2.txt	graded.helpful-only	compatibility	144	0.4068
reranked_top500_topicality0.8_correctness0.2.txt	graded.helpful-only	compatibility	145	0.2844
reranked_top500_topicality0.8_correctness0.2.txt	graded.helpful-only	compatibility	146	0.1142
reranked_top500_topicality0.8_correctness0.2.txt	graded.helpful-only	compatibility	149	0.1061
reranked_top500_topicality0.8_correctness0.2.txt	graded.helpful-only	compatibility	all	0.1494
