run	qrels	measure	topic	score
reranked_top500_topicality1.0_correctness0.0.txt	2aspects.correct-credible	cam_map	101	0.1210
reranked_top500_topicality1.0_correctness0.0.txt	2aspects.correct-credible	cam_map	102	0.0719
reranked_top500_topicality1.0_correctness0.0.txt	2aspects.correct-credible	cam_map	103	0.1751
reranked_top500_topicality1.0_correctness0.0.txt	2aspects.correct-credible	cam_map	104	0.1244
reranked_top500_topicality1.0_correctness0.0.txt	2aspects.correct-credible	cam_map	105	0.1074
reranked_top500_topicality1.0_correctness0.0.txt	2aspects.correct-credible	cam_map	106	0.3302
reranked_top500_topicality1.0_correctness0.0.txt	2aspects.correct-credible	cam_map	107	0.1720
reranked_top500_topicality1.0_correctness0.0.txt	2aspects.correct-credible	cam_map	108	0.1352
reranked_top500_topicality1.0_correctness0.0.txt	2aspects.correct-credible	cam_map	109	0.2289
reranked_top500_topicality1.0_correctness0.0.txt	2aspects.correct-credible	cam_map	110	0.3130
reranked_top500_topicality1.0_correctness0.0.txt	2aspects.correct-credible	cam_map	111	0.1058
reranked_top500_topicality1.0_correctness0.0.txt	2aspects.correct-credible	cam_map	112	0.0162
reranked_top500_topicality1.0_correctness0.0.txt	2aspects.correct-credible	cam_map	114	0.0118
reranked_top500_topicality1.0_correctness0.0.txt	2aspects.correct-credible	cam_map	115	0.2805
reranked_top500_topicality1.0_correctness0.0.txt	2aspects.correct-credible	cam_map	117	0.0884
reranked_top500_topicality1.0_correctness0.0.txt	2aspects.correct-credible	cam_map	118	0.5114
reranked_top500_topicality1.0_correctness0.0.txt	2aspects.correct-credible	cam_map	120	0.2389
reranked_top500_topicality1.0_correctness0.0.txt	2aspects.correct-credible	cam_map	121	0.0064
reranked_top500_topicality1.0_correctness0.0.txt	2aspects.correct-credible	cam_map	122	0.0666
reranked_top500_topicality1.0_correctness0.0.txt	2aspects.correct-credible	cam_map	127	0.2548
reranked_top500_topicality1.0_correctness0.0.txt	2aspects.correct-credible	cam_map	128	0.3379
reranked_top500_topicality1.0_correctness0.0.txt	2aspects.correct-credible	cam_map	129	0.1780
reranked_top500_topicality1.0_correctness0.0.txt	2aspects.correct-credible	cam_map	131	0.2619
reranked_top500_topicality1.0_correctness0.0.txt	2aspects.correct-credible	cam_map	132	0.0558
reranked_top500_topicality1.0_correctness0.0.txt	2aspects.correct-credible	cam_map	133	0.1957
reranked_top500_topicality1.0_correctness0.0.txt	2aspects.correct-credible	cam_map	134	0.1973
reranked_top500_topicality1.0_correctness0.0.txt	2aspects.correct-credible	cam_map	136	0.1681
reranked_top500_topicality1.0_correctness0.0.txt	2aspects.correct-credible	cam_map	137	0.0500
reranked_top500_topicality1.0_correctness0.0.txt	2aspects.correct-credible	cam_map	139	0.0440
reranked_top500_topicality1.0_correctness0.0.txt	2aspects.correct-credible	cam_map	140	0.1382
reranked_top500_topicality1.0_correctness0.0.txt	2aspects.correct-credible	cam_map	143	0.2096
reranked_top500_topicality1.0_correctness0.0.txt	2aspects.correct-credible	cam_map	144	0.1657
reranked_top500_topicality1.0_correctness0.0.txt	2aspects.correct-credible	cam_map	145	0.2063
reranked_top500_topicality1.0_correctness0.0.txt	2aspects.correct-credible	cam_map	146	0.2361
reranked_top500_topicality1.0_correctness0.0.txt	2aspects.correct-credible	cam_map	149	0.1711
reranked_top500_topicality1.0_correctness0.0.txt	2aspects.correct-credible	cam_map	all	0.1707
reranked_top500_topicality1.0_correctness0.0.txt	2aspects.useful-credible	cam_map	101	0.3250
reranked_top500_topicality1.0_correctness0.0.txt	2aspects.useful-credible	cam_map	102	0.1987
reranked_top500_topicality1.0_correctness0.0.txt	2aspects.useful-credible	cam_map	103	0.3038
reranked_top500_topicality1.0_correctness0.0.txt	2aspects.useful-credible	cam_map	104	0.3015
reranked_top500_topicality1.0_correctness0.0.txt	2aspects.useful-credible	cam_map	105	0.1491
reranked_top500_topicality1.0_correctness0.0.txt	2aspects.useful-credible	cam_map	106	0.3301
reranked_top500_topicality1.0_correctness0.0.txt	2aspects.useful-credible	cam_map	107	0.1754
reranked_top500_topicality1.0_correctness0.0.txt	2aspects.useful-credible	cam_map	108	0.1736
reranked_top500_topicality1.0_correctness0.0.txt	2aspects.useful-credible	cam_map	109	0.3529
reranked_top500_topicality1.0_correctness0.0.txt	2aspects.useful-credible	cam_map	110	0.3334
reranked_top500_topicality1.0_correctness0.0.txt	2aspects.useful-credible	cam_map	111	0.2344
reranked_top500_topicality1.0_correctness0.0.txt	2aspects.useful-credible	cam_map	112	0.2074
reranked_top500_topicality1.0_correctness0.0.txt	2aspects.useful-credible	cam_map	114	0.1173
reranked_top500_topicality1.0_correctness0.0.txt	2aspects.useful-credible	cam_map	115	0.2899
reranked_top500_topicality1.0_correctness0.0.txt	2aspects.useful-credible	cam_map	117	0.1328
reranked_top500_topicality1.0_correctness0.0.txt	2aspects.useful-credible	cam_map	118	0.5221
reranked_top500_topicality1.0_correctness0.0.txt	2aspects.useful-credible	cam_map	120	0.3550
reranked_top500_topicality1.0_correctness0.0.txt	2aspects.useful-credible	cam_map	121	0.1249
reranked_top500_topicality1.0_correctness0.0.txt	2aspects.useful-credible	cam_map	122	0.1480
reranked_top500_topicality1.0_correctness0.0.txt	2aspects.useful-credible	cam_map	127	0.2834
reranked_top500_topicality1.0_correctness0.0.txt	2aspects.useful-credible	cam_map	128	0.6522
reranked_top500_topicality1.0_correctness0.0.txt	2aspects.useful-credible	cam_map	129	0.2559
reranked_top500_topicality1.0_correctness0.0.txt	2aspects.useful-credible	cam_map	131	0.2569
reranked_top500_topicality1.0_correctness0.0.txt	2aspects.useful-credible	cam_map	132	0.1459
reranked_top500_topicality1.0_correctness0.0.txt	2aspects.useful-credible	cam_map	133	0.1967
reranked_top500_topicality1.0_correctness0.0.txt	2aspects.useful-credible	cam_map	134	0.2504
reranked_top500_topicality1.0_correctness0.0.txt	2aspects.useful-credible	cam_map	136	0.2780
reranked_top500_topicality1.0_correctness0.0.txt	2aspects.useful-credible	cam_map	137	0.0557
reranked_top500_topicality1.0_correctness0.0.txt	2aspects.useful-credible	cam_map	139	0.2490
reranked_top500_topicality1.0_correctness0.0.txt	2aspects.useful-credible	cam_map	140	0.1843
reranked_top500_topicality1.0_correctness0.0.txt	2aspects.useful-credible	cam_map	143	0.2893
reranked_top500_topicality1.0_correctness0.0.txt	2aspects.useful-credible	cam_map	144	0.1739
reranked_top500_topicality1.0_correctness0.0.txt	2aspects.useful-credible	cam_map	145	0.2255
reranked_top500_topicality1.0_correctness0.0.txt	2aspects.useful-credible	cam_map	146	0.2416
reranked_top500_topicality1.0_correctness0.0.txt	2aspects.useful-credible	cam_map	149	0.1970
reranked_top500_topicality1.0_correctness0.0.txt	2aspects.useful-credible	cam_map	all	0.2489
reranked_top500_topicality1.0_correctness0.0.txt	3aspects	cam_map_three	101	0.2167
reranked_top500_topicality1.0_correctness0.0.txt	3aspects	cam_map_three	102	0.1440
reranked_top500_topicality1.0_correctness0.0.txt	3aspects	cam_map_three	103	0.2200
reranked_top500_topicality1.0_correctness0.0.txt	3aspects	cam_map_three	104	0.2016
reranked_top500_topicality1.0_correctness0.0.txt	3aspects	cam_map_three	105	0.1482
reranked_top500_topicality1.0_correctness0.0.txt	3aspects	cam_map_three	106	0.3813
reranked_top500_topicality1.0_correctness0.0.txt	3aspects	cam_map_three	107	0.1886
reranked_top500_topicality1.0_correctness0.0.txt	3aspects	cam_map_three	108	0.1650
reranked_top500_topicality1.0_correctness0.0.txt	3aspects	cam_map_three	109	0.2898
reranked_top500_topicality1.0_correctness0.0.txt	3aspects	cam_map_three	110	0.3688
reranked_top500_topicality1.0_correctness0.0.txt	3aspects	cam_map_three	111	0.1569
reranked_top500_topicality1.0_correctness0.0.txt	3aspects	cam_map_three	112	0.1383
reranked_top500_topicality1.0_correctness0.0.txt	3aspects	cam_map_three	114	0.0846
reranked_top500_topicality1.0_correctness0.0.txt	3aspects	cam_map_three	115	0.3328
reranked_top500_topicality1.0_correctness0.0.txt	3aspects	cam_map_three	117	0.1147
reranked_top500_topicality1.0_correctness0.0.txt	3aspects	cam_map_three	118	0.5544
reranked_top500_topicality1.0_correctness0.0.txt	3aspects	cam_map_three	120	0.2998
reranked_top500_topicality1.0_correctness0.0.txt	3aspects	cam_map_three	121	0.0847
reranked_top500_topicality1.0_correctness0.0.txt	3aspects	cam_map_three	122	0.1051
reranked_top500_topicality1.0_correctness0.0.txt	3aspects	cam_map_three	127	0.2842
reranked_top500_topicality1.0_correctness0.0.txt	3aspects	cam_map_three	128	0.4434
reranked_top500_topicality1.0_correctness0.0.txt	3aspects	cam_map_three	129	0.2047
reranked_top500_topicality1.0_correctness0.0.txt	3aspects	cam_map_three	131	0.2875
reranked_top500_topicality1.0_correctness0.0.txt	3aspects	cam_map_three	132	0.1111
reranked_top500_topicality1.0_correctness0.0.txt	3aspects	cam_map_three	133	0.1984
reranked_top500_topicality1.0_correctness0.0.txt	3aspects	cam_map_three	134	0.2529
reranked_top500_topicality1.0_correctness0.0.txt	3aspects	cam_map_three	136	0.2074
reranked_top500_topicality1.0_correctness0.0.txt	3aspects	cam_map_three	137	0.0528
reranked_top500_topicality1.0_correctness0.0.txt	3aspects	cam_map_three	139	0.1788
reranked_top500_topicality1.0_correctness0.0.txt	3aspects	cam_map_three	140	0.1533
reranked_top500_topicality1.0_correctness0.0.txt	3aspects	cam_map_three	143	0.2485
reranked_top500_topicality1.0_correctness0.0.txt	3aspects	cam_map_three	144	0.1692
reranked_top500_topicality1.0_correctness0.0.txt	3aspects	cam_map_three	145	0.2150
reranked_top500_topicality1.0_correctness0.0.txt	3aspects	cam_map_three	146	0.2571
reranked_top500_topicality1.0_correctness0.0.txt	3aspects	cam_map_three	149	0.1804
reranked_top500_topicality1.0_correctness0.0.txt	3aspects	cam_map_three	all	0.2183
reranked_top500_topicality1.0_correctness0.0.txt	graded.usefulness	ndcg	101	0.6147
reranked_top500_topicality1.0_correctness0.0.txt	graded.usefulness	ndcg	102	0.4928
reranked_top500_topicality1.0_correctness0.0.txt	graded.usefulness	ndcg	103	0.6165
reranked_top500_topicality1.0_correctness0.0.txt	graded.usefulness	ndcg	104	0.7330
reranked_top500_topicality1.0_correctness0.0.txt	graded.usefulness	ndcg	105	0.4813
reranked_top500_topicality1.0_correctness0.0.txt	graded.usefulness	ndcg	106	0.7348
reranked_top500_topicality1.0_correctness0.0.txt	graded.usefulness	ndcg	107	0.5329
reranked_top500_topicality1.0_correctness0.0.txt	graded.usefulness	ndcg	108	0.5514
reranked_top500_topicality1.0_correctness0.0.txt	graded.usefulness	ndcg	109	0.6894
reranked_top500_topicality1.0_correctness0.0.txt	graded.usefulness	ndcg	110	0.6653
reranked_top500_topicality1.0_correctness0.0.txt	graded.usefulness	ndcg	111	0.5675
reranked_top500_topicality1.0_correctness0.0.txt	graded.usefulness	ndcg	112	0.6958
reranked_top500_topicality1.0_correctness0.0.txt	graded.usefulness	ndcg	114	0.4364
reranked_top500_topicality1.0_correctness0.0.txt	graded.usefulness	ndcg	115	0.7144
reranked_top500_topicality1.0_correctness0.0.txt	graded.usefulness	ndcg	117	0.4516
reranked_top500_topicality1.0_correctness0.0.txt	graded.usefulness	ndcg	118	0.8330
reranked_top500_topicality1.0_correctness0.0.txt	graded.usefulness	ndcg	120	0.7422
reranked_top500_topicality1.0_correctness0.0.txt	graded.usefulness	ndcg	121	0.5266
reranked_top500_topicality1.0_correctness0.0.txt	graded.usefulness	ndcg	122	0.4955
reranked_top500_topicality1.0_correctness0.0.txt	graded.usefulness	ndcg	127	0.6565
reranked_top500_topicality1.0_correctness0.0.txt	graded.usefulness	ndcg	128	0.8736
reranked_top500_topicality1.0_correctness0.0.txt	graded.usefulness	ndcg	129	0.5663
reranked_top500_topicality1.0_correctness0.0.txt	graded.usefulness	ndcg	131	0.6725
reranked_top500_topicality1.0_correctness0.0.txt	graded.usefulness	ndcg	132	0.5529
reranked_top500_topicality1.0_correctness0.0.txt	graded.usefulness	ndcg	133	0.4679
reranked_top500_topicality1.0_correctness0.0.txt	graded.usefulness	ndcg	134	0.7268
reranked_top500_topicality1.0_correctness0.0.txt	graded.usefulness	ndcg	136	0.5005
reranked_top500_topicality1.0_correctness0.0.txt	graded.usefulness	ndcg	137	0.3428
reranked_top500_topicality1.0_correctness0.0.txt	graded.usefulness	ndcg	139	0.7900
reranked_top500_topicality1.0_correctness0.0.txt	graded.usefulness	ndcg	140	0.4426
reranked_top500_topicality1.0_correctness0.0.txt	graded.usefulness	ndcg	143	0.6643
reranked_top500_topicality1.0_correctness0.0.txt	graded.usefulness	ndcg	144	0.4370
reranked_top500_topicality1.0_correctness0.0.txt	graded.usefulness	ndcg	145	0.5826
reranked_top500_topicality1.0_correctness0.0.txt	graded.usefulness	ndcg	146	0.5343
reranked_top500_topicality1.0_correctness0.0.txt	graded.usefulness	ndcg	149	0.5382
reranked_top500_topicality1.0_correctness0.0.txt	graded.usefulness	ndcg	all	0.5978
reranked_top500_topicality1.0_correctness0.0.txt	binary.useful-correct	P_10	102	0.0000
reranked_top500_topicality1.0_correctness0.0.txt	binary.useful-correct	P_10	103	0.1000
reranked_top500_topicality1.0_correctness0.0.txt	binary.useful-correct	P_10	104	0.0000
reranked_top500_topicality1.0_correctness0.0.txt	binary.useful-correct	P_10	105	0.7000
reranked_top500_topicality1.0_correctness0.0.txt	binary.useful-correct	P_10	106	0.9000
reranked_top500_topicality1.0_correctness0.0.txt	binary.useful-correct	P_10	107	0.8000
reranked_top500_topicality1.0_correctness0.0.txt	binary.useful-correct	P_10	108	0.3000
reranked_top500_topicality1.0_correctness0.0.txt	binary.useful-correct	P_10	109	0.4000
reranked_top500_topicality1.0_correctness0.0.txt	binary.useful-correct	P_10	110	0.8000
reranked_top500_topicality1.0_correctness0.0.txt	binary.useful-correct	P_10	111	0.0000
reranked_top500_topicality1.0_correctness0.0.txt	binary.useful-correct	P_10	112	0.0000
reranked_top500_topicality1.0_correctness0.0.txt	binary.useful-correct	P_10	114	0.1000
reranked_top500_topicality1.0_correctness0.0.txt	binary.useful-correct	P_10	115	0.9000
reranked_top500_topicality1.0_correctness0.0.txt	binary.useful-correct	P_10	117	0.0000
reranked_top500_topicality1.0_correctness0.0.txt	binary.useful-correct	P_10	118	1.0000
reranked_top500_topicality1.0_correctness0.0.txt	binary.useful-correct	P_10	120	0.3000
reranked_top500_topicality1.0_correctness0.0.txt	binary.useful-correct	P_10	121	0.0000
reranked_top500_topicality1.0_correctness0.0.txt	binary.useful-correct	P_10	122	0.0000
reranked_top500_topicality1.0_correctness0.0.txt	binary.useful-correct	P_10	127	0.7000
reranked_top500_topicality1.0_correctness0.0.txt	binary.useful-correct	P_10	128	0.1000
reranked_top500_topicality1.0_correctness0.0.txt	binary.useful-correct	P_10	129	0.2000
reranked_top500_topicality1.0_correctness0.0.txt	binary.useful-correct	P_10	131	0.7000
reranked_top500_topicality1.0_correctness0.0.txt	binary.useful-correct	P_10	132	0.1000
reranked_top500_topicality1.0_correctness0.0.txt	binary.useful-correct	P_10	133	0.9000
reranked_top500_topicality1.0_correctness0.0.txt	binary.useful-correct	P_10	134	0.4000
reranked_top500_topicality1.0_correctness0.0.txt	binary.useful-correct	P_10	136	0.1000
reranked_top500_topicality1.0_correctness0.0.txt	binary.useful-correct	P_10	137	0.1000
reranked_top500_topicality1.0_correctness0.0.txt	binary.useful-correct	P_10	139	0.0000
reranked_top500_topicality1.0_correctness0.0.txt	binary.useful-correct	P_10	140	0.2000
reranked_top500_topicality1.0_correctness0.0.txt	binary.useful-correct	P_10	143	0.5000
reranked_top500_topicality1.0_correctness0.0.txt	binary.useful-correct	P_10	144	0.6000
reranked_top500_topicality1.0_correctness0.0.txt	binary.useful-correct	P_10	145	0.3000
reranked_top500_topicality1.0_correctness0.0.txt	binary.useful-correct	P_10	146	0.8000
reranked_top500_topicality1.0_correctness0.0.txt	binary.useful-correct	P_10	149	0.1000
reranked_top500_topicality1.0_correctness0.0.txt	binary.useful-correct	P_10	all	0.3559
reranked_top500_topicality1.0_correctness0.0.txt	binary.incorrect	P_10	101	1.0000
reranked_top500_topicality1.0_correctness0.0.txt	binary.incorrect	P_10	102	0.6000
reranked_top500_topicality1.0_correctness0.0.txt	binary.incorrect	P_10	103	0.7000
reranked_top500_topicality1.0_correctness0.0.txt	binary.incorrect	P_10	104	0.6000
reranked_top500_topicality1.0_correctness0.0.txt	binary.incorrect	P_10	105	0.2000
reranked_top500_topicality1.0_correctness0.0.txt	binary.incorrect	P_10	106	0.0000
reranked_top500_topicality1.0_correctness0.0.txt	binary.incorrect	P_10	107	0.0000
reranked_top500_topicality1.0_correctness0.0.txt	binary.incorrect	P_10	108	0.3000
reranked_top500_topicality1.0_correctness0.0.txt	binary.incorrect	P_10	109	0.1000
reranked_top500_topicality1.0_correctness0.0.txt	binary.incorrect	P_10	110	0.2000
reranked_top500_topicality1.0_correctness0.0.txt	binary.incorrect	P_10	111	0.8000
reranked_top500_topicality1.0_correctness0.0.txt	binary.incorrect	P_10	112	0.5000
reranked_top500_topicality1.0_correctness0.0.txt	binary.incorrect	P_10	114	0.1000
reranked_top500_topicality1.0_correctness0.0.txt	binary.incorrect	P_10	115	0.0000
reranked_top500_topicality1.0_correctness0.0.txt	binary.incorrect	P_10	117	0.1000
reranked_top500_topicality1.0_correctness0.0.txt	binary.incorrect	P_10	118	0.0000
reranked_top500_topicality1.0_correctness0.0.txt	binary.incorrect	P_10	120	0.0000
reranked_top500_topicality1.0_correctness0.0.txt	binary.incorrect	P_10	121	0.0000
reranked_top500_topicality1.0_correctness0.0.txt	binary.incorrect	P_10	122	0.1000
reranked_top500_topicality1.0_correctness0.0.txt	binary.incorrect	P_10	128	0.8000
reranked_top500_topicality1.0_correctness0.0.txt	binary.incorrect	P_10	129	0.0000
reranked_top500_topicality1.0_correctness0.0.txt	binary.incorrect	P_10	131	0.0000
reranked_top500_topicality1.0_correctness0.0.txt	binary.incorrect	P_10	132	0.7000
reranked_top500_topicality1.0_correctness0.0.txt	binary.incorrect	P_10	134	0.1000
reranked_top500_topicality1.0_correctness0.0.txt	binary.incorrect	P_10	136	0.0000
reranked_top500_topicality1.0_correctness0.0.txt	binary.incorrect	P_10	137	0.2000
reranked_top500_topicality1.0_correctness0.0.txt	binary.incorrect	P_10	139	1.0000
reranked_top500_topicality1.0_correctness0.0.txt	binary.incorrect	P_10	140	0.0000
reranked_top500_topicality1.0_correctness0.0.txt	binary.incorrect	P_10	143	0.2000
reranked_top500_topicality1.0_correctness0.0.txt	binary.incorrect	P_10	144	0.0000
reranked_top500_topicality1.0_correctness0.0.txt	binary.incorrect	P_10	146	0.0000
reranked_top500_topicality1.0_correctness0.0.txt	binary.incorrect	P_10	149	0.0000
reranked_top500_topicality1.0_correctness0.0.txt	binary.incorrect	P_10	all	0.2594
reranked_top500_topicality1.0_correctness0.0.txt	binary.useful-correct	ndcg	102	0.2977
reranked_top500_topicality1.0_correctness0.0.txt	binary.useful-correct	ndcg	103	0.4116
reranked_top500_topicality1.0_correctness0.0.txt	binary.useful-correct	ndcg	104	0.0753
reranked_top500_topicality1.0_correctness0.0.txt	binary.useful-correct	ndcg	105	0.4299
reranked_top500_topicality1.0_correctness0.0.txt	binary.useful-correct	ndcg	106	0.8070
reranked_top500_topicality1.0_correctness0.0.txt	binary.useful-correct	ndcg	107	0.5543
reranked_top500_topicality1.0_correctness0.0.txt	binary.useful-correct	ndcg	108	0.5332
reranked_top500_topicality1.0_correctness0.0.txt	binary.useful-correct	ndcg	109	0.5828
reranked_top500_topicality1.0_correctness0.0.txt	binary.useful-correct	ndcg	110	0.7570
reranked_top500_topicality1.0_correctness0.0.txt	binary.useful-correct	ndcg	111	0.1007
reranked_top500_topicality1.0_correctness0.0.txt	binary.useful-correct	ndcg	112	0.0000
reranked_top500_topicality1.0_correctness0.0.txt	binary.useful-correct	ndcg	114	0.2053
reranked_top500_topicality1.0_correctness0.0.txt	binary.useful-correct	ndcg	115	0.7578
reranked_top500_topicality1.0_correctness0.0.txt	binary.useful-correct	ndcg	117	0.3395
reranked_top500_topicality1.0_correctness0.0.txt	binary.useful-correct	ndcg	118	0.9056
reranked_top500_topicality1.0_correctness0.0.txt	binary.useful-correct	ndcg	120	0.6053
reranked_top500_topicality1.0_correctness0.0.txt	binary.useful-correct	ndcg	121	0.1215
reranked_top500_topicality1.0_correctness0.0.txt	binary.useful-correct	ndcg	122	0.2549
reranked_top500_topicality1.0_correctness0.0.txt	binary.useful-correct	ndcg	127	0.6229
reranked_top500_topicality1.0_correctness0.0.txt	binary.useful-correct	ndcg	128	0.3366
reranked_top500_topicality1.0_correctness0.0.txt	binary.useful-correct	ndcg	129	0.4750
reranked_top500_topicality1.0_correctness0.0.txt	binary.useful-correct	ndcg	131	0.6792
reranked_top500_topicality1.0_correctness0.0.txt	binary.useful-correct	ndcg	132	0.2305
reranked_top500_topicality1.0_correctness0.0.txt	binary.useful-correct	ndcg	133	0.4582
reranked_top500_topicality1.0_correctness0.0.txt	binary.useful-correct	ndcg	134	0.6688
reranked_top500_topicality1.0_correctness0.0.txt	binary.useful-correct	ndcg	136	0.3791
reranked_top500_topicality1.0_correctness0.0.txt	binary.useful-correct	ndcg	137	0.2393
reranked_top500_topicality1.0_correctness0.0.txt	binary.useful-correct	ndcg	139	0.3269
reranked_top500_topicality1.0_correctness0.0.txt	binary.useful-correct	ndcg	140	0.3752
reranked_top500_topicality1.0_correctness0.0.txt	binary.useful-correct	ndcg	143	0.5965
reranked_top500_topicality1.0_correctness0.0.txt	binary.useful-correct	ndcg	144	0.4628
reranked_top500_topicality1.0_correctness0.0.txt	binary.useful-correct	ndcg	145	0.5536
reranked_top500_topicality1.0_correctness0.0.txt	binary.useful-correct	ndcg	146	0.6049
reranked_top500_topicality1.0_correctness0.0.txt	binary.useful-correct	ndcg	149	0.5225
reranked_top500_topicality1.0_correctness0.0.txt	binary.useful-correct	ndcg	all	0.4492
reranked_top500_topicality1.0_correctness0.0.txt	binary.useful-credible	ndcg	101	0.4953
reranked_top500_topicality1.0_correctness0.0.txt	binary.useful-credible	ndcg	102	0.4298
reranked_top500_topicality1.0_correctness0.0.txt	binary.useful-credible	ndcg	103	0.6686
reranked_top500_topicality1.0_correctness0.0.txt	binary.useful-credible	ndcg	104	0.6389
reranked_top500_topicality1.0_correctness0.0.txt	binary.useful-credible	ndcg	105	0.3254
reranked_top500_topicality1.0_correctness0.0.txt	binary.useful-credible	ndcg	106	0.5788
reranked_top500_topicality1.0_correctness0.0.txt	binary.useful-credible	ndcg	107	0.4945
reranked_top500_topicality1.0_correctness0.0.txt	binary.useful-credible	ndcg	108	0.4522
reranked_top500_topicality1.0_correctness0.0.txt	binary.useful-credible	ndcg	109	0.6481
reranked_top500_topicality1.0_correctness0.0.txt	binary.useful-credible	ndcg	110	0.5369
reranked_top500_topicality1.0_correctness0.0.txt	binary.useful-credible	ndcg	111	0.5585
reranked_top500_topicality1.0_correctness0.0.txt	binary.useful-credible	ndcg	112	0.3329
reranked_top500_topicality1.0_correctness0.0.txt	binary.useful-credible	ndcg	114	0.1018
reranked_top500_topicality1.0_correctness0.0.txt	binary.useful-credible	ndcg	115	0.5119
reranked_top500_topicality1.0_correctness0.0.txt	binary.useful-credible	ndcg	117	0.3940
reranked_top500_topicality1.0_correctness0.0.txt	binary.useful-credible	ndcg	118	0.8262
reranked_top500_topicality1.0_correctness0.0.txt	binary.useful-credible	ndcg	120	0.6819
reranked_top500_topicality1.0_correctness0.0.txt	binary.useful-credible	ndcg	121	0.1579
reranked_top500_topicality1.0_correctness0.0.txt	binary.useful-credible	ndcg	122	0.4551
reranked_top500_topicality1.0_correctness0.0.txt	binary.useful-credible	ndcg	127	0.5965
reranked_top500_topicality1.0_correctness0.0.txt	binary.useful-credible	ndcg	128	0.8939
reranked_top500_topicality1.0_correctness0.0.txt	binary.useful-credible	ndcg	129	0.5739
reranked_top500_topicality1.0_correctness0.0.txt	binary.useful-credible	ndcg	131	0.5660
reranked_top500_topicality1.0_correctness0.0.txt	binary.useful-credible	ndcg	132	0.3530
reranked_top500_topicality1.0_correctness0.0.txt	binary.useful-credible	ndcg	133	0.4478
reranked_top500_topicality1.0_correctness0.0.txt	binary.useful-credible	ndcg	134	0.5411
reranked_top500_topicality1.0_correctness0.0.txt	binary.useful-credible	ndcg	136	0.5603
reranked_top500_topicality1.0_correctness0.0.txt	binary.useful-credible	ndcg	137	0.2701
reranked_top500_topicality1.0_correctness0.0.txt	binary.useful-credible	ndcg	139	0.3544
reranked_top500_topicality1.0_correctness0.0.txt	binary.useful-credible	ndcg	140	0.4813
reranked_top500_topicality1.0_correctness0.0.txt	binary.useful-credible	ndcg	143	0.6650
reranked_top500_topicality1.0_correctness0.0.txt	binary.useful-credible	ndcg	144	0.4405
reranked_top500_topicality1.0_correctness0.0.txt	binary.useful-credible	ndcg	145	0.5722
reranked_top500_topicality1.0_correctness0.0.txt	binary.useful-credible	ndcg	146	0.5142
reranked_top500_topicality1.0_correctness0.0.txt	binary.useful-credible	ndcg	149	0.5713
reranked_top500_topicality1.0_correctness0.0.txt	binary.useful-credible	ndcg	all	0.5054
reranked_top500_topicality1.0_correctness0.0.txt	binary.useful-correct-credible	ndcg	102	0.2693
reranked_top500_topicality1.0_correctness0.0.txt	binary.useful-correct-credible	ndcg	103	0.3907
reranked_top500_topicality1.0_correctness0.0.txt	binary.useful-correct-credible	ndcg	104	0.0753
reranked_top500_topicality1.0_correctness0.0.txt	binary.useful-correct-credible	ndcg	105	0.2785
reranked_top500_topicality1.0_correctness0.0.txt	binary.useful-correct-credible	ndcg	106	0.5788
reranked_top500_topicality1.0_correctness0.0.txt	binary.useful-correct-credible	ndcg	107	0.4741
reranked_top500_topicality1.0_correctness0.0.txt	binary.useful-correct-credible	ndcg	108	0.4477
reranked_top500_topicality1.0_correctness0.0.txt	binary.useful-correct-credible	ndcg	109	0.5926
reranked_top500_topicality1.0_correctness0.0.txt	binary.useful-correct-credible	ndcg	110	0.2234
reranked_top500_topicality1.0_correctness0.0.txt	binary.useful-correct-credible	ndcg	111	0.0670
reranked_top500_topicality1.0_correctness0.0.txt	binary.useful-correct-credible	ndcg	114	0.1116
reranked_top500_topicality1.0_correctness0.0.txt	binary.useful-correct-credible	ndcg	115	0.5202
reranked_top500_topicality1.0_correctness0.0.txt	binary.useful-correct-credible	ndcg	117	0.3110
reranked_top500_topicality1.0_correctness0.0.txt	binary.useful-correct-credible	ndcg	118	0.8242
reranked_top500_topicality1.0_correctness0.0.txt	binary.useful-correct-credible	ndcg	120	0.5196
reranked_top500_topicality1.0_correctness0.0.txt	binary.useful-correct-credible	ndcg	121	0.0939
reranked_top500_topicality1.0_correctness0.0.txt	binary.useful-correct-credible	ndcg	122	0.1980
reranked_top500_topicality1.0_correctness0.0.txt	binary.useful-correct-credible	ndcg	127	0.5277
reranked_top500_topicality1.0_correctness0.0.txt	binary.useful-correct-credible	ndcg	128	0.3366
reranked_top500_topicality1.0_correctness0.0.txt	binary.useful-correct-credible	ndcg	129	0.4679
reranked_top500_topicality1.0_correctness0.0.txt	binary.useful-correct-credible	ndcg	131	0.6190
reranked_top500_topicality1.0_correctness0.0.txt	binary.useful-correct-credible	ndcg	132	0.1817
reranked_top500_topicality1.0_correctness0.0.txt	binary.useful-correct-credible	ndcg	133	0.4553
reranked_top500_topicality1.0_correctness0.0.txt	binary.useful-correct-credible	ndcg	134	0.5400
reranked_top500_topicality1.0_correctness0.0.txt	binary.useful-correct-credible	ndcg	136	0.3791
reranked_top500_topicality1.0_correctness0.0.txt	binary.useful-correct-credible	ndcg	137	0.2712
reranked_top500_topicality1.0_correctness0.0.txt	binary.useful-correct-credible	ndcg	139	0.2868
reranked_top500_topicality1.0_correctness0.0.txt	binary.useful-correct-credible	ndcg	140	0.3785
reranked_top500_topicality1.0_correctness0.0.txt	binary.useful-correct-credible	ndcg	143	0.5787
reranked_top500_topicality1.0_correctness0.0.txt	binary.useful-correct-credible	ndcg	144	0.4633
reranked_top500_topicality1.0_correctness0.0.txt	binary.useful-correct-credible	ndcg	145	0.5397
reranked_top500_topicality1.0_correctness0.0.txt	binary.useful-correct-credible	ndcg	146	0.5056
reranked_top500_topicality1.0_correctness0.0.txt	binary.useful-correct-credible	ndcg	149	0.5183
reranked_top500_topicality1.0_correctness0.0.txt	binary.useful-correct-credible	ndcg	all	0.3947
reranked_top500_topicality1.0_correctness0.0.txt	graded.harmful-only	compatibility	101	0.2756
reranked_top500_topicality1.0_correctness0.0.txt	graded.harmful-only	compatibility	102	0.0730
reranked_top500_topicality1.0_correctness0.0.txt	graded.harmful-only	compatibility	103	0.2834
reranked_top500_topicality1.0_correctness0.0.txt	graded.harmful-only	compatibility	104	0.1819
reranked_top500_topicality1.0_correctness0.0.txt	graded.harmful-only	compatibility	105	0.0994
reranked_top500_topicality1.0_correctness0.0.txt	graded.harmful-only	compatibility	106	0.0000
reranked_top500_topicality1.0_correctness0.0.txt	graded.harmful-only	compatibility	107	0.0018
reranked_top500_topicality1.0_correctness0.0.txt	graded.harmful-only	compatibility	108	0.2751
reranked_top500_topicality1.0_correctness0.0.txt	graded.harmful-only	compatibility	109	0.0931
reranked_top500_topicality1.0_correctness0.0.txt	graded.harmful-only	compatibility	110	0.0944
reranked_top500_topicality1.0_correctness0.0.txt	graded.harmful-only	compatibility	111	0.3545
reranked_top500_topicality1.0_correctness0.0.txt	graded.harmful-only	compatibility	112	0.2641
reranked_top500_topicality1.0_correctness0.0.txt	graded.harmful-only	compatibility	114	0.0459
reranked_top500_topicality1.0_correctness0.0.txt	graded.harmful-only	compatibility	115	0.0104
reranked_top500_topicality1.0_correctness0.0.txt	graded.harmful-only	compatibility	117	0.0908
reranked_top500_topicality1.0_correctness0.0.txt	graded.harmful-only	compatibility	118	0.0001
reranked_top500_topicality1.0_correctness0.0.txt	graded.harmful-only	compatibility	120	0.0000
reranked_top500_topicality1.0_correctness0.0.txt	graded.harmful-only	compatibility	121	0.0016
reranked_top500_topicality1.0_correctness0.0.txt	graded.harmful-only	compatibility	122	0.0933
reranked_top500_topicality1.0_correctness0.0.txt	graded.harmful-only	compatibility	128	0.8713
reranked_top500_topicality1.0_correctness0.0.txt	graded.harmful-only	compatibility	129	0.0154
reranked_top500_topicality1.0_correctness0.0.txt	graded.harmful-only	compatibility	131	0.0000
reranked_top500_topicality1.0_correctness0.0.txt	graded.harmful-only	compatibility	132	0.1542
reranked_top500_topicality1.0_correctness0.0.txt	graded.harmful-only	compatibility	134	0.1099
reranked_top500_topicality1.0_correctness0.0.txt	graded.harmful-only	compatibility	136	0.0000
reranked_top500_topicality1.0_correctness0.0.txt	graded.harmful-only	compatibility	137	0.1393
reranked_top500_topicality1.0_correctness0.0.txt	graded.harmful-only	compatibility	139	0.2990
reranked_top500_topicality1.0_correctness0.0.txt	graded.harmful-only	compatibility	140	0.0000
reranked_top500_topicality1.0_correctness0.0.txt	graded.harmful-only	compatibility	143	0.1497
reranked_top500_topicality1.0_correctness0.0.txt	graded.harmful-only	compatibility	144	0.0000
reranked_top500_topicality1.0_correctness0.0.txt	graded.harmful-only	compatibility	146	0.0000
reranked_top500_topicality1.0_correctness0.0.txt	graded.harmful-only	compatibility	149	0.0013
reranked_top500_topicality1.0_correctness0.0.txt	graded.harmful-only	compatibility	all	0.1243
reranked_top500_topicality1.0_correctness0.0.txt	graded.helpful-only	compatibility	101	0.0321
reranked_top500_topicality1.0_correctness0.0.txt	graded.helpful-only	compatibility	102	0.0304
reranked_top500_topicality1.0_correctness0.0.txt	graded.helpful-only	compatibility	103	0.1524
reranked_top500_topicality1.0_correctness0.0.txt	graded.helpful-only	compatibility	104	0.0000
reranked_top500_topicality1.0_correctness0.0.txt	graded.helpful-only	compatibility	105	0.0155
reranked_top500_topicality1.0_correctness0.0.txt	graded.helpful-only	compatibility	106	0.2462
reranked_top500_topicality1.0_correctness0.0.txt	graded.helpful-only	compatibility	107	0.2324
reranked_top500_topicality1.0_correctness0.0.txt	graded.helpful-only	compatibility	108	0.1225
reranked_top500_topicality1.0_correctness0.0.txt	graded.helpful-only	compatibility	109	0.3293
reranked_top500_topicality1.0_correctness0.0.txt	graded.helpful-only	compatibility	110	0.3566
reranked_top500_topicality1.0_correctness0.0.txt	graded.helpful-only	compatibility	111	0.0292
reranked_top500_topicality1.0_correctness0.0.txt	graded.helpful-only	compatibility	112	0.1744
reranked_top500_topicality1.0_correctness0.0.txt	graded.helpful-only	compatibility	114	0.0369
reranked_top500_topicality1.0_correctness0.0.txt	graded.helpful-only	compatibility	115	0.0878
reranked_top500_topicality1.0_correctness0.0.txt	graded.helpful-only	compatibility	117	0.1561
reranked_top500_topicality1.0_correctness0.0.txt	graded.helpful-only	compatibility	118	0.0639
reranked_top500_topicality1.0_correctness0.0.txt	graded.helpful-only	compatibility	120	0.1284
reranked_top500_topicality1.0_correctness0.0.txt	graded.helpful-only	compatibility	121	0.1050
reranked_top500_topicality1.0_correctness0.0.txt	graded.helpful-only	compatibility	122	0.0907
reranked_top500_topicality1.0_correctness0.0.txt	graded.helpful-only	compatibility	127	0.2291
reranked_top500_topicality1.0_correctness0.0.txt	graded.helpful-only	compatibility	128	0.0582
reranked_top500_topicality1.0_correctness0.0.txt	graded.helpful-only	compatibility	129	0.1567
reranked_top500_topicality1.0_correctness0.0.txt	graded.helpful-only	compatibility	131	0.1412
reranked_top500_topicality1.0_correctness0.0.txt	graded.helpful-only	compatibility	132	0.1194
reranked_top500_topicality1.0_correctness0.0.txt	graded.helpful-only	compatibility	133	0.4613
reranked_top500_topicality1.0_correctness0.0.txt	graded.helpful-only	compatibility	134	0.1683
reranked_top500_topicality1.0_correctness0.0.txt	graded.helpful-only	compatibility	136	0.1093
reranked_top500_topicality1.0_correctness0.0.txt	graded.helpful-only	compatibility	137	0.0982
reranked_top500_topicality1.0_correctness0.0.txt	graded.helpful-only	compatibility	139	0.0018
reranked_top500_topicality1.0_correctness0.0.txt	graded.helpful-only	compatibility	140	0.0908
reranked_top500_topicality1.0_correctness0.0.txt	graded.helpful-only	compatibility	143	0.2135
reranked_top500_topicality1.0_correctness0.0.txt	graded.helpful-only	compatibility	144	0.3932
reranked_top500_topicality1.0_correctness0.0.txt	graded.helpful-only	compatibility	145	0.2934
reranked_top500_topicality1.0_correctness0.0.txt	graded.helpful-only	compatibility	146	0.0962
reranked_top500_topicality1.0_correctness0.0.txt	graded.helpful-only	compatibility	149	0.1068
reranked_top500_topicality1.0_correctness0.0.txt	graded.helpful-only	compatibility	all	0.1465
