run	qrels	measure	topic	score
reranked_top500_topicality0.4_correctness0.6.txt	2aspects.correct-credible	cam_map	101	0.1275
reranked_top500_topicality0.4_correctness0.6.txt	2aspects.correct-credible	cam_map	102	0.0841
reranked_top500_topicality0.4_correctness0.6.txt	2aspects.correct-credible	cam_map	103	0.1950
reranked_top500_topicality0.4_correctness0.6.txt	2aspects.correct-credible	cam_map	104	0.0896
reranked_top500_topicality0.4_correctness0.6.txt	2aspects.correct-credible	cam_map	105	0.1349
reranked_top500_topicality0.4_correctness0.6.txt	2aspects.correct-credible	cam_map	106	0.2937
reranked_top500_topicality0.4_correctness0.6.txt	2aspects.correct-credible	cam_map	107	0.1567
reranked_top500_topicality0.4_correctness0.6.txt	2aspects.correct-credible	cam_map	108	0.1594
reranked_top500_topicality0.4_correctness0.6.txt	2aspects.correct-credible	cam_map	109	0.2025
reranked_top500_topicality0.4_correctness0.6.txt	2aspects.correct-credible	cam_map	110	0.2511
reranked_top500_topicality0.4_correctness0.6.txt	2aspects.correct-credible	cam_map	111	0.0969
reranked_top500_topicality0.4_correctness0.6.txt	2aspects.correct-credible	cam_map	112	0.0160
reranked_top500_topicality0.4_correctness0.6.txt	2aspects.correct-credible	cam_map	114	0.0317
reranked_top500_topicality0.4_correctness0.6.txt	2aspects.correct-credible	cam_map	115	0.2856
reranked_top500_topicality0.4_correctness0.6.txt	2aspects.correct-credible	cam_map	117	0.1019
reranked_top500_topicality0.4_correctness0.6.txt	2aspects.correct-credible	cam_map	118	0.4428
reranked_top500_topicality0.4_correctness0.6.txt	2aspects.correct-credible	cam_map	120	0.2012
reranked_top500_topicality0.4_correctness0.6.txt	2aspects.correct-credible	cam_map	121	0.0072
reranked_top500_topicality0.4_correctness0.6.txt	2aspects.correct-credible	cam_map	122	0.0673
reranked_top500_topicality0.4_correctness0.6.txt	2aspects.correct-credible	cam_map	127	0.2161
reranked_top500_topicality0.4_correctness0.6.txt	2aspects.correct-credible	cam_map	128	0.3276
reranked_top500_topicality0.4_correctness0.6.txt	2aspects.correct-credible	cam_map	129	0.1616
reranked_top500_topicality0.4_correctness0.6.txt	2aspects.correct-credible	cam_map	131	0.2498
reranked_top500_topicality0.4_correctness0.6.txt	2aspects.correct-credible	cam_map	132	0.0603
reranked_top500_topicality0.4_correctness0.6.txt	2aspects.correct-credible	cam_map	133	0.1826
reranked_top500_topicality0.4_correctness0.6.txt	2aspects.correct-credible	cam_map	134	0.2266
reranked_top500_topicality0.4_correctness0.6.txt	2aspects.correct-credible	cam_map	136	0.1478
reranked_top500_topicality0.4_correctness0.6.txt	2aspects.correct-credible	cam_map	137	0.0154
reranked_top500_topicality0.4_correctness0.6.txt	2aspects.correct-credible	cam_map	139	0.1007
reranked_top500_topicality0.4_correctness0.6.txt	2aspects.correct-credible	cam_map	140	0.1371
reranked_top500_topicality0.4_correctness0.6.txt	2aspects.correct-credible	cam_map	143	0.2074
reranked_top500_topicality0.4_correctness0.6.txt	2aspects.correct-credible	cam_map	144	0.1626
reranked_top500_topicality0.4_correctness0.6.txt	2aspects.correct-credible	cam_map	145	0.1724
reranked_top500_topicality0.4_correctness0.6.txt	2aspects.correct-credible	cam_map	146	0.2280
reranked_top500_topicality0.4_correctness0.6.txt	2aspects.correct-credible	cam_map	149	0.1629
reranked_top500_topicality0.4_correctness0.6.txt	2aspects.correct-credible	cam_map	all	0.1630
reranked_top500_topicality0.4_correctness0.6.txt	2aspects.useful-credible	cam_map	101	0.3330
reranked_top500_topicality0.4_correctness0.6.txt	2aspects.useful-credible	cam_map	102	0.2076
reranked_top500_topicality0.4_correctness0.6.txt	2aspects.useful-credible	cam_map	103	0.2968
reranked_top500_topicality0.4_correctness0.6.txt	2aspects.useful-credible	cam_map	104	0.2110
reranked_top500_topicality0.4_correctness0.6.txt	2aspects.useful-credible	cam_map	105	0.1718
reranked_top500_topicality0.4_correctness0.6.txt	2aspects.useful-credible	cam_map	106	0.2953
reranked_top500_topicality0.4_correctness0.6.txt	2aspects.useful-credible	cam_map	107	0.1698
reranked_top500_topicality0.4_correctness0.6.txt	2aspects.useful-credible	cam_map	108	0.1916
reranked_top500_topicality0.4_correctness0.6.txt	2aspects.useful-credible	cam_map	109	0.3136
reranked_top500_topicality0.4_correctness0.6.txt	2aspects.useful-credible	cam_map	110	0.3154
reranked_top500_topicality0.4_correctness0.6.txt	2aspects.useful-credible	cam_map	111	0.2199
reranked_top500_topicality0.4_correctness0.6.txt	2aspects.useful-credible	cam_map	112	0.1878
reranked_top500_topicality0.4_correctness0.6.txt	2aspects.useful-credible	cam_map	114	0.1156
reranked_top500_topicality0.4_correctness0.6.txt	2aspects.useful-credible	cam_map	115	0.2948
reranked_top500_topicality0.4_correctness0.6.txt	2aspects.useful-credible	cam_map	117	0.1377
reranked_top500_topicality0.4_correctness0.6.txt	2aspects.useful-credible	cam_map	118	0.4650
reranked_top500_topicality0.4_correctness0.6.txt	2aspects.useful-credible	cam_map	120	0.3025
reranked_top500_topicality0.4_correctness0.6.txt	2aspects.useful-credible	cam_map	121	0.1140
reranked_top500_topicality0.4_correctness0.6.txt	2aspects.useful-credible	cam_map	122	0.1461
reranked_top500_topicality0.4_correctness0.6.txt	2aspects.useful-credible	cam_map	127	0.2596
reranked_top500_topicality0.4_correctness0.6.txt	2aspects.useful-credible	cam_map	128	0.5926
reranked_top500_topicality0.4_correctness0.6.txt	2aspects.useful-credible	cam_map	129	0.2334
reranked_top500_topicality0.4_correctness0.6.txt	2aspects.useful-credible	cam_map	131	0.2454
reranked_top500_topicality0.4_correctness0.6.txt	2aspects.useful-credible	cam_map	132	0.1480
reranked_top500_topicality0.4_correctness0.6.txt	2aspects.useful-credible	cam_map	133	0.1843
reranked_top500_topicality0.4_correctness0.6.txt	2aspects.useful-credible	cam_map	134	0.2650
reranked_top500_topicality0.4_correctness0.6.txt	2aspects.useful-credible	cam_map	136	0.2460
reranked_top500_topicality0.4_correctness0.6.txt	2aspects.useful-credible	cam_map	137	0.0298
reranked_top500_topicality0.4_correctness0.6.txt	2aspects.useful-credible	cam_map	139	0.2367
reranked_top500_topicality0.4_correctness0.6.txt	2aspects.useful-credible	cam_map	140	0.1815
reranked_top500_topicality0.4_correctness0.6.txt	2aspects.useful-credible	cam_map	143	0.2990
reranked_top500_topicality0.4_correctness0.6.txt	2aspects.useful-credible	cam_map	144	0.1642
reranked_top500_topicality0.4_correctness0.6.txt	2aspects.useful-credible	cam_map	145	0.1898
reranked_top500_topicality0.4_correctness0.6.txt	2aspects.useful-credible	cam_map	146	0.2338
reranked_top500_topicality0.4_correctness0.6.txt	2aspects.useful-credible	cam_map	149	0.1882
reranked_top500_topicality0.4_correctness0.6.txt	2aspects.useful-credible	cam_map	all	0.2339
reranked_top500_topicality0.4_correctness0.6.txt	3aspects	cam_map_three	101	0.2220
reranked_top500_topicality0.4_correctness0.6.txt	3aspects	cam_map_three	102	0.1540
reranked_top500_topicality0.4_correctness0.6.txt	3aspects	cam_map_three	103	0.2321
reranked_top500_topicality0.4_correctness0.6.txt	3aspects	cam_map_three	104	0.1415
reranked_top500_topicality0.4_correctness0.6.txt	3aspects	cam_map_three	105	0.1743
reranked_top500_topicality0.4_correctness0.6.txt	3aspects	cam_map_three	106	0.3459
reranked_top500_topicality0.4_correctness0.6.txt	3aspects	cam_map_three	107	0.1729
reranked_top500_topicality0.4_correctness0.6.txt	3aspects	cam_map_three	108	0.1891
reranked_top500_topicality0.4_correctness0.6.txt	3aspects	cam_map_three	109	0.2563
reranked_top500_topicality0.4_correctness0.6.txt	3aspects	cam_map_three	110	0.3092
reranked_top500_topicality0.4_correctness0.6.txt	3aspects	cam_map_three	111	0.1472
reranked_top500_topicality0.4_correctness0.6.txt	3aspects	cam_map_three	112	0.1252
reranked_top500_topicality0.4_correctness0.6.txt	3aspects	cam_map_three	114	0.0884
reranked_top500_topicality0.4_correctness0.6.txt	3aspects	cam_map_three	115	0.3332
reranked_top500_topicality0.4_correctness0.6.txt	3aspects	cam_map_three	117	0.1212
reranked_top500_topicality0.4_correctness0.6.txt	3aspects	cam_map_three	118	0.4910
reranked_top500_topicality0.4_correctness0.6.txt	3aspects	cam_map_three	120	0.2570
reranked_top500_topicality0.4_correctness0.6.txt	3aspects	cam_map_three	121	0.0778
reranked_top500_topicality0.4_correctness0.6.txt	3aspects	cam_map_three	122	0.1052
reranked_top500_topicality0.4_correctness0.6.txt	3aspects	cam_map_three	127	0.2447
reranked_top500_topicality0.4_correctness0.6.txt	3aspects	cam_map_three	128	0.4167
reranked_top500_topicality0.4_correctness0.6.txt	3aspects	cam_map_three	129	0.1865
reranked_top500_topicality0.4_correctness0.6.txt	3aspects	cam_map_three	131	0.2731
reranked_top500_topicality0.4_correctness0.6.txt	3aspects	cam_map_three	132	0.1124
reranked_top500_topicality0.4_correctness0.6.txt	3aspects	cam_map_three	133	0.1848
reranked_top500_topicality0.4_correctness0.6.txt	3aspects	cam_map_three	134	0.2752
reranked_top500_topicality0.4_correctness0.6.txt	3aspects	cam_map_three	136	0.1828
reranked_top500_topicality0.4_correctness0.6.txt	3aspects	cam_map_three	137	0.0215
reranked_top500_topicality0.4_correctness0.6.txt	3aspects	cam_map_three	139	0.1927
reranked_top500_topicality0.4_correctness0.6.txt	3aspects	cam_map_three	140	0.1517
reranked_top500_topicality0.4_correctness0.6.txt	3aspects	cam_map_three	143	0.2514
reranked_top500_topicality0.4_correctness0.6.txt	3aspects	cam_map_three	144	0.1634
reranked_top500_topicality0.4_correctness0.6.txt	3aspects	cam_map_three	145	0.1813
reranked_top500_topicality0.4_correctness0.6.txt	3aspects	cam_map_three	146	0.2497
reranked_top500_topicality0.4_correctness0.6.txt	3aspects	cam_map_three	149	0.1720
reranked_top500_topicality0.4_correctness0.6.txt	3aspects	cam_map_three	all	0.2058
reranked_top500_topicality0.4_correctness0.6.txt	graded.usefulness	ndcg	101	0.6159
reranked_top500_topicality0.4_correctness0.6.txt	graded.usefulness	ndcg	102	0.4999
reranked_top500_topicality0.4_correctness0.6.txt	graded.usefulness	ndcg	103	0.6146
reranked_top500_topicality0.4_correctness0.6.txt	graded.usefulness	ndcg	104	0.6431
reranked_top500_topicality0.4_correctness0.6.txt	graded.usefulness	ndcg	105	0.4912
reranked_top500_topicality0.4_correctness0.6.txt	graded.usefulness	ndcg	106	0.7133
reranked_top500_topicality0.4_correctness0.6.txt	graded.usefulness	ndcg	107	0.5063
reranked_top500_topicality0.4_correctness0.6.txt	graded.usefulness	ndcg	108	0.5487
reranked_top500_topicality0.4_correctness0.6.txt	graded.usefulness	ndcg	109	0.6553
reranked_top500_topicality0.4_correctness0.6.txt	graded.usefulness	ndcg	110	0.6468
reranked_top500_topicality0.4_correctness0.6.txt	graded.usefulness	ndcg	111	0.5484
reranked_top500_topicality0.4_correctness0.6.txt	graded.usefulness	ndcg	112	0.6375
reranked_top500_topicality0.4_correctness0.6.txt	graded.usefulness	ndcg	114	0.4275
reranked_top500_topicality0.4_correctness0.6.txt	graded.usefulness	ndcg	115	0.7111
reranked_top500_topicality0.4_correctness0.6.txt	graded.usefulness	ndcg	117	0.4640
reranked_top500_topicality0.4_correctness0.6.txt	graded.usefulness	ndcg	118	0.8075
reranked_top500_topicality0.4_correctness0.6.txt	graded.usefulness	ndcg	120	0.7109
reranked_top500_topicality0.4_correctness0.6.txt	graded.usefulness	ndcg	121	0.5145
reranked_top500_topicality0.4_correctness0.6.txt	graded.usefulness	ndcg	122	0.4919
reranked_top500_topicality0.4_correctness0.6.txt	graded.usefulness	ndcg	127	0.6092
reranked_top500_topicality0.4_correctness0.6.txt	graded.usefulness	ndcg	128	0.8545
reranked_top500_topicality0.4_correctness0.6.txt	graded.usefulness	ndcg	129	0.5277
reranked_top500_topicality0.4_correctness0.6.txt	graded.usefulness	ndcg	131	0.6646
reranked_top500_topicality0.4_correctness0.6.txt	graded.usefulness	ndcg	132	0.5373
reranked_top500_topicality0.4_correctness0.6.txt	graded.usefulness	ndcg	133	0.4602
reranked_top500_topicality0.4_correctness0.6.txt	graded.usefulness	ndcg	134	0.7201
reranked_top500_topicality0.4_correctness0.6.txt	graded.usefulness	ndcg	136	0.4836
reranked_top500_topicality0.4_correctness0.6.txt	graded.usefulness	ndcg	137	0.2843
reranked_top500_topicality0.4_correctness0.6.txt	graded.usefulness	ndcg	139	0.7345
reranked_top500_topicality0.4_correctness0.6.txt	graded.usefulness	ndcg	140	0.4468
reranked_top500_topicality0.4_correctness0.6.txt	graded.usefulness	ndcg	143	0.6720
reranked_top500_topicality0.4_correctness0.6.txt	graded.usefulness	ndcg	144	0.4390
reranked_top500_topicality0.4_correctness0.6.txt	graded.usefulness	ndcg	145	0.5559
reranked_top500_topicality0.4_correctness0.6.txt	graded.usefulness	ndcg	146	0.5380
reranked_top500_topicality0.4_correctness0.6.txt	graded.usefulness	ndcg	149	0.5265
reranked_top500_topicality0.4_correctness0.6.txt	graded.usefulness	ndcg	all	0.5801
reranked_top500_topicality0.4_correctness0.6.txt	binary.useful-correct	P_10	102	0.0000
reranked_top500_topicality0.4_correctness0.6.txt	binary.useful-correct	P_10	103	0.4000
reranked_top500_topicality0.4_correctness0.6.txt	binary.useful-correct	P_10	104	0.0000
reranked_top500_topicality0.4_correctness0.6.txt	binary.useful-correct	P_10	105	0.8000
reranked_top500_topicality0.4_correctness0.6.txt	binary.useful-correct	P_10	106	0.8000
reranked_top500_topicality0.4_correctness0.6.txt	binary.useful-correct	P_10	107	0.7000
reranked_top500_topicality0.4_correctness0.6.txt	binary.useful-correct	P_10	108	0.4000
reranked_top500_topicality0.4_correctness0.6.txt	binary.useful-correct	P_10	109	0.5000
reranked_top500_topicality0.4_correctness0.6.txt	binary.useful-correct	P_10	110	0.3000
reranked_top500_topicality0.4_correctness0.6.txt	binary.useful-correct	P_10	111	0.0000
reranked_top500_topicality0.4_correctness0.6.txt	binary.useful-correct	P_10	112	0.0000
reranked_top500_topicality0.4_correctness0.6.txt	binary.useful-correct	P_10	114	0.3000
reranked_top500_topicality0.4_correctness0.6.txt	binary.useful-correct	P_10	115	0.9000
reranked_top500_topicality0.4_correctness0.6.txt	binary.useful-correct	P_10	117	0.1000
reranked_top500_topicality0.4_correctness0.6.txt	binary.useful-correct	P_10	118	0.8000
reranked_top500_topicality0.4_correctness0.6.txt	binary.useful-correct	P_10	120	0.2000
reranked_top500_topicality0.4_correctness0.6.txt	binary.useful-correct	P_10	121	0.0000
reranked_top500_topicality0.4_correctness0.6.txt	binary.useful-correct	P_10	122	0.0000
reranked_top500_topicality0.4_correctness0.6.txt	binary.useful-correct	P_10	127	0.5000
reranked_top500_topicality0.4_correctness0.6.txt	binary.useful-correct	P_10	128	0.1000
reranked_top500_topicality0.4_correctness0.6.txt	binary.useful-correct	P_10	129	0.2000
reranked_top500_topicality0.4_correctness0.6.txt	binary.useful-correct	P_10	131	0.7000
reranked_top500_topicality0.4_correctness0.6.txt	binary.useful-correct	P_10	132	0.2000
reranked_top500_topicality0.4_correctness0.6.txt	binary.useful-correct	P_10	133	0.8000
reranked_top500_topicality0.4_correctness0.6.txt	binary.useful-correct	P_10	134	0.4000
reranked_top500_topicality0.4_correctness0.6.txt	binary.useful-correct	P_10	136	0.1000
reranked_top500_topicality0.4_correctness0.6.txt	binary.useful-correct	P_10	137	0.0000
reranked_top500_topicality0.4_correctness0.6.txt	binary.useful-correct	P_10	139	0.2000
reranked_top500_topicality0.4_correctness0.6.txt	binary.useful-correct	P_10	140	0.2000
reranked_top500_topicality0.4_correctness0.6.txt	binary.useful-correct	P_10	143	0.3000
reranked_top500_topicality0.4_correctness0.6.txt	binary.useful-correct	P_10	144	0.7000
reranked_top500_topicality0.4_correctness0.6.txt	binary.useful-correct	P_10	145	0.3000
reranked_top500_topicality0.4_correctness0.6.txt	binary.useful-correct	P_10	146	0.8000
reranked_top500_topicality0.4_correctness0.6.txt	binary.useful-correct	P_10	149	0.0000
reranked_top500_topicality0.4_correctness0.6.txt	binary.useful-correct	P_10	all	0.3441
reranked_top500_topicality0.4_correctness0.6.txt	binary.incorrect	P_10	101	1.0000
reranked_top500_topicality0.4_correctness0.6.txt	binary.incorrect	P_10	102	0.5000
reranked_top500_topicality0.4_correctness0.6.txt	binary.incorrect	P_10	103	0.3000
reranked_top500_topicality0.4_correctness0.6.txt	binary.incorrect	P_10	104	0.0000
reranked_top500_topicality0.4_correctness0.6.txt	binary.incorrect	P_10	105	0.1000
reranked_top500_topicality0.4_correctness0.6.txt	binary.incorrect	P_10	106	0.0000
reranked_top500_topicality0.4_correctness0.6.txt	binary.incorrect	P_10	107	0.1000
reranked_top500_topicality0.4_correctness0.6.txt	binary.incorrect	P_10	108	0.2000
reranked_top500_topicality0.4_correctness0.6.txt	binary.incorrect	P_10	109	0.1000
reranked_top500_topicality0.4_correctness0.6.txt	binary.incorrect	P_10	110	0.5000
reranked_top500_topicality0.4_correctness0.6.txt	binary.incorrect	P_10	111	0.4000
reranked_top500_topicality0.4_correctness0.6.txt	binary.incorrect	P_10	112	0.4000
reranked_top500_topicality0.4_correctness0.6.txt	binary.incorrect	P_10	114	0.1000
reranked_top500_topicality0.4_correctness0.6.txt	binary.incorrect	P_10	115	0.0000
reranked_top500_topicality0.4_correctness0.6.txt	binary.incorrect	P_10	117	0.1000
reranked_top500_topicality0.4_correctness0.6.txt	binary.incorrect	P_10	118	0.0000
reranked_top500_topicality0.4_correctness0.6.txt	binary.incorrect	P_10	120	0.0000
reranked_top500_topicality0.4_correctness0.6.txt	binary.incorrect	P_10	121	0.0000
reranked_top500_topicality0.4_correctness0.6.txt	binary.incorrect	P_10	122	0.1000
reranked_top500_topicality0.4_correctness0.6.txt	binary.incorrect	P_10	128	0.6000
reranked_top500_topicality0.4_correctness0.6.txt	binary.incorrect	P_10	129	0.0000
reranked_top500_topicality0.4_correctness0.6.txt	binary.incorrect	P_10	131	0.0000
reranked_top500_topicality0.4_correctness0.6.txt	binary.incorrect	P_10	132	0.4000
reranked_top500_topicality0.4_correctness0.6.txt	binary.incorrect	P_10	134	0.1000
reranked_top500_topicality0.4_correctness0.6.txt	binary.incorrect	P_10	136	0.0000
reranked_top500_topicality0.4_correctness0.6.txt	binary.incorrect	P_10	137	0.2000
reranked_top500_topicality0.4_correctness0.6.txt	binary.incorrect	P_10	139	0.4000
reranked_top500_topicality0.4_correctness0.6.txt	binary.incorrect	P_10	140	0.0000
reranked_top500_topicality0.4_correctness0.6.txt	binary.incorrect	P_10	143	0.5000
reranked_top500_topicality0.4_correctness0.6.txt	binary.incorrect	P_10	144	0.0000
reranked_top500_topicality0.4_correctness0.6.txt	binary.incorrect	P_10	146	0.0000
reranked_top500_topicality0.4_correctness0.6.txt	binary.incorrect	P_10	149	0.0000
reranked_top500_topicality0.4_correctness0.6.txt	binary.incorrect	P_10	all	0.1906
reranked_top500_topicality0.4_correctness0.6.txt	binary.useful-correct	ndcg	102	0.3144
reranked_top500_topicality0.4_correctness0.6.txt	binary.useful-correct	ndcg	103	0.4795
reranked_top500_topicality0.4_correctness0.6.txt	binary.useful-correct	ndcg	104	0.0801
reranked_top500_topicality0.4_correctness0.6.txt	binary.useful-correct	ndcg	105	0.4506
reranked_top500_topicality0.4_correctness0.6.txt	binary.useful-correct	ndcg	106	0.7935
reranked_top500_topicality0.4_correctness0.6.txt	binary.useful-correct	ndcg	107	0.5114
reranked_top500_topicality0.4_correctness0.6.txt	binary.useful-correct	ndcg	108	0.5481
reranked_top500_topicality0.4_correctness0.6.txt	binary.useful-correct	ndcg	109	0.5386
reranked_top500_topicality0.4_correctness0.6.txt	binary.useful-correct	ndcg	110	0.6087
reranked_top500_topicality0.4_correctness0.6.txt	binary.useful-correct	ndcg	111	0.0993
reranked_top500_topicality0.4_correctness0.6.txt	binary.useful-correct	ndcg	112	0.0000
reranked_top500_topicality0.4_correctness0.6.txt	binary.useful-correct	ndcg	114	0.2353
reranked_top500_topicality0.4_correctness0.6.txt	binary.useful-correct	ndcg	115	0.7557
reranked_top500_topicality0.4_correctness0.6.txt	binary.useful-correct	ndcg	117	0.3523
reranked_top500_topicality0.4_correctness0.6.txt	binary.useful-correct	ndcg	118	0.8501
reranked_top500_topicality0.4_correctness0.6.txt	binary.useful-correct	ndcg	120	0.5737
reranked_top500_topicality0.4_correctness0.6.txt	binary.useful-correct	ndcg	121	0.1252
reranked_top500_topicality0.4_correctness0.6.txt	binary.useful-correct	ndcg	122	0.2657
reranked_top500_topicality0.4_correctness0.6.txt	binary.useful-correct	ndcg	127	0.5511
reranked_top500_topicality0.4_correctness0.6.txt	binary.useful-correct	ndcg	128	0.4316
reranked_top500_topicality0.4_correctness0.6.txt	binary.useful-correct	ndcg	129	0.4558
reranked_top500_topicality0.4_correctness0.6.txt	binary.useful-correct	ndcg	131	0.6706
reranked_top500_topicality0.4_correctness0.6.txt	binary.useful-correct	ndcg	132	0.2257
reranked_top500_topicality0.4_correctness0.6.txt	binary.useful-correct	ndcg	133	0.4503
reranked_top500_topicality0.4_correctness0.6.txt	binary.useful-correct	ndcg	134	0.6814
reranked_top500_topicality0.4_correctness0.6.txt	binary.useful-correct	ndcg	136	0.3598
reranked_top500_topicality0.4_correctness0.6.txt	binary.useful-correct	ndcg	137	0.1451
reranked_top500_topicality0.4_correctness0.6.txt	binary.useful-correct	ndcg	139	0.4688
reranked_top500_topicality0.4_correctness0.6.txt	binary.useful-correct	ndcg	140	0.3763
reranked_top500_topicality0.4_correctness0.6.txt	binary.useful-correct	ndcg	143	0.5884
reranked_top500_topicality0.4_correctness0.6.txt	binary.useful-correct	ndcg	144	0.4654
reranked_top500_topicality0.4_correctness0.6.txt	binary.useful-correct	ndcg	145	0.5290
reranked_top500_topicality0.4_correctness0.6.txt	binary.useful-correct	ndcg	146	0.6029
reranked_top500_topicality0.4_correctness0.6.txt	binary.useful-correct	ndcg	149	0.5128
reranked_top500_topicality0.4_correctness0.6.txt	binary.useful-correct	ndcg	all	0.4440
reranked_top500_topicality0.4_correctness0.6.txt	binary.useful-credible	ndcg	101	0.5154
reranked_top500_topicality0.4_correctness0.6.txt	binary.useful-credible	ndcg	102	0.4373
reranked_top500_topicality0.4_correctness0.6.txt	binary.useful-credible	ndcg	103	0.6617
reranked_top500_topicality0.4_correctness0.6.txt	binary.useful-credible	ndcg	104	0.5778
reranked_top500_topicality0.4_correctness0.6.txt	binary.useful-credible	ndcg	105	0.3349
reranked_top500_topicality0.4_correctness0.6.txt	binary.useful-credible	ndcg	106	0.5160
reranked_top500_topicality0.4_correctness0.6.txt	binary.useful-credible	ndcg	107	0.4705
reranked_top500_topicality0.4_correctness0.6.txt	binary.useful-credible	ndcg	108	0.4516
reranked_top500_topicality0.4_correctness0.6.txt	binary.useful-credible	ndcg	109	0.6145
reranked_top500_topicality0.4_correctness0.6.txt	binary.useful-credible	ndcg	110	0.5908
reranked_top500_topicality0.4_correctness0.6.txt	binary.useful-credible	ndcg	111	0.5277
reranked_top500_topicality0.4_correctness0.6.txt	binary.useful-credible	ndcg	112	0.3295
reranked_top500_topicality0.4_correctness0.6.txt	binary.useful-credible	ndcg	114	0.1685
reranked_top500_topicality0.4_correctness0.6.txt	binary.useful-credible	ndcg	115	0.5408
reranked_top500_topicality0.4_correctness0.6.txt	binary.useful-credible	ndcg	117	0.4305
reranked_top500_topicality0.4_correctness0.6.txt	binary.useful-credible	ndcg	118	0.7657
reranked_top500_topicality0.4_correctness0.6.txt	binary.useful-credible	ndcg	120	0.6362
reranked_top500_topicality0.4_correctness0.6.txt	binary.useful-credible	ndcg	121	0.1607
reranked_top500_topicality0.4_correctness0.6.txt	binary.useful-credible	ndcg	122	0.4361
reranked_top500_topicality0.4_correctness0.6.txt	binary.useful-credible	ndcg	127	0.5905
reranked_top500_topicality0.4_correctness0.6.txt	binary.useful-credible	ndcg	128	0.8751
reranked_top500_topicality0.4_correctness0.6.txt	binary.useful-credible	ndcg	129	0.5411
reranked_top500_topicality0.4_correctness0.6.txt	binary.useful-credible	ndcg	131	0.5467
reranked_top500_topicality0.4_correctness0.6.txt	binary.useful-credible	ndcg	132	0.3597
reranked_top500_topicality0.4_correctness0.6.txt	binary.useful-credible	ndcg	133	0.4425
reranked_top500_topicality0.4_correctness0.6.txt	binary.useful-credible	ndcg	134	0.5581
reranked_top500_topicality0.4_correctness0.6.txt	binary.useful-credible	ndcg	136	0.5448
reranked_top500_topicality0.4_correctness0.6.txt	binary.useful-credible	ndcg	137	0.2221
reranked_top500_topicality0.4_correctness0.6.txt	binary.useful-credible	ndcg	139	0.4436
reranked_top500_topicality0.4_correctness0.6.txt	binary.useful-credible	ndcg	140	0.4829
reranked_top500_topicality0.4_correctness0.6.txt	binary.useful-credible	ndcg	143	0.6690
reranked_top500_topicality0.4_correctness0.6.txt	binary.useful-credible	ndcg	144	0.4363
reranked_top500_topicality0.4_correctness0.6.txt	binary.useful-credible	ndcg	145	0.5416
reranked_top500_topicality0.4_correctness0.6.txt	binary.useful-credible	ndcg	146	0.5012
reranked_top500_topicality0.4_correctness0.6.txt	binary.useful-credible	ndcg	149	0.5573
reranked_top500_topicality0.4_correctness0.6.txt	binary.useful-credible	ndcg	all	0.4994
reranked_top500_topicality0.4_correctness0.6.txt	binary.useful-correct-credible	ndcg	102	0.2790
reranked_top500_topicality0.4_correctness0.6.txt	binary.useful-correct-credible	ndcg	103	0.4489
reranked_top500_topicality0.4_correctness0.6.txt	binary.useful-correct-credible	ndcg	104	0.0801
reranked_top500_topicality0.4_correctness0.6.txt	binary.useful-correct-credible	ndcg	105	0.2902
reranked_top500_topicality0.4_correctness0.6.txt	binary.useful-correct-credible	ndcg	106	0.5160
reranked_top500_topicality0.4_correctness0.6.txt	binary.useful-correct-credible	ndcg	107	0.4120
reranked_top500_topicality0.4_correctness0.6.txt	binary.useful-correct-credible	ndcg	108	0.4499
reranked_top500_topicality0.4_correctness0.6.txt	binary.useful-correct-credible	ndcg	109	0.5416
reranked_top500_topicality0.4_correctness0.6.txt	binary.useful-correct-credible	ndcg	110	0.2120
reranked_top500_topicality0.4_correctness0.6.txt	binary.useful-correct-credible	ndcg	111	0.0653
reranked_top500_topicality0.4_correctness0.6.txt	binary.useful-correct-credible	ndcg	114	0.2585
reranked_top500_topicality0.4_correctness0.6.txt	binary.useful-correct-credible	ndcg	115	0.5571
reranked_top500_topicality0.4_correctness0.6.txt	binary.useful-correct-credible	ndcg	117	0.3280
reranked_top500_topicality0.4_correctness0.6.txt	binary.useful-correct-credible	ndcg	118	0.7590
reranked_top500_topicality0.4_correctness0.6.txt	binary.useful-correct-credible	ndcg	120	0.5000
reranked_top500_topicality0.4_correctness0.6.txt	binary.useful-correct-credible	ndcg	121	0.0932
reranked_top500_topicality0.4_correctness0.6.txt	binary.useful-correct-credible	ndcg	122	0.2281
reranked_top500_topicality0.4_correctness0.6.txt	binary.useful-correct-credible	ndcg	127	0.4252
reranked_top500_topicality0.4_correctness0.6.txt	binary.useful-correct-credible	ndcg	128	0.4316
reranked_top500_topicality0.4_correctness0.6.txt	binary.useful-correct-credible	ndcg	129	0.4453
reranked_top500_topicality0.4_correctness0.6.txt	binary.useful-correct-credible	ndcg	131	0.5965
reranked_top500_topicality0.4_correctness0.6.txt	binary.useful-correct-credible	ndcg	132	0.1607
reranked_top500_topicality0.4_correctness0.6.txt	binary.useful-correct-credible	ndcg	133	0.4493
reranked_top500_topicality0.4_correctness0.6.txt	binary.useful-correct-credible	ndcg	134	0.5544
reranked_top500_topicality0.4_correctness0.6.txt	binary.useful-correct-credible	ndcg	136	0.3598
reranked_top500_topicality0.4_correctness0.6.txt	binary.useful-correct-credible	ndcg	137	0.1353
reranked_top500_topicality0.4_correctness0.6.txt	binary.useful-correct-credible	ndcg	139	0.3655
reranked_top500_topicality0.4_correctness0.6.txt	binary.useful-correct-credible	ndcg	140	0.3796
reranked_top500_topicality0.4_correctness0.6.txt	binary.useful-correct-credible	ndcg	143	0.5610
reranked_top500_topicality0.4_correctness0.6.txt	binary.useful-correct-credible	ndcg	144	0.4645
reranked_top500_topicality0.4_correctness0.6.txt	binary.useful-correct-credible	ndcg	145	0.5107
reranked_top500_topicality0.4_correctness0.6.txt	binary.useful-correct-credible	ndcg	146	0.4927
reranked_top500_topicality0.4_correctness0.6.txt	binary.useful-correct-credible	ndcg	149	0.5088
reranked_top500_topicality0.4_correctness0.6.txt	binary.useful-correct-credible	ndcg	all	0.3897
reranked_top500_topicality0.4_correctness0.6.txt	graded.harmful-only	compatibility	101	0.3958
reranked_top500_topicality0.4_correctness0.6.txt	graded.harmful-only	compatibility	102	0.0559
reranked_top500_topicality0.4_correctness0.6.txt	graded.harmful-only	compatibility	103	0.2664
reranked_top500_topicality0.4_correctness0.6.txt	graded.harmful-only	compatibility	104	0.0599
reranked_top500_topicality0.4_correctness0.6.txt	graded.harmful-only	compatibility	105	0.0678
reranked_top500_topicality0.4_correctness0.6.txt	graded.harmful-only	compatibility	106	0.0000
reranked_top500_topicality0.4_correctness0.6.txt	graded.harmful-only	compatibility	107	0.0705
reranked_top500_topicality0.4_correctness0.6.txt	graded.harmful-only	compatibility	108	0.1242
reranked_top500_topicality0.4_correctness0.6.txt	graded.harmful-only	compatibility	109	0.0363
reranked_top500_topicality0.4_correctness0.6.txt	graded.harmful-only	compatibility	110	0.1219
reranked_top500_topicality0.4_correctness0.6.txt	graded.harmful-only	compatibility	111	0.3068
reranked_top500_topicality0.4_correctness0.6.txt	graded.harmful-only	compatibility	112	0.2510
reranked_top500_topicality0.4_correctness0.6.txt	graded.harmful-only	compatibility	114	0.0417
reranked_top500_topicality0.4_correctness0.6.txt	graded.harmful-only	compatibility	115	0.0104
reranked_top500_topicality0.4_correctness0.6.txt	graded.harmful-only	compatibility	117	0.1811
reranked_top500_topicality0.4_correctness0.6.txt	graded.harmful-only	compatibility	118	0.0000
reranked_top500_topicality0.4_correctness0.6.txt	graded.harmful-only	compatibility	120	0.0000
reranked_top500_topicality0.4_correctness0.6.txt	graded.harmful-only	compatibility	121	0.0003
reranked_top500_topicality0.4_correctness0.6.txt	graded.harmful-only	compatibility	122	0.0758
reranked_top500_topicality0.4_correctness0.6.txt	graded.harmful-only	compatibility	128	0.6626
reranked_top500_topicality0.4_correctness0.6.txt	graded.harmful-only	compatibility	129	0.0184
reranked_top500_topicality0.4_correctness0.6.txt	graded.harmful-only	compatibility	131	0.0000
reranked_top500_topicality0.4_correctness0.6.txt	graded.harmful-only	compatibility	132	0.1570
reranked_top500_topicality0.4_correctness0.6.txt	graded.harmful-only	compatibility	134	0.1394
reranked_top500_topicality0.4_correctness0.6.txt	graded.harmful-only	compatibility	136	0.0000
reranked_top500_topicality0.4_correctness0.6.txt	graded.harmful-only	compatibility	137	0.1312
reranked_top500_topicality0.4_correctness0.6.txt	graded.harmful-only	compatibility	139	0.2291
reranked_top500_topicality0.4_correctness0.6.txt	graded.harmful-only	compatibility	140	0.0000
reranked_top500_topicality0.4_correctness0.6.txt	graded.harmful-only	compatibility	143	0.2830
reranked_top500_topicality0.4_correctness0.6.txt	graded.harmful-only	compatibility	144	0.0000
reranked_top500_topicality0.4_correctness0.6.txt	graded.harmful-only	compatibility	146	0.0000
reranked_top500_topicality0.4_correctness0.6.txt	graded.harmful-only	compatibility	149	0.0018
reranked_top500_topicality0.4_correctness0.6.txt	graded.harmful-only	compatibility	all	0.1153
reranked_top500_topicality0.4_correctness0.6.txt	graded.helpful-only	compatibility	101	0.0176
reranked_top500_topicality0.4_correctness0.6.txt	graded.helpful-only	compatibility	102	0.0384
reranked_top500_topicality0.4_correctness0.6.txt	graded.helpful-only	compatibility	103	0.1688
reranked_top500_topicality0.4_correctness0.6.txt	graded.helpful-only	compatibility	104	0.0000
reranked_top500_topicality0.4_correctness0.6.txt	graded.helpful-only	compatibility	105	0.0343
reranked_top500_topicality0.4_correctness0.6.txt	graded.helpful-only	compatibility	106	0.2282
reranked_top500_topicality0.4_correctness0.6.txt	graded.helpful-only	compatibility	107	0.2221
reranked_top500_topicality0.4_correctness0.6.txt	graded.helpful-only	compatibility	108	0.1614
reranked_top500_topicality0.4_correctness0.6.txt	graded.helpful-only	compatibility	109	0.3424
reranked_top500_topicality0.4_correctness0.6.txt	graded.helpful-only	compatibility	110	0.3209
reranked_top500_topicality0.4_correctness0.6.txt	graded.helpful-only	compatibility	111	0.0389
reranked_top500_topicality0.4_correctness0.6.txt	graded.helpful-only	compatibility	112	0.1174
reranked_top500_topicality0.4_correctness0.6.txt	graded.helpful-only	compatibility	114	0.1542
reranked_top500_topicality0.4_correctness0.6.txt	graded.helpful-only	compatibility	115	0.0843
reranked_top500_topicality0.4_correctness0.6.txt	graded.helpful-only	compatibility	117	0.1788
reranked_top500_topicality0.4_correctness0.6.txt	graded.helpful-only	compatibility	118	0.0635
reranked_top500_topicality0.4_correctness0.6.txt	graded.helpful-only	compatibility	120	0.1132
reranked_top500_topicality0.4_correctness0.6.txt	graded.helpful-only	compatibility	121	0.1017
reranked_top500_topicality0.4_correctness0.6.txt	graded.helpful-only	compatibility	122	0.0869
reranked_top500_topicality0.4_correctness0.6.txt	graded.helpful-only	compatibility	127	0.1759
reranked_top500_topicality0.4_correctness0.6.txt	graded.helpful-only	compatibility	128	0.1880
reranked_top500_topicality0.4_correctness0.6.txt	graded.helpful-only	compatibility	129	0.0782
reranked_top500_topicality0.4_correctness0.6.txt	graded.helpful-only	compatibility	131	0.1133
reranked_top500_topicality0.4_correctness0.6.txt	graded.helpful-only	compatibility	132	0.1365
reranked_top500_topicality0.4_correctness0.6.txt	graded.helpful-only	compatibility	133	0.3639
reranked_top500_topicality0.4_correctness0.6.txt	graded.helpful-only	compatibility	134	0.1686
reranked_top500_topicality0.4_correctness0.6.txt	graded.helpful-only	compatibility	136	0.0627
reranked_top500_topicality0.4_correctness0.6.txt	graded.helpful-only	compatibility	137	0.0057
reranked_top500_topicality0.4_correctness0.6.txt	graded.helpful-only	compatibility	139	0.1014
reranked_top500_topicality0.4_correctness0.6.txt	graded.helpful-only	compatibility	140	0.0970
reranked_top500_topicality0.4_correctness0.6.txt	graded.helpful-only	compatibility	143	0.1604
reranked_top500_topicality0.4_correctness0.6.txt	graded.helpful-only	compatibility	144	0.4293
reranked_top500_topicality0.4_correctness0.6.txt	graded.helpful-only	compatibility	145	0.2377
reranked_top500_topicality0.4_correctness0.6.txt	graded.helpful-only	compatibility	146	0.1642
reranked_top500_topicality0.4_correctness0.6.txt	graded.helpful-only	compatibility	149	0.0792
reranked_top500_topicality0.4_correctness0.6.txt	graded.helpful-only	compatibility	all	0.1439
