run	qrels	measure	topic	score
reranked_top500_topicality0.3_correctness0.7.txt	2aspects.correct-credible	cam_map	101	0.1268
reranked_top500_topicality0.3_correctness0.7.txt	2aspects.correct-credible	cam_map	102	0.0844
reranked_top500_topicality0.3_correctness0.7.txt	2aspects.correct-credible	cam_map	103	0.1982
reranked_top500_topicality0.3_correctness0.7.txt	2aspects.correct-credible	cam_map	104	0.0862
reranked_top500_topicality0.3_correctness0.7.txt	2aspects.correct-credible	cam_map	105	0.1320
reranked_top500_topicality0.3_correctness0.7.txt	2aspects.correct-credible	cam_map	106	0.2639
reranked_top500_topicality0.3_correctness0.7.txt	2aspects.correct-credible	cam_map	107	0.1366
reranked_top500_topicality0.3_correctness0.7.txt	2aspects.correct-credible	cam_map	108	0.1443
reranked_top500_topicality0.3_correctness0.7.txt	2aspects.correct-credible	cam_map	109	0.1904
reranked_top500_topicality0.3_correctness0.7.txt	2aspects.correct-credible	cam_map	110	0.2109
reranked_top500_topicality0.3_correctness0.7.txt	2aspects.correct-credible	cam_map	111	0.0890
reranked_top500_topicality0.3_correctness0.7.txt	2aspects.correct-credible	cam_map	112	0.0163
reranked_top500_topicality0.3_correctness0.7.txt	2aspects.correct-credible	cam_map	114	0.0287
reranked_top500_topicality0.3_correctness0.7.txt	2aspects.correct-credible	cam_map	115	0.2762
reranked_top500_topicality0.3_correctness0.7.txt	2aspects.correct-credible	cam_map	117	0.0774
reranked_top500_topicality0.3_correctness0.7.txt	2aspects.correct-credible	cam_map	118	0.3952
reranked_top500_topicality0.3_correctness0.7.txt	2aspects.correct-credible	cam_map	120	0.1914
reranked_top500_topicality0.3_correctness0.7.txt	2aspects.correct-credible	cam_map	121	0.0076
reranked_top500_topicality0.3_correctness0.7.txt	2aspects.correct-credible	cam_map	122	0.0656
reranked_top500_topicality0.3_correctness0.7.txt	2aspects.correct-credible	cam_map	127	0.1679
reranked_top500_topicality0.3_correctness0.7.txt	2aspects.correct-credible	cam_map	128	0.2893
reranked_top500_topicality0.3_correctness0.7.txt	2aspects.correct-credible	cam_map	129	0.1496
reranked_top500_topicality0.3_correctness0.7.txt	2aspects.correct-credible	cam_map	131	0.2399
reranked_top500_topicality0.3_correctness0.7.txt	2aspects.correct-credible	cam_map	132	0.0602
reranked_top500_topicality0.3_correctness0.7.txt	2aspects.correct-credible	cam_map	133	0.1642
reranked_top500_topicality0.3_correctness0.7.txt	2aspects.correct-credible	cam_map	134	0.2235
reranked_top500_topicality0.3_correctness0.7.txt	2aspects.correct-credible	cam_map	136	0.1325
reranked_top500_topicality0.3_correctness0.7.txt	2aspects.correct-credible	cam_map	137	0.0131
reranked_top500_topicality0.3_correctness0.7.txt	2aspects.correct-credible	cam_map	139	0.1264
reranked_top500_topicality0.3_correctness0.7.txt	2aspects.correct-credible	cam_map	140	0.1343
reranked_top500_topicality0.3_correctness0.7.txt	2aspects.correct-credible	cam_map	143	0.1976
reranked_top500_topicality0.3_correctness0.7.txt	2aspects.correct-credible	cam_map	144	0.1475
reranked_top500_topicality0.3_correctness0.7.txt	2aspects.correct-credible	cam_map	145	0.1433
reranked_top500_topicality0.3_correctness0.7.txt	2aspects.correct-credible	cam_map	146	0.2041
reranked_top500_topicality0.3_correctness0.7.txt	2aspects.correct-credible	cam_map	149	0.1577
reranked_top500_topicality0.3_correctness0.7.txt	2aspects.correct-credible	cam_map	all	0.1506
reranked_top500_topicality0.3_correctness0.7.txt	2aspects.useful-credible	cam_map	101	0.3259
reranked_top500_topicality0.3_correctness0.7.txt	2aspects.useful-credible	cam_map	102	0.1983
reranked_top500_topicality0.3_correctness0.7.txt	2aspects.useful-credible	cam_map	103	0.2814
reranked_top500_topicality0.3_correctness0.7.txt	2aspects.useful-credible	cam_map	104	0.2069
reranked_top500_topicality0.3_correctness0.7.txt	2aspects.useful-credible	cam_map	105	0.1645
reranked_top500_topicality0.3_correctness0.7.txt	2aspects.useful-credible	cam_map	106	0.2639
reranked_top500_topicality0.3_correctness0.7.txt	2aspects.useful-credible	cam_map	107	0.1527
reranked_top500_topicality0.3_correctness0.7.txt	2aspects.useful-credible	cam_map	108	0.1699
reranked_top500_topicality0.3_correctness0.7.txt	2aspects.useful-credible	cam_map	109	0.2890
reranked_top500_topicality0.3_correctness0.7.txt	2aspects.useful-credible	cam_map	110	0.2712
reranked_top500_topicality0.3_correctness0.7.txt	2aspects.useful-credible	cam_map	111	0.2019
reranked_top500_topicality0.3_correctness0.7.txt	2aspects.useful-credible	cam_map	112	0.1789
reranked_top500_topicality0.3_correctness0.7.txt	2aspects.useful-credible	cam_map	114	0.1057
reranked_top500_topicality0.3_correctness0.7.txt	2aspects.useful-credible	cam_map	115	0.2842
reranked_top500_topicality0.3_correctness0.7.txt	2aspects.useful-credible	cam_map	117	0.1220
reranked_top500_topicality0.3_correctness0.7.txt	2aspects.useful-credible	cam_map	118	0.4190
reranked_top500_topicality0.3_correctness0.7.txt	2aspects.useful-credible	cam_map	120	0.2853
reranked_top500_topicality0.3_correctness0.7.txt	2aspects.useful-credible	cam_map	121	0.1041
reranked_top500_topicality0.3_correctness0.7.txt	2aspects.useful-credible	cam_map	122	0.1337
reranked_top500_topicality0.3_correctness0.7.txt	2aspects.useful-credible	cam_map	127	0.2052
reranked_top500_topicality0.3_correctness0.7.txt	2aspects.useful-credible	cam_map	128	0.5356
reranked_top500_topicality0.3_correctness0.7.txt	2aspects.useful-credible	cam_map	129	0.2172
reranked_top500_topicality0.3_correctness0.7.txt	2aspects.useful-credible	cam_map	131	0.2360
reranked_top500_topicality0.3_correctness0.7.txt	2aspects.useful-credible	cam_map	132	0.1447
reranked_top500_topicality0.3_correctness0.7.txt	2aspects.useful-credible	cam_map	133	0.1670
reranked_top500_topicality0.3_correctness0.7.txt	2aspects.useful-credible	cam_map	134	0.2576
reranked_top500_topicality0.3_correctness0.7.txt	2aspects.useful-credible	cam_map	136	0.2175
reranked_top500_topicality0.3_correctness0.7.txt	2aspects.useful-credible	cam_map	137	0.0251
reranked_top500_topicality0.3_correctness0.7.txt	2aspects.useful-credible	cam_map	139	0.2448
reranked_top500_topicality0.3_correctness0.7.txt	2aspects.useful-credible	cam_map	140	0.1781
reranked_top500_topicality0.3_correctness0.7.txt	2aspects.useful-credible	cam_map	143	0.2891
reranked_top500_topicality0.3_correctness0.7.txt	2aspects.useful-credible	cam_map	144	0.1472
reranked_top500_topicality0.3_correctness0.7.txt	2aspects.useful-credible	cam_map	145	0.1575
reranked_top500_topicality0.3_correctness0.7.txt	2aspects.useful-credible	cam_map	146	0.2100
reranked_top500_topicality0.3_correctness0.7.txt	2aspects.useful-credible	cam_map	149	0.1829
reranked_top500_topicality0.3_correctness0.7.txt	2aspects.useful-credible	cam_map	all	0.2164
reranked_top500_topicality0.3_correctness0.7.txt	3aspects	cam_map_three	101	0.2172
reranked_top500_topicality0.3_correctness0.7.txt	3aspects	cam_map_three	102	0.1489
reranked_top500_topicality0.3_correctness0.7.txt	3aspects	cam_map_three	103	0.2300
reranked_top500_topicality0.3_correctness0.7.txt	3aspects	cam_map_three	104	0.1388
reranked_top500_topicality0.3_correctness0.7.txt	3aspects	cam_map_three	105	0.1668
reranked_top500_topicality0.3_correctness0.7.txt	3aspects	cam_map_three	106	0.3084
reranked_top500_topicality0.3_correctness0.7.txt	3aspects	cam_map_three	107	0.1520
reranked_top500_topicality0.3_correctness0.7.txt	3aspects	cam_map_three	108	0.1702
reranked_top500_topicality0.3_correctness0.7.txt	3aspects	cam_map_three	109	0.2379
reranked_top500_topicality0.3_correctness0.7.txt	3aspects	cam_map_three	110	0.2636
reranked_top500_topicality0.3_correctness0.7.txt	3aspects	cam_map_three	111	0.1352
reranked_top500_topicality0.3_correctness0.7.txt	3aspects	cam_map_three	112	0.1193
reranked_top500_topicality0.3_correctness0.7.txt	3aspects	cam_map_three	114	0.0826
reranked_top500_topicality0.3_correctness0.7.txt	3aspects	cam_map_three	115	0.3216
reranked_top500_topicality0.3_correctness0.7.txt	3aspects	cam_map_three	117	0.1009
reranked_top500_topicality0.3_correctness0.7.txt	3aspects	cam_map_three	118	0.4391
reranked_top500_topicality0.3_correctness0.7.txt	3aspects	cam_map_three	120	0.2449
reranked_top500_topicality0.3_correctness0.7.txt	3aspects	cam_map_three	121	0.0714
reranked_top500_topicality0.3_correctness0.7.txt	3aspects	cam_map_three	122	0.0982
reranked_top500_topicality0.3_correctness0.7.txt	3aspects	cam_map_three	127	0.1975
reranked_top500_topicality0.3_correctness0.7.txt	3aspects	cam_map_three	128	0.3722
reranked_top500_topicality0.3_correctness0.7.txt	3aspects	cam_map_three	129	0.1729
reranked_top500_topicality0.3_correctness0.7.txt	3aspects	cam_map_three	131	0.2625
reranked_top500_topicality0.3_correctness0.7.txt	3aspects	cam_map_three	132	0.1096
reranked_top500_topicality0.3_correctness0.7.txt	3aspects	cam_map_three	133	0.1666
reranked_top500_topicality0.3_correctness0.7.txt	3aspects	cam_map_three	134	0.2693
reranked_top500_topicality0.3_correctness0.7.txt	3aspects	cam_map_three	136	0.1628
reranked_top500_topicality0.3_correctness0.7.txt	3aspects	cam_map_three	137	0.0183
reranked_top500_topicality0.3_correctness0.7.txt	3aspects	cam_map_three	139	0.2056
reranked_top500_topicality0.3_correctness0.7.txt	3aspects	cam_map_three	140	0.1487
reranked_top500_topicality0.3_correctness0.7.txt	3aspects	cam_map_three	143	0.2405
reranked_top500_topicality0.3_correctness0.7.txt	3aspects	cam_map_three	144	0.1480
reranked_top500_topicality0.3_correctness0.7.txt	3aspects	cam_map_three	145	0.1519
reranked_top500_topicality0.3_correctness0.7.txt	3aspects	cam_map_three	146	0.2237
reranked_top500_topicality0.3_correctness0.7.txt	3aspects	cam_map_three	149	0.1667
reranked_top500_topicality0.3_correctness0.7.txt	3aspects	cam_map_three	all	0.1904
reranked_top500_topicality0.3_correctness0.7.txt	graded.usefulness	ndcg	101	0.6095
reranked_top500_topicality0.3_correctness0.7.txt	graded.usefulness	ndcg	102	0.4812
reranked_top500_topicality0.3_correctness0.7.txt	graded.usefulness	ndcg	103	0.5973
reranked_top500_topicality0.3_correctness0.7.txt	graded.usefulness	ndcg	104	0.6461
reranked_top500_topicality0.3_correctness0.7.txt	graded.usefulness	ndcg	105	0.4821
reranked_top500_topicality0.3_correctness0.7.txt	graded.usefulness	ndcg	106	0.6763
reranked_top500_topicality0.3_correctness0.7.txt	graded.usefulness	ndcg	107	0.4859
reranked_top500_topicality0.3_correctness0.7.txt	graded.usefulness	ndcg	108	0.5353
reranked_top500_topicality0.3_correctness0.7.txt	graded.usefulness	ndcg	109	0.6426
reranked_top500_topicality0.3_correctness0.7.txt	graded.usefulness	ndcg	110	0.6141
reranked_top500_topicality0.3_correctness0.7.txt	graded.usefulness	ndcg	111	0.5332
reranked_top500_topicality0.3_correctness0.7.txt	graded.usefulness	ndcg	112	0.6240
reranked_top500_topicality0.3_correctness0.7.txt	graded.usefulness	ndcg	114	0.4218
reranked_top500_topicality0.3_correctness0.7.txt	graded.usefulness	ndcg	115	0.7037
reranked_top500_topicality0.3_correctness0.7.txt	graded.usefulness	ndcg	117	0.4552
reranked_top500_topicality0.3_correctness0.7.txt	graded.usefulness	ndcg	118	0.7736
reranked_top500_topicality0.3_correctness0.7.txt	graded.usefulness	ndcg	120	0.6987
reranked_top500_topicality0.3_correctness0.7.txt	graded.usefulness	ndcg	121	0.4950
reranked_top500_topicality0.3_correctness0.7.txt	graded.usefulness	ndcg	122	0.4736
reranked_top500_topicality0.3_correctness0.7.txt	graded.usefulness	ndcg	127	0.5438
reranked_top500_topicality0.3_correctness0.7.txt	graded.usefulness	ndcg	128	0.8176
reranked_top500_topicality0.3_correctness0.7.txt	graded.usefulness	ndcg	129	0.5124
reranked_top500_topicality0.3_correctness0.7.txt	graded.usefulness	ndcg	131	0.6511
reranked_top500_topicality0.3_correctness0.7.txt	graded.usefulness	ndcg	132	0.5119
reranked_top500_topicality0.3_correctness0.7.txt	graded.usefulness	ndcg	133	0.4353
reranked_top500_topicality0.3_correctness0.7.txt	graded.usefulness	ndcg	134	0.7106
reranked_top500_topicality0.3_correctness0.7.txt	graded.usefulness	ndcg	136	0.4666
reranked_top500_topicality0.3_correctness0.7.txt	graded.usefulness	ndcg	137	0.2698
reranked_top500_topicality0.3_correctness0.7.txt	graded.usefulness	ndcg	139	0.7173
reranked_top500_topicality0.3_correctness0.7.txt	graded.usefulness	ndcg	140	0.4475
reranked_top500_topicality0.3_correctness0.7.txt	graded.usefulness	ndcg	143	0.6522
reranked_top500_topicality0.3_correctness0.7.txt	graded.usefulness	ndcg	144	0.4308
reranked_top500_topicality0.3_correctness0.7.txt	graded.usefulness	ndcg	145	0.5278
reranked_top500_topicality0.3_correctness0.7.txt	graded.usefulness	ndcg	146	0.5235
reranked_top500_topicality0.3_correctness0.7.txt	graded.usefulness	ndcg	149	0.5219
reranked_top500_topicality0.3_correctness0.7.txt	graded.usefulness	ndcg	all	0.5626
reranked_top500_topicality0.3_correctness0.7.txt	binary.useful-correct	P_10	102	0.0000
reranked_top500_topicality0.3_correctness0.7.txt	binary.useful-correct	P_10	103	0.4000
reranked_top500_topicality0.3_correctness0.7.txt	binary.useful-correct	P_10	104	0.0000
reranked_top500_topicality0.3_correctness0.7.txt	binary.useful-correct	P_10	105	0.8000
reranked_top500_topicality0.3_correctness0.7.txt	binary.useful-correct	P_10	106	0.8000
reranked_top500_topicality0.3_correctness0.7.txt	binary.useful-correct	P_10	107	0.5000
reranked_top500_topicality0.3_correctness0.7.txt	binary.useful-correct	P_10	108	0.3000
reranked_top500_topicality0.3_correctness0.7.txt	binary.useful-correct	P_10	109	0.5000
reranked_top500_topicality0.3_correctness0.7.txt	binary.useful-correct	P_10	110	0.0000
reranked_top500_topicality0.3_correctness0.7.txt	binary.useful-correct	P_10	111	0.0000
reranked_top500_topicality0.3_correctness0.7.txt	binary.useful-correct	P_10	112	0.0000
reranked_top500_topicality0.3_correctness0.7.txt	binary.useful-correct	P_10	114	0.3000
reranked_top500_topicality0.3_correctness0.7.txt	binary.useful-correct	P_10	115	0.7000
reranked_top500_topicality0.3_correctness0.7.txt	binary.useful-correct	P_10	117	0.0000
reranked_top500_topicality0.3_correctness0.7.txt	binary.useful-correct	P_10	118	0.6000
reranked_top500_topicality0.3_correctness0.7.txt	binary.useful-correct	P_10	120	0.3000
reranked_top500_topicality0.3_correctness0.7.txt	binary.useful-correct	P_10	121	0.0000
reranked_top500_topicality0.3_correctness0.7.txt	binary.useful-correct	P_10	122	0.0000
reranked_top500_topicality0.3_correctness0.7.txt	binary.useful-correct	P_10	127	0.3000
reranked_top500_topicality0.3_correctness0.7.txt	binary.useful-correct	P_10	128	0.1000
reranked_top500_topicality0.3_correctness0.7.txt	binary.useful-correct	P_10	129	0.0000
reranked_top500_topicality0.3_correctness0.7.txt	binary.useful-correct	P_10	131	0.6000
reranked_top500_topicality0.3_correctness0.7.txt	binary.useful-correct	P_10	132	0.2000
reranked_top500_topicality0.3_correctness0.7.txt	binary.useful-correct	P_10	133	0.8000
reranked_top500_topicality0.3_correctness0.7.txt	binary.useful-correct	P_10	134	0.3000
reranked_top500_topicality0.3_correctness0.7.txt	binary.useful-correct	P_10	136	0.0000
reranked_top500_topicality0.3_correctness0.7.txt	binary.useful-correct	P_10	137	0.0000
reranked_top500_topicality0.3_correctness0.7.txt	binary.useful-correct	P_10	139	0.2000
reranked_top500_topicality0.3_correctness0.7.txt	binary.useful-correct	P_10	140	0.1000
reranked_top500_topicality0.3_correctness0.7.txt	binary.useful-correct	P_10	143	0.2000
reranked_top500_topicality0.3_correctness0.7.txt	binary.useful-correct	P_10	144	0.5000
reranked_top500_topicality0.3_correctness0.7.txt	binary.useful-correct	P_10	145	0.3000
reranked_top500_topicality0.3_correctness0.7.txt	binary.useful-correct	P_10	146	0.7000
reranked_top500_topicality0.3_correctness0.7.txt	binary.useful-correct	P_10	149	0.0000
reranked_top500_topicality0.3_correctness0.7.txt	binary.useful-correct	P_10	all	0.2794
reranked_top500_topicality0.3_correctness0.7.txt	binary.incorrect	P_10	101	0.9000
reranked_top500_topicality0.3_correctness0.7.txt	binary.incorrect	P_10	102	0.5000
reranked_top500_topicality0.3_correctness0.7.txt	binary.incorrect	P_10	103	0.1000
reranked_top500_topicality0.3_correctness0.7.txt	binary.incorrect	P_10	104	0.0000
reranked_top500_topicality0.3_correctness0.7.txt	binary.incorrect	P_10	105	0.0000
reranked_top500_topicality0.3_correctness0.7.txt	binary.incorrect	P_10	106	0.0000
reranked_top500_topicality0.3_correctness0.7.txt	binary.incorrect	P_10	107	0.1000
reranked_top500_topicality0.3_correctness0.7.txt	binary.incorrect	P_10	108	0.0000
reranked_top500_topicality0.3_correctness0.7.txt	binary.incorrect	P_10	109	0.1000
reranked_top500_topicality0.3_correctness0.7.txt	binary.incorrect	P_10	110	0.5000
reranked_top500_topicality0.3_correctness0.7.txt	binary.incorrect	P_10	111	0.2000
reranked_top500_topicality0.3_correctness0.7.txt	binary.incorrect	P_10	112	0.3000
reranked_top500_topicality0.3_correctness0.7.txt	binary.incorrect	P_10	114	0.0000
reranked_top500_topicality0.3_correctness0.7.txt	binary.incorrect	P_10	115	0.0000
reranked_top500_topicality0.3_correctness0.7.txt	binary.incorrect	P_10	117	0.1000
reranked_top500_topicality0.3_correctness0.7.txt	binary.incorrect	P_10	118	0.0000
reranked_top500_topicality0.3_correctness0.7.txt	binary.incorrect	P_10	120	0.0000
reranked_top500_topicality0.3_correctness0.7.txt	binary.incorrect	P_10	121	0.0000
reranked_top500_topicality0.3_correctness0.7.txt	binary.incorrect	P_10	122	0.1000
reranked_top500_topicality0.3_correctness0.7.txt	binary.incorrect	P_10	128	0.5000
reranked_top500_topicality0.3_correctness0.7.txt	binary.incorrect	P_10	129	0.0000
reranked_top500_topicality0.3_correctness0.7.txt	binary.incorrect	P_10	131	0.0000
reranked_top500_topicality0.3_correctness0.7.txt	binary.incorrect	P_10	132	0.4000
reranked_top500_topicality0.3_correctness0.7.txt	binary.incorrect	P_10	134	0.1000
reranked_top500_topicality0.3_correctness0.7.txt	binary.incorrect	P_10	136	0.0000
reranked_top500_topicality0.3_correctness0.7.txt	binary.incorrect	P_10	137	0.1000
reranked_top500_topicality0.3_correctness0.7.txt	binary.incorrect	P_10	139	0.1000
reranked_top500_topicality0.3_correctness0.7.txt	binary.incorrect	P_10	140	0.0000
reranked_top500_topicality0.3_correctness0.7.txt	binary.incorrect	P_10	143	0.5000
reranked_top500_topicality0.3_correctness0.7.txt	binary.incorrect	P_10	144	0.0000
reranked_top500_topicality0.3_correctness0.7.txt	binary.incorrect	P_10	146	0.0000
reranked_top500_topicality0.3_correctness0.7.txt	binary.incorrect	P_10	149	0.0000
reranked_top500_topicality0.3_correctness0.7.txt	binary.incorrect	P_10	all	0.1437
reranked_top500_topicality0.3_correctness0.7.txt	binary.useful-correct	ndcg	102	0.3213
reranked_top500_topicality0.3_correctness0.7.txt	binary.useful-correct	ndcg	103	0.5233
reranked_top500_topicality0.3_correctness0.7.txt	binary.useful-correct	ndcg	104	0.0812
reranked_top500_topicality0.3_correctness0.7.txt	binary.useful-correct	ndcg	105	0.4439
reranked_top500_topicality0.3_correctness0.7.txt	binary.useful-correct	ndcg	106	0.7613
reranked_top500_topicality0.3_correctness0.7.txt	binary.useful-correct	ndcg	107	0.4837
reranked_top500_topicality0.3_correctness0.7.txt	binary.useful-correct	ndcg	108	0.5469
reranked_top500_topicality0.3_correctness0.7.txt	binary.useful-correct	ndcg	109	0.5301
reranked_top500_topicality0.3_correctness0.7.txt	binary.useful-correct	ndcg	110	0.5765
reranked_top500_topicality0.3_correctness0.7.txt	binary.useful-correct	ndcg	111	0.0987
reranked_top500_topicality0.3_correctness0.7.txt	binary.useful-correct	ndcg	112	0.0000
reranked_top500_topicality0.3_correctness0.7.txt	binary.useful-correct	ndcg	114	0.2387
reranked_top500_topicality0.3_correctness0.7.txt	binary.useful-correct	ndcg	115	0.7477
reranked_top500_topicality0.3_correctness0.7.txt	binary.useful-correct	ndcg	117	0.3113
reranked_top500_topicality0.3_correctness0.7.txt	binary.useful-correct	ndcg	118	0.8198
reranked_top500_topicality0.3_correctness0.7.txt	binary.useful-correct	ndcg	120	0.5758
reranked_top500_topicality0.3_correctness0.7.txt	binary.useful-correct	ndcg	121	0.1277
reranked_top500_topicality0.3_correctness0.7.txt	binary.useful-correct	ndcg	122	0.2792
reranked_top500_topicality0.3_correctness0.7.txt	binary.useful-correct	ndcg	127	0.5059
reranked_top500_topicality0.3_correctness0.7.txt	binary.useful-correct	ndcg	128	0.3887
reranked_top500_topicality0.3_correctness0.7.txt	binary.useful-correct	ndcg	129	0.4427
reranked_top500_topicality0.3_correctness0.7.txt	binary.useful-correct	ndcg	131	0.6571
reranked_top500_topicality0.3_correctness0.7.txt	binary.useful-correct	ndcg	132	0.2199
reranked_top500_topicality0.3_correctness0.7.txt	binary.useful-correct	ndcg	133	0.4276
reranked_top500_topicality0.3_correctness0.7.txt	binary.useful-correct	ndcg	134	0.6739
reranked_top500_topicality0.3_correctness0.7.txt	binary.useful-correct	ndcg	136	0.3561
reranked_top500_topicality0.3_correctness0.7.txt	binary.useful-correct	ndcg	137	0.1422
reranked_top500_topicality0.3_correctness0.7.txt	binary.useful-correct	ndcg	139	0.4973
reranked_top500_topicality0.3_correctness0.7.txt	binary.useful-correct	ndcg	140	0.3766
reranked_top500_topicality0.3_correctness0.7.txt	binary.useful-correct	ndcg	143	0.5574
reranked_top500_topicality0.3_correctness0.7.txt	binary.useful-correct	ndcg	144	0.4561
reranked_top500_topicality0.3_correctness0.7.txt	binary.useful-correct	ndcg	145	0.5032
reranked_top500_topicality0.3_correctness0.7.txt	binary.useful-correct	ndcg	146	0.5837
reranked_top500_topicality0.3_correctness0.7.txt	binary.useful-correct	ndcg	149	0.5088
reranked_top500_topicality0.3_correctness0.7.txt	binary.useful-correct	ndcg	all	0.4342
reranked_top500_topicality0.3_correctness0.7.txt	binary.useful-credible	ndcg	101	0.5285
reranked_top500_topicality0.3_correctness0.7.txt	binary.useful-credible	ndcg	102	0.4324
reranked_top500_topicality0.3_correctness0.7.txt	binary.useful-credible	ndcg	103	0.6473
reranked_top500_topicality0.3_correctness0.7.txt	binary.useful-credible	ndcg	104	0.5779
reranked_top500_topicality0.3_correctness0.7.txt	binary.useful-credible	ndcg	105	0.3365
reranked_top500_topicality0.3_correctness0.7.txt	binary.useful-credible	ndcg	106	0.4937
reranked_top500_topicality0.3_correctness0.7.txt	binary.useful-credible	ndcg	107	0.4537
reranked_top500_topicality0.3_correctness0.7.txt	binary.useful-credible	ndcg	108	0.4511
reranked_top500_topicality0.3_correctness0.7.txt	binary.useful-credible	ndcg	109	0.6037
reranked_top500_topicality0.3_correctness0.7.txt	binary.useful-credible	ndcg	110	0.5554
reranked_top500_topicality0.3_correctness0.7.txt	binary.useful-credible	ndcg	111	0.5169
reranked_top500_topicality0.3_correctness0.7.txt	binary.useful-credible	ndcg	112	0.3321
reranked_top500_topicality0.3_correctness0.7.txt	binary.useful-credible	ndcg	114	0.1507
reranked_top500_topicality0.3_correctness0.7.txt	binary.useful-credible	ndcg	115	0.5358
reranked_top500_topicality0.3_correctness0.7.txt	binary.useful-credible	ndcg	117	0.4101
reranked_top500_topicality0.3_correctness0.7.txt	binary.useful-credible	ndcg	118	0.7329
reranked_top500_topicality0.3_correctness0.7.txt	binary.useful-credible	ndcg	120	0.6232
reranked_top500_topicality0.3_correctness0.7.txt	binary.useful-credible	ndcg	121	0.1613
reranked_top500_topicality0.3_correctness0.7.txt	binary.useful-credible	ndcg	122	0.4208
reranked_top500_topicality0.3_correctness0.7.txt	binary.useful-credible	ndcg	127	0.4821
reranked_top500_topicality0.3_correctness0.7.txt	binary.useful-credible	ndcg	128	0.8385
reranked_top500_topicality0.3_correctness0.7.txt	binary.useful-credible	ndcg	129	0.5262
reranked_top500_topicality0.3_correctness0.7.txt	binary.useful-credible	ndcg	131	0.5330
reranked_top500_topicality0.3_correctness0.7.txt	binary.useful-credible	ndcg	132	0.3584
reranked_top500_topicality0.3_correctness0.7.txt	binary.useful-credible	ndcg	133	0.4218
reranked_top500_topicality0.3_correctness0.7.txt	binary.useful-credible	ndcg	134	0.5531
reranked_top500_topicality0.3_correctness0.7.txt	binary.useful-credible	ndcg	136	0.5226
reranked_top500_topicality0.3_correctness0.7.txt	binary.useful-credible	ndcg	137	0.2115
reranked_top500_topicality0.3_correctness0.7.txt	binary.useful-credible	ndcg	139	0.4778
reranked_top500_topicality0.3_correctness0.7.txt	binary.useful-credible	ndcg	140	0.4823
reranked_top500_topicality0.3_correctness0.7.txt	binary.useful-credible	ndcg	143	0.6527
reranked_top500_topicality0.3_correctness0.7.txt	binary.useful-credible	ndcg	144	0.4239
reranked_top500_topicality0.3_correctness0.7.txt	binary.useful-credible	ndcg	145	0.5073
reranked_top500_topicality0.3_correctness0.7.txt	binary.useful-credible	ndcg	146	0.4849
reranked_top500_topicality0.3_correctness0.7.txt	binary.useful-credible	ndcg	149	0.5520
reranked_top500_topicality0.3_correctness0.7.txt	binary.useful-credible	ndcg	all	0.4855
reranked_top500_topicality0.3_correctness0.7.txt	binary.useful-correct-credible	ndcg	102	0.2800
reranked_top500_topicality0.3_correctness0.7.txt	binary.useful-correct-credible	ndcg	103	0.4913
reranked_top500_topicality0.3_correctness0.7.txt	binary.useful-correct-credible	ndcg	104	0.0812
reranked_top500_topicality0.3_correctness0.7.txt	binary.useful-correct-credible	ndcg	105	0.2939
reranked_top500_topicality0.3_correctness0.7.txt	binary.useful-correct-credible	ndcg	106	0.4937
reranked_top500_topicality0.3_correctness0.7.txt	binary.useful-correct-credible	ndcg	107	0.3778
reranked_top500_topicality0.3_correctness0.7.txt	binary.useful-correct-credible	ndcg	108	0.4507
reranked_top500_topicality0.3_correctness0.7.txt	binary.useful-correct-credible	ndcg	109	0.5327
reranked_top500_topicality0.3_correctness0.7.txt	binary.useful-correct-credible	ndcg	110	0.2063
reranked_top500_topicality0.3_correctness0.7.txt	binary.useful-correct-credible	ndcg	111	0.0646
reranked_top500_topicality0.3_correctness0.7.txt	binary.useful-correct-credible	ndcg	114	0.2148
reranked_top500_topicality0.3_correctness0.7.txt	binary.useful-correct-credible	ndcg	115	0.5558
reranked_top500_topicality0.3_correctness0.7.txt	binary.useful-correct-credible	ndcg	117	0.2695
reranked_top500_topicality0.3_correctness0.7.txt	binary.useful-correct-credible	ndcg	118	0.7203
reranked_top500_topicality0.3_correctness0.7.txt	binary.useful-correct-credible	ndcg	120	0.4907
reranked_top500_topicality0.3_correctness0.7.txt	binary.useful-correct-credible	ndcg	121	0.0918
reranked_top500_topicality0.3_correctness0.7.txt	binary.useful-correct-credible	ndcg	122	0.2517
reranked_top500_topicality0.3_correctness0.7.txt	binary.useful-correct-credible	ndcg	127	0.3524
reranked_top500_topicality0.3_correctness0.7.txt	binary.useful-correct-credible	ndcg	128	0.3887
reranked_top500_topicality0.3_correctness0.7.txt	binary.useful-correct-credible	ndcg	129	0.4321
reranked_top500_topicality0.3_correctness0.7.txt	binary.useful-correct-credible	ndcg	131	0.5804
reranked_top500_topicality0.3_correctness0.7.txt	binary.useful-correct-credible	ndcg	132	0.1475
reranked_top500_topicality0.3_correctness0.7.txt	binary.useful-correct-credible	ndcg	133	0.4261
reranked_top500_topicality0.3_correctness0.7.txt	binary.useful-correct-credible	ndcg	134	0.5484
reranked_top500_topicality0.3_correctness0.7.txt	binary.useful-correct-credible	ndcg	136	0.3561
reranked_top500_topicality0.3_correctness0.7.txt	binary.useful-correct-credible	ndcg	137	0.1311
reranked_top500_topicality0.3_correctness0.7.txt	binary.useful-correct-credible	ndcg	139	0.3985
reranked_top500_topicality0.3_correctness0.7.txt	binary.useful-correct-credible	ndcg	140	0.3799
reranked_top500_topicality0.3_correctness0.7.txt	binary.useful-correct-credible	ndcg	143	0.5309
reranked_top500_topicality0.3_correctness0.7.txt	binary.useful-correct-credible	ndcg	144	0.4542
reranked_top500_topicality0.3_correctness0.7.txt	binary.useful-correct-credible	ndcg	145	0.4790
reranked_top500_topicality0.3_correctness0.7.txt	binary.useful-correct-credible	ndcg	146	0.4767
reranked_top500_topicality0.3_correctness0.7.txt	binary.useful-correct-credible	ndcg	149	0.5051
reranked_top500_topicality0.3_correctness0.7.txt	binary.useful-correct-credible	ndcg	all	0.3774
reranked_top500_topicality0.3_correctness0.7.txt	graded.harmful-only	compatibility	101	0.4310
reranked_top500_topicality0.3_correctness0.7.txt	graded.harmful-only	compatibility	102	0.0393
reranked_top500_topicality0.3_correctness0.7.txt	graded.harmful-only	compatibility	103	0.2004
reranked_top500_topicality0.3_correctness0.7.txt	graded.harmful-only	compatibility	104	0.0564
reranked_top500_topicality0.3_correctness0.7.txt	graded.harmful-only	compatibility	105	0.0635
reranked_top500_topicality0.3_correctness0.7.txt	graded.harmful-only	compatibility	106	0.0000
reranked_top500_topicality0.3_correctness0.7.txt	graded.harmful-only	compatibility	107	0.0972
reranked_top500_topicality0.3_correctness0.7.txt	graded.harmful-only	compatibility	108	0.0470
reranked_top500_topicality0.3_correctness0.7.txt	graded.harmful-only	compatibility	109	0.0258
reranked_top500_topicality0.3_correctness0.7.txt	graded.harmful-only	compatibility	110	0.0865
reranked_top500_topicality0.3_correctness0.7.txt	graded.harmful-only	compatibility	111	0.2270
reranked_top500_topicality0.3_correctness0.7.txt	graded.harmful-only	compatibility	112	0.2367
reranked_top500_topicality0.3_correctness0.7.txt	graded.harmful-only	compatibility	114	0.0311
reranked_top500_topicality0.3_correctness0.7.txt	graded.harmful-only	compatibility	115	0.0104
reranked_top500_topicality0.3_correctness0.7.txt	graded.harmful-only	compatibility	117	0.1795
reranked_top500_topicality0.3_correctness0.7.txt	graded.harmful-only	compatibility	118	0.0000
reranked_top500_topicality0.3_correctness0.7.txt	graded.harmful-only	compatibility	120	0.0000
reranked_top500_topicality0.3_correctness0.7.txt	graded.harmful-only	compatibility	121	0.0001
reranked_top500_topicality0.3_correctness0.7.txt	graded.harmful-only	compatibility	122	0.0479
reranked_top500_topicality0.3_correctness0.7.txt	graded.harmful-only	compatibility	128	0.4899
reranked_top500_topicality0.3_correctness0.7.txt	graded.harmful-only	compatibility	129	0.0205
reranked_top500_topicality0.3_correctness0.7.txt	graded.harmful-only	compatibility	131	0.0000
reranked_top500_topicality0.3_correctness0.7.txt	graded.harmful-only	compatibility	132	0.1531
reranked_top500_topicality0.3_correctness0.7.txt	graded.harmful-only	compatibility	134	0.1377
reranked_top500_topicality0.3_correctness0.7.txt	graded.harmful-only	compatibility	136	0.0000
reranked_top500_topicality0.3_correctness0.7.txt	graded.harmful-only	compatibility	137	0.0968
reranked_top500_topicality0.3_correctness0.7.txt	graded.harmful-only	compatibility	139	0.1585
reranked_top500_topicality0.3_correctness0.7.txt	graded.harmful-only	compatibility	140	0.0000
reranked_top500_topicality0.3_correctness0.7.txt	graded.harmful-only	compatibility	143	0.3079
reranked_top500_topicality0.3_correctness0.7.txt	graded.harmful-only	compatibility	144	0.0000
reranked_top500_topicality0.3_correctness0.7.txt	graded.harmful-only	compatibility	146	0.0000
reranked_top500_topicality0.3_correctness0.7.txt	graded.harmful-only	compatibility	149	0.0028
reranked_top500_topicality0.3_correctness0.7.txt	graded.harmful-only	compatibility	all	0.0983
reranked_top500_topicality0.3_correctness0.7.txt	graded.helpful-only	compatibility	101	0.0183
reranked_top500_topicality0.3_correctness0.7.txt	graded.helpful-only	compatibility	102	0.0425
reranked_top500_topicality0.3_correctness0.7.txt	graded.helpful-only	compatibility	103	0.1753
reranked_top500_topicality0.3_correctness0.7.txt	graded.helpful-only	compatibility	104	0.0000
reranked_top500_topicality0.3_correctness0.7.txt	graded.helpful-only	compatibility	105	0.0654
reranked_top500_topicality0.3_correctness0.7.txt	graded.helpful-only	compatibility	106	0.1995
reranked_top500_topicality0.3_correctness0.7.txt	graded.helpful-only	compatibility	107	0.1985
reranked_top500_topicality0.3_correctness0.7.txt	graded.helpful-only	compatibility	108	0.1334
reranked_top500_topicality0.3_correctness0.7.txt	graded.helpful-only	compatibility	109	0.3154
reranked_top500_topicality0.3_correctness0.7.txt	graded.helpful-only	compatibility	110	0.2321
reranked_top500_topicality0.3_correctness0.7.txt	graded.helpful-only	compatibility	111	0.0420
reranked_top500_topicality0.3_correctness0.7.txt	graded.helpful-only	compatibility	112	0.0746
reranked_top500_topicality0.3_correctness0.7.txt	graded.helpful-only	compatibility	114	0.1298
reranked_top500_topicality0.3_correctness0.7.txt	graded.helpful-only	compatibility	115	0.0816
reranked_top500_topicality0.3_correctness0.7.txt	graded.helpful-only	compatibility	117	0.1098
reranked_top500_topicality0.3_correctness0.7.txt	graded.helpful-only	compatibility	118	0.0586
reranked_top500_topicality0.3_correctness0.7.txt	graded.helpful-only	compatibility	120	0.1042
reranked_top500_topicality0.3_correctness0.7.txt	graded.helpful-only	compatibility	121	0.0971
reranked_top500_topicality0.3_correctness0.7.txt	graded.helpful-only	compatibility	122	0.0851
reranked_top500_topicality0.3_correctness0.7.txt	graded.helpful-only	compatibility	127	0.1503
reranked_top500_topicality0.3_correctness0.7.txt	graded.helpful-only	compatibility	128	0.1383
reranked_top500_topicality0.3_correctness0.7.txt	graded.helpful-only	compatibility	129	0.0398
reranked_top500_topicality0.3_correctness0.7.txt	graded.helpful-only	compatibility	131	0.1000
reranked_top500_topicality0.3_correctness0.7.txt	graded.helpful-only	compatibility	132	0.1313
reranked_top500_topicality0.3_correctness0.7.txt	graded.helpful-only	compatibility	133	0.2577
reranked_top500_topicality0.3_correctness0.7.txt	graded.helpful-only	compatibility	134	0.1532
reranked_top500_topicality0.3_correctness0.7.txt	graded.helpful-only	compatibility	136	0.0620
reranked_top500_topicality0.3_correctness0.7.txt	graded.helpful-only	compatibility	137	0.0042
reranked_top500_topicality0.3_correctness0.7.txt	graded.helpful-only	compatibility	139	0.1444
reranked_top500_topicality0.3_correctness0.7.txt	graded.helpful-only	compatibility	140	0.1213
reranked_top500_topicality0.3_correctness0.7.txt	graded.helpful-only	compatibility	143	0.1219
reranked_top500_topicality0.3_correctness0.7.txt	graded.helpful-only	compatibility	144	0.3967
reranked_top500_topicality0.3_correctness0.7.txt	graded.helpful-only	compatibility	145	0.1858
reranked_top500_topicality0.3_correctness0.7.txt	graded.helpful-only	compatibility	146	0.1533
reranked_top500_topicality0.3_correctness0.7.txt	graded.helpful-only	compatibility	149	0.0727
reranked_top500_topicality0.3_correctness0.7.txt	graded.helpful-only	compatibility	all	0.1256
