run	qrels	measure	topic	score
run.misinfo-2021-description.bm25.txt	2aspects.correct-credible	cam_map	101	0.1211
run.misinfo-2021-description.bm25.txt	2aspects.correct-credible	cam_map	102	0.0719
run.misinfo-2021-description.bm25.txt	2aspects.correct-credible	cam_map	103	0.1753
run.misinfo-2021-description.bm25.txt	2aspects.correct-credible	cam_map	104	0.1246
run.misinfo-2021-description.bm25.txt	2aspects.correct-credible	cam_map	105	0.1074
run.misinfo-2021-description.bm25.txt	2aspects.correct-credible	cam_map	106	0.3302
run.misinfo-2021-description.bm25.txt	2aspects.correct-credible	cam_map	107	0.1719
run.misinfo-2021-description.bm25.txt	2aspects.correct-credible	cam_map	108	0.1349
run.misinfo-2021-description.bm25.txt	2aspects.correct-credible	cam_map	109	0.2290
run.misinfo-2021-description.bm25.txt	2aspects.correct-credible	cam_map	110	0.3130
run.misinfo-2021-description.bm25.txt	2aspects.correct-credible	cam_map	111	0.1058
run.misinfo-2021-description.bm25.txt	2aspects.correct-credible	cam_map	112	0.0162
run.misinfo-2021-description.bm25.txt	2aspects.correct-credible	cam_map	114	0.0118
run.misinfo-2021-description.bm25.txt	2aspects.correct-credible	cam_map	115	0.2806
run.misinfo-2021-description.bm25.txt	2aspects.correct-credible	cam_map	117	0.0880
run.misinfo-2021-description.bm25.txt	2aspects.correct-credible	cam_map	118	0.5117
run.misinfo-2021-description.bm25.txt	2aspects.correct-credible	cam_map	120	0.2389
run.misinfo-2021-description.bm25.txt	2aspects.correct-credible	cam_map	121	0.0064
run.misinfo-2021-description.bm25.txt	2aspects.correct-credible	cam_map	122	0.0666
run.misinfo-2021-description.bm25.txt	2aspects.correct-credible	cam_map	127	0.2548
run.misinfo-2021-description.bm25.txt	2aspects.correct-credible	cam_map	128	0.3379
run.misinfo-2021-description.bm25.txt	2aspects.correct-credible	cam_map	129	0.1779
run.misinfo-2021-description.bm25.txt	2aspects.correct-credible	cam_map	131	0.2620
run.misinfo-2021-description.bm25.txt	2aspects.correct-credible	cam_map	132	0.0558
run.misinfo-2021-description.bm25.txt	2aspects.correct-credible	cam_map	133	0.1955
run.misinfo-2021-description.bm25.txt	2aspects.correct-credible	cam_map	134	0.1983
run.misinfo-2021-description.bm25.txt	2aspects.correct-credible	cam_map	136	0.1686
run.misinfo-2021-description.bm25.txt	2aspects.correct-credible	cam_map	137	0.0500
run.misinfo-2021-description.bm25.txt	2aspects.correct-credible	cam_map	139	0.0440
run.misinfo-2021-description.bm25.txt	2aspects.correct-credible	cam_map	140	0.1382
run.misinfo-2021-description.bm25.txt	2aspects.correct-credible	cam_map	143	0.2097
run.misinfo-2021-description.bm25.txt	2aspects.correct-credible	cam_map	144	0.1660
run.misinfo-2021-description.bm25.txt	2aspects.correct-credible	cam_map	145	0.2067
run.misinfo-2021-description.bm25.txt	2aspects.correct-credible	cam_map	146	0.2360
run.misinfo-2021-description.bm25.txt	2aspects.correct-credible	cam_map	149	0.1715
run.misinfo-2021-description.bm25.txt	2aspects.correct-credible	cam_map	all	0.1708
run.misinfo-2021-description.bm25.txt	2aspects.useful-credible	cam_map	101	0.3249
run.misinfo-2021-description.bm25.txt	2aspects.useful-credible	cam_map	102	0.1988
run.misinfo-2021-description.bm25.txt	2aspects.useful-credible	cam_map	103	0.3040
run.misinfo-2021-description.bm25.txt	2aspects.useful-credible	cam_map	104	0.3037
run.misinfo-2021-description.bm25.txt	2aspects.useful-credible	cam_map	105	0.1491
run.misinfo-2021-description.bm25.txt	2aspects.useful-credible	cam_map	106	0.3301
run.misinfo-2021-description.bm25.txt	2aspects.useful-credible	cam_map	107	0.1753
run.misinfo-2021-description.bm25.txt	2aspects.useful-credible	cam_map	108	0.1736
run.misinfo-2021-description.bm25.txt	2aspects.useful-credible	cam_map	109	0.3532
run.misinfo-2021-description.bm25.txt	2aspects.useful-credible	cam_map	110	0.3334
run.misinfo-2021-description.bm25.txt	2aspects.useful-credible	cam_map	111	0.2344
run.misinfo-2021-description.bm25.txt	2aspects.useful-credible	cam_map	112	0.2073
run.misinfo-2021-description.bm25.txt	2aspects.useful-credible	cam_map	114	0.1173
run.misinfo-2021-description.bm25.txt	2aspects.useful-credible	cam_map	115	0.2900
run.misinfo-2021-description.bm25.txt	2aspects.useful-credible	cam_map	117	0.1336
run.misinfo-2021-description.bm25.txt	2aspects.useful-credible	cam_map	118	0.5223
run.misinfo-2021-description.bm25.txt	2aspects.useful-credible	cam_map	120	0.3550
run.misinfo-2021-description.bm25.txt	2aspects.useful-credible	cam_map	121	0.1249
run.misinfo-2021-description.bm25.txt	2aspects.useful-credible	cam_map	122	0.1480
run.misinfo-2021-description.bm25.txt	2aspects.useful-credible	cam_map	127	0.2835
run.misinfo-2021-description.bm25.txt	2aspects.useful-credible	cam_map	128	0.6522
run.misinfo-2021-description.bm25.txt	2aspects.useful-credible	cam_map	129	0.2558
run.misinfo-2021-description.bm25.txt	2aspects.useful-credible	cam_map	131	0.2569
run.misinfo-2021-description.bm25.txt	2aspects.useful-credible	cam_map	132	0.1462
run.misinfo-2021-description.bm25.txt	2aspects.useful-credible	cam_map	133	0.1965
run.misinfo-2021-description.bm25.txt	2aspects.useful-credible	cam_map	134	0.2513
run.misinfo-2021-description.bm25.txt	2aspects.useful-credible	cam_map	136	0.2781
run.misinfo-2021-description.bm25.txt	2aspects.useful-credible	cam_map	137	0.0557
run.misinfo-2021-description.bm25.txt	2aspects.useful-credible	cam_map	139	0.2490
run.misinfo-2021-description.bm25.txt	2aspects.useful-credible	cam_map	140	0.1843
run.misinfo-2021-description.bm25.txt	2aspects.useful-credible	cam_map	143	0.2896
run.misinfo-2021-description.bm25.txt	2aspects.useful-credible	cam_map	144	0.1743
run.misinfo-2021-description.bm25.txt	2aspects.useful-credible	cam_map	145	0.2263
run.misinfo-2021-description.bm25.txt	2aspects.useful-credible	cam_map	146	0.2416
run.misinfo-2021-description.bm25.txt	2aspects.useful-credible	cam_map	149	0.1978
run.misinfo-2021-description.bm25.txt	2aspects.useful-credible	cam_map	all	0.2491
run.misinfo-2021-description.bm25.txt	3aspects	cam_map_three	101	0.2166
run.misinfo-2021-description.bm25.txt	3aspects	cam_map_three	102	0.1441
run.misinfo-2021-description.bm25.txt	3aspects	cam_map_three	103	0.2201
run.misinfo-2021-description.bm25.txt	3aspects	cam_map_three	104	0.2031
run.misinfo-2021-description.bm25.txt	3aspects	cam_map_three	105	0.1482
run.misinfo-2021-description.bm25.txt	3aspects	cam_map_three	106	0.3814
run.misinfo-2021-description.bm25.txt	3aspects	cam_map_three	107	0.1886
run.misinfo-2021-description.bm25.txt	3aspects	cam_map_three	108	0.1648
run.misinfo-2021-description.bm25.txt	3aspects	cam_map_three	109	0.2898
run.misinfo-2021-description.bm25.txt	3aspects	cam_map_three	110	0.3688
run.misinfo-2021-description.bm25.txt	3aspects	cam_map_three	111	0.1569
run.misinfo-2021-description.bm25.txt	3aspects	cam_map_three	112	0.1382
run.misinfo-2021-description.bm25.txt	3aspects	cam_map_three	114	0.0846
run.misinfo-2021-description.bm25.txt	3aspects	cam_map_three	115	0.3330
run.misinfo-2021-description.bm25.txt	3aspects	cam_map_three	117	0.1145
run.misinfo-2021-description.bm25.txt	3aspects	cam_map_three	118	0.5547
run.misinfo-2021-description.bm25.txt	3aspects	cam_map_three	120	0.2998
run.misinfo-2021-description.bm25.txt	3aspects	cam_map_three	121	0.0847
run.misinfo-2021-description.bm25.txt	3aspects	cam_map_three	122	0.1051
run.misinfo-2021-description.bm25.txt	3aspects	cam_map_three	127	0.2842
run.misinfo-2021-description.bm25.txt	3aspects	cam_map_three	128	0.4434
run.misinfo-2021-description.bm25.txt	3aspects	cam_map_three	129	0.2046
run.misinfo-2021-description.bm25.txt	3aspects	cam_map_three	131	0.2876
run.misinfo-2021-description.bm25.txt	3aspects	cam_map_three	132	0.1113
run.misinfo-2021-description.bm25.txt	3aspects	cam_map_three	133	0.1982
run.misinfo-2021-description.bm25.txt	3aspects	cam_map_three	134	0.2539
run.misinfo-2021-description.bm25.txt	3aspects	cam_map_three	136	0.2075
run.misinfo-2021-description.bm25.txt	3aspects	cam_map_three	137	0.0528
run.misinfo-2021-description.bm25.txt	3aspects	cam_map_three	139	0.1788
run.misinfo-2021-description.bm25.txt	3aspects	cam_map_three	140	0.1533
run.misinfo-2021-description.bm25.txt	3aspects	cam_map_three	143	0.2487
run.misinfo-2021-description.bm25.txt	3aspects	cam_map_three	144	0.1695
run.misinfo-2021-description.bm25.txt	3aspects	cam_map_three	145	0.2155
run.misinfo-2021-description.bm25.txt	3aspects	cam_map_three	146	0.2571
run.misinfo-2021-description.bm25.txt	3aspects	cam_map_three	149	0.1810
run.misinfo-2021-description.bm25.txt	3aspects	cam_map_three	all	0.2184
run.misinfo-2021-description.bm25.txt	graded.usefulness	ndcg	101	0.6146
run.misinfo-2021-description.bm25.txt	graded.usefulness	ndcg	102	0.4928
run.misinfo-2021-description.bm25.txt	graded.usefulness	ndcg	103	0.6165
run.misinfo-2021-description.bm25.txt	graded.usefulness	ndcg	104	0.7274
run.misinfo-2021-description.bm25.txt	graded.usefulness	ndcg	105	0.4813
run.misinfo-2021-description.bm25.txt	graded.usefulness	ndcg	106	0.7348
run.misinfo-2021-description.bm25.txt	graded.usefulness	ndcg	107	0.5329
run.misinfo-2021-description.bm25.txt	graded.usefulness	ndcg	108	0.5514
run.misinfo-2021-description.bm25.txt	graded.usefulness	ndcg	109	0.6893
run.misinfo-2021-description.bm25.txt	graded.usefulness	ndcg	110	0.6653
run.misinfo-2021-description.bm25.txt	graded.usefulness	ndcg	111	0.5675
run.misinfo-2021-description.bm25.txt	graded.usefulness	ndcg	112	0.6958
run.misinfo-2021-description.bm25.txt	graded.usefulness	ndcg	114	0.4364
run.misinfo-2021-description.bm25.txt	graded.usefulness	ndcg	115	0.7144
run.misinfo-2021-description.bm25.txt	graded.usefulness	ndcg	117	0.4517
run.misinfo-2021-description.bm25.txt	graded.usefulness	ndcg	118	0.8321
run.misinfo-2021-description.bm25.txt	graded.usefulness	ndcg	120	0.7422
run.misinfo-2021-description.bm25.txt	graded.usefulness	ndcg	121	0.5266
run.misinfo-2021-description.bm25.txt	graded.usefulness	ndcg	122	0.4955
run.misinfo-2021-description.bm25.txt	graded.usefulness	ndcg	127	0.6565
run.misinfo-2021-description.bm25.txt	graded.usefulness	ndcg	128	0.8734
run.misinfo-2021-description.bm25.txt	graded.usefulness	ndcg	129	0.5663
run.misinfo-2021-description.bm25.txt	graded.usefulness	ndcg	131	0.6725
run.misinfo-2021-description.bm25.txt	graded.usefulness	ndcg	132	0.5531
run.misinfo-2021-description.bm25.txt	graded.usefulness	ndcg	133	0.4678
run.misinfo-2021-description.bm25.txt	graded.usefulness	ndcg	134	0.7278
run.misinfo-2021-description.bm25.txt	graded.usefulness	ndcg	136	0.5003
run.misinfo-2021-description.bm25.txt	graded.usefulness	ndcg	137	0.3428
run.misinfo-2021-description.bm25.txt	graded.usefulness	ndcg	139	0.7900
run.misinfo-2021-description.bm25.txt	graded.usefulness	ndcg	140	0.4426
run.misinfo-2021-description.bm25.txt	graded.usefulness	ndcg	143	0.6644
run.misinfo-2021-description.bm25.txt	graded.usefulness	ndcg	144	0.4372
run.misinfo-2021-description.bm25.txt	graded.usefulness	ndcg	145	0.5828
run.misinfo-2021-description.bm25.txt	graded.usefulness	ndcg	146	0.5342
run.misinfo-2021-description.bm25.txt	graded.usefulness	ndcg	149	0.5397
run.misinfo-2021-description.bm25.txt	graded.usefulness	ndcg	all	0.5977
run.misinfo-2021-description.bm25.txt	binary.useful-correct	P_10	102	0.0000
run.misinfo-2021-description.bm25.txt	binary.useful-correct	P_10	103	0.1000
run.misinfo-2021-description.bm25.txt	binary.useful-correct	P_10	104	0.0000
run.misinfo-2021-description.bm25.txt	binary.useful-correct	P_10	105	0.7000
run.misinfo-2021-description.bm25.txt	binary.useful-correct	P_10	106	0.9000
run.misinfo-2021-description.bm25.txt	binary.useful-correct	P_10	107	0.8000
run.misinfo-2021-description.bm25.txt	binary.useful-correct	P_10	108	0.3000
run.misinfo-2021-description.bm25.txt	binary.useful-correct	P_10	109	0.4000
run.misinfo-2021-description.bm25.txt	binary.useful-correct	P_10	110	0.8000
run.misinfo-2021-description.bm25.txt	binary.useful-correct	P_10	111	0.0000
run.misinfo-2021-description.bm25.txt	binary.useful-correct	P_10	112	0.0000
run.misinfo-2021-description.bm25.txt	binary.useful-correct	P_10	114	0.1000
run.misinfo-2021-description.bm25.txt	binary.useful-correct	P_10	115	0.9000
run.misinfo-2021-description.bm25.txt	binary.useful-correct	P_10	117	0.0000
run.misinfo-2021-description.bm25.txt	binary.useful-correct	P_10	118	1.0000
run.misinfo-2021-description.bm25.txt	binary.useful-correct	P_10	120	0.3000
run.misinfo-2021-description.bm25.txt	binary.useful-correct	P_10	121	0.0000
run.misinfo-2021-description.bm25.txt	binary.useful-correct	P_10	122	0.0000
run.misinfo-2021-description.bm25.txt	binary.useful-correct	P_10	127	0.7000
run.misinfo-2021-description.bm25.txt	binary.useful-correct	P_10	128	0.1000
run.misinfo-2021-description.bm25.txt	binary.useful-correct	P_10	129	0.2000
run.misinfo-2021-description.bm25.txt	binary.useful-correct	P_10	131	0.7000
run.misinfo-2021-description.bm25.txt	binary.useful-correct	P_10	132	0.1000
run.misinfo-2021-description.bm25.txt	binary.useful-correct	P_10	133	0.9000
run.misinfo-2021-description.bm25.txt	binary.useful-correct	P_10	134	0.5000
run.misinfo-2021-description.bm25.txt	binary.useful-correct	P_10	136	0.1000
run.misinfo-2021-description.bm25.txt	binary.useful-correct	P_10	137	0.1000
run.misinfo-2021-description.bm25.txt	binary.useful-correct	P_10	139	0.0000
run.misinfo-2021-description.bm25.txt	binary.useful-correct	P_10	140	0.2000
run.misinfo-2021-description.bm25.txt	binary.useful-correct	P_10	143	0.5000
run.misinfo-2021-description.bm25.txt	binary.useful-correct	P_10	144	0.6000
run.misinfo-2021-description.bm25.txt	binary.useful-correct	P_10	145	0.3000
run.misinfo-2021-description.bm25.txt	binary.useful-correct	P_10	146	0.8000
run.misinfo-2021-description.bm25.txt	binary.useful-correct	P_10	149	0.1000
run.misinfo-2021-description.bm25.txt	binary.useful-correct	P_10	all	0.3588
run.misinfo-2021-description.bm25.txt	binary.incorrect	P_10	101	1.0000
run.misinfo-2021-description.bm25.txt	binary.incorrect	P_10	102	0.6000
run.misinfo-2021-description.bm25.txt	binary.incorrect	P_10	103	0.7000
run.misinfo-2021-description.bm25.txt	binary.incorrect	P_10	104	0.8000
run.misinfo-2021-description.bm25.txt	binary.incorrect	P_10	105	0.2000
run.misinfo-2021-description.bm25.txt	binary.incorrect	P_10	106	0.0000
run.misinfo-2021-description.bm25.txt	binary.incorrect	P_10	107	0.0000
run.misinfo-2021-description.bm25.txt	binary.incorrect	P_10	108	0.3000
run.misinfo-2021-description.bm25.txt	binary.incorrect	P_10	109	0.1000
run.misinfo-2021-description.bm25.txt	binary.incorrect	P_10	110	0.2000
run.misinfo-2021-description.bm25.txt	binary.incorrect	P_10	111	0.8000
run.misinfo-2021-description.bm25.txt	binary.incorrect	P_10	112	0.5000
run.misinfo-2021-description.bm25.txt	binary.incorrect	P_10	114	0.1000
run.misinfo-2021-description.bm25.txt	binary.incorrect	P_10	115	0.0000
run.misinfo-2021-description.bm25.txt	binary.incorrect	P_10	117	0.1000
run.misinfo-2021-description.bm25.txt	binary.incorrect	P_10	118	0.0000
run.misinfo-2021-description.bm25.txt	binary.incorrect	P_10	120	0.0000
run.misinfo-2021-description.bm25.txt	binary.incorrect	P_10	121	0.0000
run.misinfo-2021-description.bm25.txt	binary.incorrect	P_10	122	0.1000
run.misinfo-2021-description.bm25.txt	binary.incorrect	P_10	128	0.8000
run.misinfo-2021-description.bm25.txt	binary.incorrect	P_10	129	0.0000
run.misinfo-2021-description.bm25.txt	binary.incorrect	P_10	131	0.0000
run.misinfo-2021-description.bm25.txt	binary.incorrect	P_10	132	0.7000
run.misinfo-2021-description.bm25.txt	binary.incorrect	P_10	134	0.0000
run.misinfo-2021-description.bm25.txt	binary.incorrect	P_10	136	0.0000
run.misinfo-2021-description.bm25.txt	binary.incorrect	P_10	137	0.2000
run.misinfo-2021-description.bm25.txt	binary.incorrect	P_10	139	1.0000
run.misinfo-2021-description.bm25.txt	binary.incorrect	P_10	140	0.0000
run.misinfo-2021-description.bm25.txt	binary.incorrect	P_10	143	0.2000
run.misinfo-2021-description.bm25.txt	binary.incorrect	P_10	144	0.0000
run.misinfo-2021-description.bm25.txt	binary.incorrect	P_10	146	0.0000
run.misinfo-2021-description.bm25.txt	binary.incorrect	P_10	149	0.0000
run.misinfo-2021-description.bm25.txt	binary.incorrect	P_10	all	0.2625
run.misinfo-2021-description.bm25.txt	binary.useful-correct	ndcg	102	0.2977
run.misinfo-2021-description.bm25.txt	binary.useful-correct	ndcg	103	0.4116
run.misinfo-2021-description.bm25.txt	binary.useful-correct	ndcg	104	0.0753
run.misinfo-2021-description.bm25.txt	binary.useful-correct	ndcg	105	0.4299
run.misinfo-2021-description.bm25.txt	binary.useful-correct	ndcg	106	0.8070
run.misinfo-2021-description.bm25.txt	binary.useful-correct	ndcg	107	0.5543
run.misinfo-2021-description.bm25.txt	binary.useful-correct	ndcg	108	0.5327
run.misinfo-2021-description.bm25.txt	binary.useful-correct	ndcg	109	0.5825
run.misinfo-2021-description.bm25.txt	binary.useful-correct	ndcg	110	0.7570
run.misinfo-2021-description.bm25.txt	binary.useful-correct	ndcg	111	0.1007
run.misinfo-2021-description.bm25.txt	binary.useful-correct	ndcg	112	0.0000
run.misinfo-2021-description.bm25.txt	binary.useful-correct	ndcg	114	0.2053
run.misinfo-2021-description.bm25.txt	binary.useful-correct	ndcg	115	0.7579
run.misinfo-2021-description.bm25.txt	binary.useful-correct	ndcg	117	0.3366
run.misinfo-2021-description.bm25.txt	binary.useful-correct	ndcg	118	0.9057
run.misinfo-2021-description.bm25.txt	binary.useful-correct	ndcg	120	0.6053
run.misinfo-2021-description.bm25.txt	binary.useful-correct	ndcg	121	0.1215
run.misinfo-2021-description.bm25.txt	binary.useful-correct	ndcg	122	0.2549
run.misinfo-2021-description.bm25.txt	binary.useful-correct	ndcg	127	0.6229
run.misinfo-2021-description.bm25.txt	binary.useful-correct	ndcg	128	0.3366
run.misinfo-2021-description.bm25.txt	binary.useful-correct	ndcg	129	0.4749
run.misinfo-2021-description.bm25.txt	binary.useful-correct	ndcg	131	0.6792
run.misinfo-2021-description.bm25.txt	binary.useful-correct	ndcg	132	0.2305
run.misinfo-2021-description.bm25.txt	binary.useful-correct	ndcg	133	0.4581
run.misinfo-2021-description.bm25.txt	binary.useful-correct	ndcg	134	0.6703
run.misinfo-2021-description.bm25.txt	binary.useful-correct	ndcg	136	0.3791
run.misinfo-2021-description.bm25.txt	binary.useful-correct	ndcg	137	0.2393
run.misinfo-2021-description.bm25.txt	binary.useful-correct	ndcg	139	0.3269
run.misinfo-2021-description.bm25.txt	binary.useful-correct	ndcg	140	0.3753
run.misinfo-2021-description.bm25.txt	binary.useful-correct	ndcg	143	0.5966
run.misinfo-2021-description.bm25.txt	binary.useful-correct	ndcg	144	0.4628
run.misinfo-2021-description.bm25.txt	binary.useful-correct	ndcg	145	0.5537
run.misinfo-2021-description.bm25.txt	binary.useful-correct	ndcg	146	0.6049
run.misinfo-2021-description.bm25.txt	binary.useful-correct	ndcg	149	0.5225
run.misinfo-2021-description.bm25.txt	binary.useful-correct	ndcg	all	0.4491
run.misinfo-2021-description.bm25.txt	binary.useful-credible	ndcg	101	0.4951
run.misinfo-2021-description.bm25.txt	binary.useful-credible	ndcg	102	0.4298
run.misinfo-2021-description.bm25.txt	binary.useful-credible	ndcg	103	0.6688
run.misinfo-2021-description.bm25.txt	binary.useful-credible	ndcg	104	0.6450
run.misinfo-2021-description.bm25.txt	binary.useful-credible	ndcg	105	0.3254
run.misinfo-2021-description.bm25.txt	binary.useful-credible	ndcg	106	0.5789
run.misinfo-2021-description.bm25.txt	binary.useful-credible	ndcg	107	0.4944
run.misinfo-2021-description.bm25.txt	binary.useful-credible	ndcg	108	0.4522
run.misinfo-2021-description.bm25.txt	binary.useful-credible	ndcg	109	0.6484
run.misinfo-2021-description.bm25.txt	binary.useful-credible	ndcg	110	0.5369
run.misinfo-2021-description.bm25.txt	binary.useful-credible	ndcg	111	0.5585
run.misinfo-2021-description.bm25.txt	binary.useful-credible	ndcg	112	0.3327
run.misinfo-2021-description.bm25.txt	binary.useful-credible	ndcg	114	0.1018
run.misinfo-2021-description.bm25.txt	binary.useful-credible	ndcg	115	0.5120
run.misinfo-2021-description.bm25.txt	binary.useful-credible	ndcg	117	0.3961
run.misinfo-2021-description.bm25.txt	binary.useful-credible	ndcg	118	0.8264
run.misinfo-2021-description.bm25.txt	binary.useful-credible	ndcg	120	0.6819
run.misinfo-2021-description.bm25.txt	binary.useful-credible	ndcg	121	0.1579
run.misinfo-2021-description.bm25.txt	binary.useful-credible	ndcg	122	0.4551
run.misinfo-2021-description.bm25.txt	binary.useful-credible	ndcg	127	0.5965
run.misinfo-2021-description.bm25.txt	binary.useful-credible	ndcg	128	0.8940
run.misinfo-2021-description.bm25.txt	binary.useful-credible	ndcg	129	0.5738
run.misinfo-2021-description.bm25.txt	binary.useful-credible	ndcg	131	0.5660
run.misinfo-2021-description.bm25.txt	binary.useful-credible	ndcg	132	0.3530
run.misinfo-2021-description.bm25.txt	binary.useful-credible	ndcg	133	0.4476
run.misinfo-2021-description.bm25.txt	binary.useful-credible	ndcg	134	0.5426
run.misinfo-2021-description.bm25.txt	binary.useful-credible	ndcg	136	0.5608
run.misinfo-2021-description.bm25.txt	binary.useful-credible	ndcg	137	0.2701
run.misinfo-2021-description.bm25.txt	binary.useful-credible	ndcg	139	0.3544
run.misinfo-2021-description.bm25.txt	binary.useful-credible	ndcg	140	0.4814
run.misinfo-2021-description.bm25.txt	binary.useful-credible	ndcg	143	0.6651
run.misinfo-2021-description.bm25.txt	binary.useful-credible	ndcg	144	0.4408
run.misinfo-2021-description.bm25.txt	binary.useful-credible	ndcg	145	0.5727
run.misinfo-2021-description.bm25.txt	binary.useful-credible	ndcg	146	0.5141
run.misinfo-2021-description.bm25.txt	binary.useful-credible	ndcg	149	0.5733
run.misinfo-2021-description.bm25.txt	binary.useful-credible	ndcg	all	0.5058
run.misinfo-2021-description.bm25.txt	binary.useful-correct-credible	ndcg	102	0.2693
run.misinfo-2021-description.bm25.txt	binary.useful-correct-credible	ndcg	103	0.3907
run.misinfo-2021-description.bm25.txt	binary.useful-correct-credible	ndcg	104	0.0753
run.misinfo-2021-description.bm25.txt	binary.useful-correct-credible	ndcg	105	0.2785
run.misinfo-2021-description.bm25.txt	binary.useful-correct-credible	ndcg	106	0.5789
run.misinfo-2021-description.bm25.txt	binary.useful-correct-credible	ndcg	107	0.4740
run.misinfo-2021-description.bm25.txt	binary.useful-correct-credible	ndcg	108	0.4467
run.misinfo-2021-description.bm25.txt	binary.useful-correct-credible	ndcg	109	0.5931
run.misinfo-2021-description.bm25.txt	binary.useful-correct-credible	ndcg	110	0.2234
run.misinfo-2021-description.bm25.txt	binary.useful-correct-credible	ndcg	111	0.0670
run.misinfo-2021-description.bm25.txt	binary.useful-correct-credible	ndcg	114	0.1116
run.misinfo-2021-description.bm25.txt	binary.useful-correct-credible	ndcg	115	0.5203
run.misinfo-2021-description.bm25.txt	binary.useful-correct-credible	ndcg	117	0.3157
run.misinfo-2021-description.bm25.txt	binary.useful-correct-credible	ndcg	118	0.8243
run.misinfo-2021-description.bm25.txt	binary.useful-correct-credible	ndcg	120	0.5196
run.misinfo-2021-description.bm25.txt	binary.useful-correct-credible	ndcg	121	0.0939
run.misinfo-2021-description.bm25.txt	binary.useful-correct-credible	ndcg	122	0.1980
run.misinfo-2021-description.bm25.txt	binary.useful-correct-credible	ndcg	127	0.5277
run.misinfo-2021-description.bm25.txt	binary.useful-correct-credible	ndcg	128	0.3366
run.misinfo-2021-description.bm25.txt	binary.useful-correct-credible	ndcg	129	0.4679
run.misinfo-2021-description.bm25.txt	binary.useful-correct-credible	ndcg	131	0.6190
run.misinfo-2021-description.bm25.txt	binary.useful-correct-credible	ndcg	132	0.1817
run.misinfo-2021-description.bm25.txt	binary.useful-correct-credible	ndcg	133	0.4552
run.misinfo-2021-description.bm25.txt	binary.useful-correct-credible	ndcg	134	0.5416
run.misinfo-2021-description.bm25.txt	binary.useful-correct-credible	ndcg	136	0.3791
run.misinfo-2021-description.bm25.txt	binary.useful-correct-credible	ndcg	137	0.2712
run.misinfo-2021-description.bm25.txt	binary.useful-correct-credible	ndcg	139	0.2868
run.misinfo-2021-description.bm25.txt	binary.useful-correct-credible	ndcg	140	0.3785
run.misinfo-2021-description.bm25.txt	binary.useful-correct-credible	ndcg	143	0.5787
run.misinfo-2021-description.bm25.txt	binary.useful-correct-credible	ndcg	144	0.4633
run.misinfo-2021-description.bm25.txt	binary.useful-correct-credible	ndcg	145	0.5397
run.misinfo-2021-description.bm25.txt	binary.useful-correct-credible	ndcg	146	0.5056
run.misinfo-2021-description.bm25.txt	binary.useful-correct-credible	ndcg	149	0.5183
run.misinfo-2021-description.bm25.txt	binary.useful-correct-credible	ndcg	all	0.3949
run.misinfo-2021-description.bm25.txt	graded.harmful-only	compatibility	101	0.2756
run.misinfo-2021-description.bm25.txt	graded.harmful-only	compatibility	102	0.0730
run.misinfo-2021-description.bm25.txt	graded.harmful-only	compatibility	103	0.2834
run.misinfo-2021-description.bm25.txt	graded.harmful-only	compatibility	104	0.1819
run.misinfo-2021-description.bm25.txt	graded.harmful-only	compatibility	105	0.0994
run.misinfo-2021-description.bm25.txt	graded.harmful-only	compatibility	106	0.0000
run.misinfo-2021-description.bm25.txt	graded.harmful-only	compatibility	107	0.0018
run.misinfo-2021-description.bm25.txt	graded.harmful-only	compatibility	108	0.2751
run.misinfo-2021-description.bm25.txt	graded.harmful-only	compatibility	109	0.0931
run.misinfo-2021-description.bm25.txt	graded.harmful-only	compatibility	110	0.0944
run.misinfo-2021-description.bm25.txt	graded.harmful-only	compatibility	111	0.3545
run.misinfo-2021-description.bm25.txt	graded.harmful-only	compatibility	112	0.2641
run.misinfo-2021-description.bm25.txt	graded.harmful-only	compatibility	114	0.0459
run.misinfo-2021-description.bm25.txt	graded.harmful-only	compatibility	115	0.0104
run.misinfo-2021-description.bm25.txt	graded.harmful-only	compatibility	117	0.0908
run.misinfo-2021-description.bm25.txt	graded.harmful-only	compatibility	118	0.0001
run.misinfo-2021-description.bm25.txt	graded.harmful-only	compatibility	120	0.0000
run.misinfo-2021-description.bm25.txt	graded.harmful-only	compatibility	121	0.0016
run.misinfo-2021-description.bm25.txt	graded.harmful-only	compatibility	122	0.0933
run.misinfo-2021-description.bm25.txt	graded.harmful-only	compatibility	128	0.8713
run.misinfo-2021-description.bm25.txt	graded.harmful-only	compatibility	129	0.0154
run.misinfo-2021-description.bm25.txt	graded.harmful-only	compatibility	131	0.0000
run.misinfo-2021-description.bm25.txt	graded.harmful-only	compatibility	132	0.1542
run.misinfo-2021-description.bm25.txt	graded.harmful-only	compatibility	134	0.1099
run.misinfo-2021-description.bm25.txt	graded.harmful-only	compatibility	136	0.0000
run.misinfo-2021-description.bm25.txt	graded.harmful-only	compatibility	137	0.1393
run.misinfo-2021-description.bm25.txt	graded.harmful-only	compatibility	139	0.2990
run.misinfo-2021-description.bm25.txt	graded.harmful-only	compatibility	140	0.0000
run.misinfo-2021-description.bm25.txt	graded.harmful-only	compatibility	143	0.1497
run.misinfo-2021-description.bm25.txt	graded.harmful-only	compatibility	144	0.0000
run.misinfo-2021-description.bm25.txt	graded.harmful-only	compatibility	146	0.0000
run.misinfo-2021-description.bm25.txt	graded.harmful-only	compatibility	149	0.0013
run.misinfo-2021-description.bm25.txt	graded.harmful-only	compatibility	all	0.1243
run.misinfo-2021-description.bm25.txt	graded.helpful-only	compatibility	101	0.0321
run.misinfo-2021-description.bm25.txt	graded.helpful-only	compatibility	102	0.0304
run.misinfo-2021-description.bm25.txt	graded.helpful-only	compatibility	103	0.1524
run.misinfo-2021-description.bm25.txt	graded.helpful-only	compatibility	104	0.0000
run.misinfo-2021-description.bm25.txt	graded.helpful-only	compatibility	105	0.0155
run.misinfo-2021-description.bm25.txt	graded.helpful-only	compatibility	106	0.2462
run.misinfo-2021-description.bm25.txt	graded.helpful-only	compatibility	107	0.2324
run.misinfo-2021-description.bm25.txt	graded.helpful-only	compatibility	108	0.1225
run.misinfo-2021-description.bm25.txt	graded.helpful-only	compatibility	109	0.3293
run.misinfo-2021-description.bm25.txt	graded.helpful-only	compatibility	110	0.3566
run.misinfo-2021-description.bm25.txt	graded.helpful-only	compatibility	111	0.0292
run.misinfo-2021-description.bm25.txt	graded.helpful-only	compatibility	112	0.1744
run.misinfo-2021-description.bm25.txt	graded.helpful-only	compatibility	114	0.0369
run.misinfo-2021-description.bm25.txt	graded.helpful-only	compatibility	115	0.0878
run.misinfo-2021-description.bm25.txt	graded.helpful-only	compatibility	117	0.1561
run.misinfo-2021-description.bm25.txt	graded.helpful-only	compatibility	118	0.0639
run.misinfo-2021-description.bm25.txt	graded.helpful-only	compatibility	120	0.1284
run.misinfo-2021-description.bm25.txt	graded.helpful-only	compatibility	121	0.1050
run.misinfo-2021-description.bm25.txt	graded.helpful-only	compatibility	122	0.0907
run.misinfo-2021-description.bm25.txt	graded.helpful-only	compatibility	127	0.2291
run.misinfo-2021-description.bm25.txt	graded.helpful-only	compatibility	128	0.0582
run.misinfo-2021-description.bm25.txt	graded.helpful-only	compatibility	129	0.1567
run.misinfo-2021-description.bm25.txt	graded.helpful-only	compatibility	131	0.1412
run.misinfo-2021-description.bm25.txt	graded.helpful-only	compatibility	132	0.1194
run.misinfo-2021-description.bm25.txt	graded.helpful-only	compatibility	133	0.4613
run.misinfo-2021-description.bm25.txt	graded.helpful-only	compatibility	134	0.1683
run.misinfo-2021-description.bm25.txt	graded.helpful-only	compatibility	136	0.1093
run.misinfo-2021-description.bm25.txt	graded.helpful-only	compatibility	137	0.0982
run.misinfo-2021-description.bm25.txt	graded.helpful-only	compatibility	139	0.0018
run.misinfo-2021-description.bm25.txt	graded.helpful-only	compatibility	140	0.0908
run.misinfo-2021-description.bm25.txt	graded.helpful-only	compatibility	143	0.2135
run.misinfo-2021-description.bm25.txt	graded.helpful-only	compatibility	144	0.3932
run.misinfo-2021-description.bm25.txt	graded.helpful-only	compatibility	145	0.2934
run.misinfo-2021-description.bm25.txt	graded.helpful-only	compatibility	146	0.0962
run.misinfo-2021-description.bm25.txt	graded.helpful-only	compatibility	149	0.1068
run.misinfo-2021-description.bm25.txt	graded.helpful-only	compatibility	all	0.1465
