run	qrels	measure	topic	score
reranked_top500_topicality0.4_correctness0.6.txt	2aspects.correct-credible	cam_map	1	0.2209
reranked_top500_topicality0.4_correctness0.6.txt	2aspects.correct-credible	cam_map	10	0.2450
reranked_top500_topicality0.4_correctness0.6.txt	2aspects.correct-credible	cam_map	12	0.0342
reranked_top500_topicality0.4_correctness0.6.txt	2aspects.correct-credible	cam_map	13	0.1507
reranked_top500_topicality0.4_correctness0.6.txt	2aspects.correct-credible	cam_map	14	0.2906
reranked_top500_topicality0.4_correctness0.6.txt	2aspects.correct-credible	cam_map	15	0.0924
reranked_top500_topicality0.4_correctness0.6.txt	2aspects.correct-credible	cam_map	16	0.3039
reranked_top500_topicality0.4_correctness0.6.txt	2aspects.correct-credible	cam_map	18	0.1142
reranked_top500_topicality0.4_correctness0.6.txt	2aspects.correct-credible	cam_map	19	0.0381
reranked_top500_topicality0.4_correctness0.6.txt	2aspects.correct-credible	cam_map	2	0.4224
reranked_top500_topicality0.4_correctness0.6.txt	2aspects.correct-credible	cam_map	20	0.1341
reranked_top500_topicality0.4_correctness0.6.txt	2aspects.correct-credible	cam_map	21	0.1000
reranked_top500_topicality0.4_correctness0.6.txt	2aspects.correct-credible	cam_map	22	0.0661
reranked_top500_topicality0.4_correctness0.6.txt	2aspects.correct-credible	cam_map	23	0.4371
reranked_top500_topicality0.4_correctness0.6.txt	2aspects.correct-credible	cam_map	24	0.0129
reranked_top500_topicality0.4_correctness0.6.txt	2aspects.correct-credible	cam_map	25	0.1442
reranked_top500_topicality0.4_correctness0.6.txt	2aspects.correct-credible	cam_map	27	0.1661
reranked_top500_topicality0.4_correctness0.6.txt	2aspects.correct-credible	cam_map	28	0.0000
reranked_top500_topicality0.4_correctness0.6.txt	2aspects.correct-credible	cam_map	29	0.1667
reranked_top500_topicality0.4_correctness0.6.txt	2aspects.correct-credible	cam_map	30	0.3004
reranked_top500_topicality0.4_correctness0.6.txt	2aspects.correct-credible	cam_map	31	0.0062
reranked_top500_topicality0.4_correctness0.6.txt	2aspects.correct-credible	cam_map	34	0.2242
reranked_top500_topicality0.4_correctness0.6.txt	2aspects.correct-credible	cam_map	36	0.1449
reranked_top500_topicality0.4_correctness0.6.txt	2aspects.correct-credible	cam_map	37	0.0226
reranked_top500_topicality0.4_correctness0.6.txt	2aspects.correct-credible	cam_map	39	0.0041
reranked_top500_topicality0.4_correctness0.6.txt	2aspects.correct-credible	cam_map	4	0.0766
reranked_top500_topicality0.4_correctness0.6.txt	2aspects.correct-credible	cam_map	40	0.1833
reranked_top500_topicality0.4_correctness0.6.txt	2aspects.correct-credible	cam_map	41	0.5346
reranked_top500_topicality0.4_correctness0.6.txt	2aspects.correct-credible	cam_map	43	0.1667
reranked_top500_topicality0.4_correctness0.6.txt	2aspects.correct-credible	cam_map	47	0.5365
reranked_top500_topicality0.4_correctness0.6.txt	2aspects.correct-credible	cam_map	49	0.3677
reranked_top500_topicality0.4_correctness0.6.txt	2aspects.correct-credible	cam_map	5	0.3389
reranked_top500_topicality0.4_correctness0.6.txt	2aspects.correct-credible	cam_map	50	0.4872
reranked_top500_topicality0.4_correctness0.6.txt	2aspects.correct-credible	cam_map	6	0.2785
reranked_top500_topicality0.4_correctness0.6.txt	2aspects.correct-credible	cam_map	7	0.0645
reranked_top500_topicality0.4_correctness0.6.txt	2aspects.correct-credible	cam_map	8	0.4347
reranked_top500_topicality0.4_correctness0.6.txt	2aspects.correct-credible	cam_map	9	0.0028
reranked_top500_topicality0.4_correctness0.6.txt	2aspects.correct-credible	cam_map	all	0.1977
reranked_top500_topicality0.4_correctness0.6.txt	2aspects.useful-credible	cam_map	1	0.2652
reranked_top500_topicality0.4_correctness0.6.txt	2aspects.useful-credible	cam_map	10	0.2455
reranked_top500_topicality0.4_correctness0.6.txt	2aspects.useful-credible	cam_map	11	0.2804
reranked_top500_topicality0.4_correctness0.6.txt	2aspects.useful-credible	cam_map	12	0.0723
reranked_top500_topicality0.4_correctness0.6.txt	2aspects.useful-credible	cam_map	13	0.2375
reranked_top500_topicality0.4_correctness0.6.txt	2aspects.useful-credible	cam_map	14	0.3370
reranked_top500_topicality0.4_correctness0.6.txt	2aspects.useful-credible	cam_map	15	0.0961
reranked_top500_topicality0.4_correctness0.6.txt	2aspects.useful-credible	cam_map	16	0.3473
reranked_top500_topicality0.4_correctness0.6.txt	2aspects.useful-credible	cam_map	17	0.3031
reranked_top500_topicality0.4_correctness0.6.txt	2aspects.useful-credible	cam_map	18	0.3797
reranked_top500_topicality0.4_correctness0.6.txt	2aspects.useful-credible	cam_map	19	0.2008
reranked_top500_topicality0.4_correctness0.6.txt	2aspects.useful-credible	cam_map	2	0.4129
reranked_top500_topicality0.4_correctness0.6.txt	2aspects.useful-credible	cam_map	20	0.2260
reranked_top500_topicality0.4_correctness0.6.txt	2aspects.useful-credible	cam_map	21	0.1687
reranked_top500_topicality0.4_correctness0.6.txt	2aspects.useful-credible	cam_map	22	0.0734
reranked_top500_topicality0.4_correctness0.6.txt	2aspects.useful-credible	cam_map	23	0.4049
reranked_top500_topicality0.4_correctness0.6.txt	2aspects.useful-credible	cam_map	24	0.0129
reranked_top500_topicality0.4_correctness0.6.txt	2aspects.useful-credible	cam_map	25	0.2229
reranked_top500_topicality0.4_correctness0.6.txt	2aspects.useful-credible	cam_map	26	0.2329
reranked_top500_topicality0.4_correctness0.6.txt	2aspects.useful-credible	cam_map	27	0.1773
reranked_top500_topicality0.4_correctness0.6.txt	2aspects.useful-credible	cam_map	28	0.0000
reranked_top500_topicality0.4_correctness0.6.txt	2aspects.useful-credible	cam_map	29	0.2117
reranked_top500_topicality0.4_correctness0.6.txt	2aspects.useful-credible	cam_map	3	0.5174
reranked_top500_topicality0.4_correctness0.6.txt	2aspects.useful-credible	cam_map	30	0.5727
reranked_top500_topicality0.4_correctness0.6.txt	2aspects.useful-credible	cam_map	31	0.1770
reranked_top500_topicality0.4_correctness0.6.txt	2aspects.useful-credible	cam_map	32	0.2632
reranked_top500_topicality0.4_correctness0.6.txt	2aspects.useful-credible	cam_map	34	0.2439
reranked_top500_topicality0.4_correctness0.6.txt	2aspects.useful-credible	cam_map	36	0.2729
reranked_top500_topicality0.4_correctness0.6.txt	2aspects.useful-credible	cam_map	37	0.0562
reranked_top500_topicality0.4_correctness0.6.txt	2aspects.useful-credible	cam_map	38	0.2058
reranked_top500_topicality0.4_correctness0.6.txt	2aspects.useful-credible	cam_map	39	0.2443
reranked_top500_topicality0.4_correctness0.6.txt	2aspects.useful-credible	cam_map	4	0.5223
reranked_top500_topicality0.4_correctness0.6.txt	2aspects.useful-credible	cam_map	40	0.3027
reranked_top500_topicality0.4_correctness0.6.txt	2aspects.useful-credible	cam_map	41	0.5278
reranked_top500_topicality0.4_correctness0.6.txt	2aspects.useful-credible	cam_map	42	0.4643
reranked_top500_topicality0.4_correctness0.6.txt	2aspects.useful-credible	cam_map	43	0.0444
reranked_top500_topicality0.4_correctness0.6.txt	2aspects.useful-credible	cam_map	44	0.2460
reranked_top500_topicality0.4_correctness0.6.txt	2aspects.useful-credible	cam_map	45	0.1086
reranked_top500_topicality0.4_correctness0.6.txt	2aspects.useful-credible	cam_map	47	0.5258
reranked_top500_topicality0.4_correctness0.6.txt	2aspects.useful-credible	cam_map	49	0.5412
reranked_top500_topicality0.4_correctness0.6.txt	2aspects.useful-credible	cam_map	5	0.5157
reranked_top500_topicality0.4_correctness0.6.txt	2aspects.useful-credible	cam_map	50	0.4706
reranked_top500_topicality0.4_correctness0.6.txt	2aspects.useful-credible	cam_map	6	0.3412
reranked_top500_topicality0.4_correctness0.6.txt	2aspects.useful-credible	cam_map	7	0.0958
reranked_top500_topicality0.4_correctness0.6.txt	2aspects.useful-credible	cam_map	8	0.4559
reranked_top500_topicality0.4_correctness0.6.txt	2aspects.useful-credible	cam_map	9	0.1998
reranked_top500_topicality0.4_correctness0.6.txt	2aspects.useful-credible	cam_map	all	0.2788
reranked_top500_topicality0.4_correctness0.6.txt	3aspects	cam_map_three	1	0.2515
reranked_top500_topicality0.4_correctness0.6.txt	3aspects	cam_map_three	10	0.2452
reranked_top500_topicality0.4_correctness0.6.txt	3aspects	cam_map_three	11	0.1869
reranked_top500_topicality0.4_correctness0.6.txt	3aspects	cam_map_three	12	0.0596
reranked_top500_topicality0.4_correctness0.6.txt	3aspects	cam_map_three	13	0.2078
reranked_top500_topicality0.4_correctness0.6.txt	3aspects	cam_map_three	14	0.3616
reranked_top500_topicality0.4_correctness0.6.txt	3aspects	cam_map_three	15	0.0957
reranked_top500_topicality0.4_correctness0.6.txt	3aspects	cam_map_three	16	0.3366
reranked_top500_topicality0.4_correctness0.6.txt	3aspects	cam_map_three	17	0.2021
reranked_top500_topicality0.4_correctness0.6.txt	3aspects	cam_map_three	18	0.2922
reranked_top500_topicality0.4_correctness0.6.txt	3aspects	cam_map_three	19	0.1504
reranked_top500_topicality0.4_correctness0.6.txt	3aspects	cam_map_three	2	0.4136
reranked_top500_topicality0.4_correctness0.6.txt	3aspects	cam_map_three	20	0.1961
reranked_top500_topicality0.4_correctness0.6.txt	3aspects	cam_map_three	21	0.1458
reranked_top500_topicality0.4_correctness0.6.txt	3aspects	cam_map_three	22	0.0707
reranked_top500_topicality0.4_correctness0.6.txt	3aspects	cam_map_three	23	0.4156
reranked_top500_topicality0.4_correctness0.6.txt	3aspects	cam_map_three	24	0.0143
reranked_top500_topicality0.4_correctness0.6.txt	3aspects	cam_map_three	25	0.1972
reranked_top500_topicality0.4_correctness0.6.txt	3aspects	cam_map_three	26	0.1552
reranked_top500_topicality0.4_correctness0.6.txt	3aspects	cam_map_three	27	0.1813
reranked_top500_topicality0.4_correctness0.6.txt	3aspects	cam_map_three	28	0.0000
reranked_top500_topicality0.4_correctness0.6.txt	3aspects	cam_map_three	29	0.1971
reranked_top500_topicality0.4_correctness0.6.txt	3aspects	cam_map_three	3	0.3449
reranked_top500_topicality0.4_correctness0.6.txt	3aspects	cam_map_three	30	0.5021
reranked_top500_topicality0.4_correctness0.6.txt	3aspects	cam_map_three	31	0.1200
reranked_top500_topicality0.4_correctness0.6.txt	3aspects	cam_map_three	32	0.1754
reranked_top500_topicality0.4_correctness0.6.txt	3aspects	cam_map_three	34	0.2420
reranked_top500_topicality0.4_correctness0.6.txt	3aspects	cam_map_three	36	0.2313
reranked_top500_topicality0.4_correctness0.6.txt	3aspects	cam_map_three	37	0.0451
reranked_top500_topicality0.4_correctness0.6.txt	3aspects	cam_map_three	38	0.1372
reranked_top500_topicality0.4_correctness0.6.txt	3aspects	cam_map_three	39	0.1642
reranked_top500_topicality0.4_correctness0.6.txt	3aspects	cam_map_three	4	0.3737
reranked_top500_topicality0.4_correctness0.6.txt	3aspects	cam_map_three	40	0.2336
reranked_top500_topicality0.4_correctness0.6.txt	3aspects	cam_map_three	41	0.5312
reranked_top500_topicality0.4_correctness0.6.txt	3aspects	cam_map_three	42	0.3095
reranked_top500_topicality0.4_correctness0.6.txt	3aspects	cam_map_three	43	0.0852
reranked_top500_topicality0.4_correctness0.6.txt	3aspects	cam_map_three	44	0.1640
reranked_top500_topicality0.4_correctness0.6.txt	3aspects	cam_map_three	45	0.0724
reranked_top500_topicality0.4_correctness0.6.txt	3aspects	cam_map_three	47	0.5308
reranked_top500_topicality0.4_correctness0.6.txt	3aspects	cam_map_three	49	0.4766
reranked_top500_topicality0.4_correctness0.6.txt	3aspects	cam_map_three	5	0.4589
reranked_top500_topicality0.4_correctness0.6.txt	3aspects	cam_map_three	50	0.4723
reranked_top500_topicality0.4_correctness0.6.txt	3aspects	cam_map_three	6	0.3203
reranked_top500_topicality0.4_correctness0.6.txt	3aspects	cam_map_three	7	0.0855
reranked_top500_topicality0.4_correctness0.6.txt	3aspects	cam_map_three	8	0.4484
reranked_top500_topicality0.4_correctness0.6.txt	3aspects	cam_map_three	9	0.1347
reranked_top500_topicality0.4_correctness0.6.txt	3aspects	cam_map_three	all	0.2399
reranked_top500_topicality0.4_correctness0.6.txt	binary.useful	ndcg	1	0.5892
reranked_top500_topicality0.4_correctness0.6.txt	binary.useful	ndcg	10	0.7010
reranked_top500_topicality0.4_correctness0.6.txt	binary.useful	ndcg	11	0.6950
reranked_top500_topicality0.4_correctness0.6.txt	binary.useful	ndcg	12	0.3040
reranked_top500_topicality0.4_correctness0.6.txt	binary.useful	ndcg	13	0.5462
reranked_top500_topicality0.4_correctness0.6.txt	binary.useful	ndcg	14	0.8535
reranked_top500_topicality0.4_correctness0.6.txt	binary.useful	ndcg	15	0.4266
reranked_top500_topicality0.4_correctness0.6.txt	binary.useful	ndcg	16	0.6750
reranked_top500_topicality0.4_correctness0.6.txt	binary.useful	ndcg	17	0.6075
reranked_top500_topicality0.4_correctness0.6.txt	binary.useful	ndcg	18	0.7461
reranked_top500_topicality0.4_correctness0.6.txt	binary.useful	ndcg	19	0.7093
reranked_top500_topicality0.4_correctness0.6.txt	binary.useful	ndcg	2	0.6571
reranked_top500_topicality0.4_correctness0.6.txt	binary.useful	ndcg	20	0.5579
reranked_top500_topicality0.4_correctness0.6.txt	binary.useful	ndcg	21	0.5923
reranked_top500_topicality0.4_correctness0.6.txt	binary.useful	ndcg	22	0.4694
reranked_top500_topicality0.4_correctness0.6.txt	binary.useful	ndcg	23	0.6942
reranked_top500_topicality0.4_correctness0.6.txt	binary.useful	ndcg	24	0.1688
reranked_top500_topicality0.4_correctness0.6.txt	binary.useful	ndcg	25	0.5840
reranked_top500_topicality0.4_correctness0.6.txt	binary.useful	ndcg	26	0.4855
reranked_top500_topicality0.4_correctness0.6.txt	binary.useful	ndcg	27	0.5703
reranked_top500_topicality0.4_correctness0.6.txt	binary.useful	ndcg	28	0.1747
reranked_top500_topicality0.4_correctness0.6.txt	binary.useful	ndcg	29	0.5831
reranked_top500_topicality0.4_correctness0.6.txt	binary.useful	ndcg	3	0.8422
reranked_top500_topicality0.4_correctness0.6.txt	binary.useful	ndcg	30	0.9198
reranked_top500_topicality0.4_correctness0.6.txt	binary.useful	ndcg	31	0.6065
reranked_top500_topicality0.4_correctness0.6.txt	binary.useful	ndcg	32	0.7044
reranked_top500_topicality0.4_correctness0.6.txt	binary.useful	ndcg	34	0.5860
reranked_top500_topicality0.4_correctness0.6.txt	binary.useful	ndcg	36	0.5831
reranked_top500_topicality0.4_correctness0.6.txt	binary.useful	ndcg	37	0.2969
reranked_top500_topicality0.4_correctness0.6.txt	binary.useful	ndcg	38	0.5986
reranked_top500_topicality0.4_correctness0.6.txt	binary.useful	ndcg	39	0.6020
reranked_top500_topicality0.4_correctness0.6.txt	binary.useful	ndcg	4	0.8403
reranked_top500_topicality0.4_correctness0.6.txt	binary.useful	ndcg	40	0.6865
reranked_top500_topicality0.4_correctness0.6.txt	binary.useful	ndcg	41	0.8485
reranked_top500_topicality0.4_correctness0.6.txt	binary.useful	ndcg	42	0.7631
reranked_top500_topicality0.4_correctness0.6.txt	binary.useful	ndcg	43	0.1208
reranked_top500_topicality0.4_correctness0.6.txt	binary.useful	ndcg	44	0.6415
reranked_top500_topicality0.4_correctness0.6.txt	binary.useful	ndcg	45	0.4876
reranked_top500_topicality0.4_correctness0.6.txt	binary.useful	ndcg	47	0.8302
reranked_top500_topicality0.4_correctness0.6.txt	binary.useful	ndcg	49	0.8633
reranked_top500_topicality0.4_correctness0.6.txt	binary.useful	ndcg	5	0.8635
reranked_top500_topicality0.4_correctness0.6.txt	binary.useful	ndcg	50	0.7339
reranked_top500_topicality0.4_correctness0.6.txt	binary.useful	ndcg	6	0.7553
reranked_top500_topicality0.4_correctness0.6.txt	binary.useful	ndcg	7	0.3529
reranked_top500_topicality0.4_correctness0.6.txt	binary.useful	ndcg	8	0.7943
reranked_top500_topicality0.4_correctness0.6.txt	binary.useful	ndcg	9	0.6303
reranked_top500_topicality0.4_correctness0.6.txt	binary.useful	ndcg	all	0.6161
reranked_top500_topicality0.4_correctness0.6.txt	binary.useful-correct	ndcg	1	0.6214
reranked_top500_topicality0.4_correctness0.6.txt	binary.useful-correct	ndcg	10	0.7026
reranked_top500_topicality0.4_correctness0.6.txt	binary.useful-correct	ndcg	12	0.2198
reranked_top500_topicality0.4_correctness0.6.txt	binary.useful-correct	ndcg	13	0.4712
reranked_top500_topicality0.4_correctness0.6.txt	binary.useful-correct	ndcg	14	0.8224
reranked_top500_topicality0.4_correctness0.6.txt	binary.useful-correct	ndcg	15	0.4338
reranked_top500_topicality0.4_correctness0.6.txt	binary.useful-correct	ndcg	16	0.6631
reranked_top500_topicality0.4_correctness0.6.txt	binary.useful-correct	ndcg	18	0.5199
reranked_top500_topicality0.4_correctness0.6.txt	binary.useful-correct	ndcg	19	0.3483
reranked_top500_topicality0.4_correctness0.6.txt	binary.useful-correct	ndcg	2	0.7193
reranked_top500_topicality0.4_correctness0.6.txt	binary.useful-correct	ndcg	20	0.5099
reranked_top500_topicality0.4_correctness0.6.txt	binary.useful-correct	ndcg	21	0.2891
reranked_top500_topicality0.4_correctness0.6.txt	binary.useful-correct	ndcg	22	0.4395
reranked_top500_topicality0.4_correctness0.6.txt	binary.useful-correct	ndcg	23	0.7526
reranked_top500_topicality0.4_correctness0.6.txt	binary.useful-correct	ndcg	24	0.1688
reranked_top500_topicality0.4_correctness0.6.txt	binary.useful-correct	ndcg	25	0.5438
reranked_top500_topicality0.4_correctness0.6.txt	binary.useful-correct	ndcg	27	0.5449
reranked_top500_topicality0.4_correctness0.6.txt	binary.useful-correct	ndcg	28	0.1392
reranked_top500_topicality0.4_correctness0.6.txt	binary.useful-correct	ndcg	29	0.5397
reranked_top500_topicality0.4_correctness0.6.txt	binary.useful-correct	ndcg	30	0.7739
reranked_top500_topicality0.4_correctness0.6.txt	binary.useful-correct	ndcg	31	0.1886
reranked_top500_topicality0.4_correctness0.6.txt	binary.useful-correct	ndcg	34	0.5842
reranked_top500_topicality0.4_correctness0.6.txt	binary.useful-correct	ndcg	36	0.5026
reranked_top500_topicality0.4_correctness0.6.txt	binary.useful-correct	ndcg	37	0.2163
reranked_top500_topicality0.4_correctness0.6.txt	binary.useful-correct	ndcg	39	0.1460
reranked_top500_topicality0.4_correctness0.6.txt	binary.useful-correct	ndcg	4	0.3996
reranked_top500_topicality0.4_correctness0.6.txt	binary.useful-correct	ndcg	40	0.3496
reranked_top500_topicality0.4_correctness0.6.txt	binary.useful-correct	ndcg	41	0.8573
reranked_top500_topicality0.4_correctness0.6.txt	binary.useful-correct	ndcg	43	0.3562
reranked_top500_topicality0.4_correctness0.6.txt	binary.useful-correct	ndcg	47	0.8445
reranked_top500_topicality0.4_correctness0.6.txt	binary.useful-correct	ndcg	49	0.6736
reranked_top500_topicality0.4_correctness0.6.txt	binary.useful-correct	ndcg	5	0.7739
reranked_top500_topicality0.4_correctness0.6.txt	binary.useful-correct	ndcg	50	0.7759
reranked_top500_topicality0.4_correctness0.6.txt	binary.useful-correct	ndcg	6	0.7155
reranked_top500_topicality0.4_correctness0.6.txt	binary.useful-correct	ndcg	7	0.3037
reranked_top500_topicality0.4_correctness0.6.txt	binary.useful-correct	ndcg	8	0.7909
reranked_top500_topicality0.4_correctness0.6.txt	binary.useful-correct	ndcg	9	0.1431
reranked_top500_topicality0.4_correctness0.6.txt	binary.useful-correct	ndcg	all	0.5093
reranked_top500_topicality0.4_correctness0.6.txt	binary.useful-credible	ndcg	1	0.5989
reranked_top500_topicality0.4_correctness0.6.txt	binary.useful-credible	ndcg	10	0.7104
reranked_top500_topicality0.4_correctness0.6.txt	binary.useful-credible	ndcg	11	0.6914
reranked_top500_topicality0.4_correctness0.6.txt	binary.useful-credible	ndcg	12	0.3040
reranked_top500_topicality0.4_correctness0.6.txt	binary.useful-credible	ndcg	13	0.5354
reranked_top500_topicality0.4_correctness0.6.txt	binary.useful-credible	ndcg	14	0.6341
reranked_top500_topicality0.4_correctness0.6.txt	binary.useful-credible	ndcg	15	0.4265
reranked_top500_topicality0.4_correctness0.6.txt	binary.useful-credible	ndcg	16	0.6691
reranked_top500_topicality0.4_correctness0.6.txt	binary.useful-credible	ndcg	17	0.6090
reranked_top500_topicality0.4_correctness0.6.txt	binary.useful-credible	ndcg	18	0.7370
reranked_top500_topicality0.4_correctness0.6.txt	binary.useful-credible	ndcg	19	0.2385
reranked_top500_topicality0.4_correctness0.6.txt	binary.useful-credible	ndcg	2	0.6765
reranked_top500_topicality0.4_correctness0.6.txt	binary.useful-credible	ndcg	20	0.6228
reranked_top500_topicality0.4_correctness0.6.txt	binary.useful-credible	ndcg	21	0.3878
reranked_top500_topicality0.4_correctness0.6.txt	binary.useful-credible	ndcg	22	0.4703
reranked_top500_topicality0.4_correctness0.6.txt	binary.useful-credible	ndcg	23	0.7526
reranked_top500_topicality0.4_correctness0.6.txt	binary.useful-credible	ndcg	24	0.1034
reranked_top500_topicality0.4_correctness0.6.txt	binary.useful-credible	ndcg	25	0.5720
reranked_top500_topicality0.4_correctness0.6.txt	binary.useful-credible	ndcg	26	0.4799
reranked_top500_topicality0.4_correctness0.6.txt	binary.useful-credible	ndcg	27	0.3333
reranked_top500_topicality0.4_correctness0.6.txt	binary.useful-credible	ndcg	29	0.5796
reranked_top500_topicality0.4_correctness0.6.txt	binary.useful-credible	ndcg	3	0.8376
reranked_top500_topicality0.4_correctness0.6.txt	binary.useful-credible	ndcg	30	0.7872
reranked_top500_topicality0.4_correctness0.6.txt	binary.useful-credible	ndcg	31	0.6017
reranked_top500_topicality0.4_correctness0.6.txt	binary.useful-credible	ndcg	32	0.7030
reranked_top500_topicality0.4_correctness0.6.txt	binary.useful-credible	ndcg	34	0.5657
reranked_top500_topicality0.4_correctness0.6.txt	binary.useful-credible	ndcg	36	0.5881
reranked_top500_topicality0.4_correctness0.6.txt	binary.useful-credible	ndcg	37	0.2965
reranked_top500_topicality0.4_correctness0.6.txt	binary.useful-credible	ndcg	38	0.5548
reranked_top500_topicality0.4_correctness0.6.txt	binary.useful-credible	ndcg	39	0.6019
reranked_top500_topicality0.4_correctness0.6.txt	binary.useful-credible	ndcg	4	0.8450
reranked_top500_topicality0.4_correctness0.6.txt	binary.useful-credible	ndcg	40	0.7184
reranked_top500_topicality0.4_correctness0.6.txt	binary.useful-credible	ndcg	41	0.8573
reranked_top500_topicality0.4_correctness0.6.txt	binary.useful-credible	ndcg	42	0.7610
reranked_top500_topicality0.4_correctness0.6.txt	binary.useful-credible	ndcg	43	0.1672
reranked_top500_topicality0.4_correctness0.6.txt	binary.useful-credible	ndcg	44	0.2789
reranked_top500_topicality0.4_correctness0.6.txt	binary.useful-credible	ndcg	45	0.4876
reranked_top500_topicality0.4_correctness0.6.txt	binary.useful-credible	ndcg	47	0.8333
reranked_top500_topicality0.4_correctness0.6.txt	binary.useful-credible	ndcg	49	0.8718
reranked_top500_topicality0.4_correctness0.6.txt	binary.useful-credible	ndcg	5	0.8613
reranked_top500_topicality0.4_correctness0.6.txt	binary.useful-credible	ndcg	50	0.8066
reranked_top500_topicality0.4_correctness0.6.txt	binary.useful-credible	ndcg	6	0.7326
reranked_top500_topicality0.4_correctness0.6.txt	binary.useful-credible	ndcg	7	0.3676
reranked_top500_topicality0.4_correctness0.6.txt	binary.useful-credible	ndcg	8	0.8019
reranked_top500_topicality0.4_correctness0.6.txt	binary.useful-credible	ndcg	9	0.4915
reranked_top500_topicality0.4_correctness0.6.txt	binary.useful-credible	ndcg	all	0.5900
reranked_top500_topicality0.4_correctness0.6.txt	binary.useful-correct-credible	ndcg	1	0.6137
reranked_top500_topicality0.4_correctness0.6.txt	binary.useful-correct-credible	ndcg	10	0.7066
reranked_top500_topicality0.4_correctness0.6.txt	binary.useful-correct-credible	ndcg	12	0.2198
reranked_top500_topicality0.4_correctness0.6.txt	binary.useful-correct-credible	ndcg	13	0.4863
reranked_top500_topicality0.4_correctness0.6.txt	binary.useful-correct-credible	ndcg	14	0.6063
reranked_top500_topicality0.4_correctness0.6.txt	binary.useful-correct-credible	ndcg	15	0.4233
reranked_top500_topicality0.4_correctness0.6.txt	binary.useful-correct-credible	ndcg	16	0.6473
reranked_top500_topicality0.4_correctness0.6.txt	binary.useful-correct-credible	ndcg	18	0.5114
reranked_top500_topicality0.4_correctness0.6.txt	binary.useful-correct-credible	ndcg	19	0.1819
reranked_top500_topicality0.4_correctness0.6.txt	binary.useful-correct-credible	ndcg	2	0.7329
reranked_top500_topicality0.4_correctness0.6.txt	binary.useful-correct-credible	ndcg	20	0.5091
reranked_top500_topicality0.4_correctness0.6.txt	binary.useful-correct-credible	ndcg	21	0.2891
reranked_top500_topicality0.4_correctness0.6.txt	binary.useful-correct-credible	ndcg	22	0.4382
reranked_top500_topicality0.4_correctness0.6.txt	binary.useful-correct-credible	ndcg	23	0.7526
reranked_top500_topicality0.4_correctness0.6.txt	binary.useful-correct-credible	ndcg	24	0.1034
reranked_top500_topicality0.4_correctness0.6.txt	binary.useful-correct-credible	ndcg	25	0.5481
reranked_top500_topicality0.4_correctness0.6.txt	binary.useful-correct-credible	ndcg	27	0.3333
reranked_top500_topicality0.4_correctness0.6.txt	binary.useful-correct-credible	ndcg	29	0.5355
reranked_top500_topicality0.4_correctness0.6.txt	binary.useful-correct-credible	ndcg	30	0.6224
reranked_top500_topicality0.4_correctness0.6.txt	binary.useful-correct-credible	ndcg	31	0.1886
reranked_top500_topicality0.4_correctness0.6.txt	binary.useful-correct-credible	ndcg	34	0.5678
reranked_top500_topicality0.4_correctness0.6.txt	binary.useful-correct-credible	ndcg	36	0.4937
reranked_top500_topicality0.4_correctness0.6.txt	binary.useful-correct-credible	ndcg	37	0.2128
reranked_top500_topicality0.4_correctness0.6.txt	binary.useful-correct-credible	ndcg	39	0.1460
reranked_top500_topicality0.4_correctness0.6.txt	binary.useful-correct-credible	ndcg	4	0.3996
reranked_top500_topicality0.4_correctness0.6.txt	binary.useful-correct-credible	ndcg	40	0.4966
reranked_top500_topicality0.4_correctness0.6.txt	binary.useful-correct-credible	ndcg	41	0.8578
reranked_top500_topicality0.4_correctness0.6.txt	binary.useful-correct-credible	ndcg	43	0.3562
reranked_top500_topicality0.4_correctness0.6.txt	binary.useful-correct-credible	ndcg	47	0.8427
reranked_top500_topicality0.4_correctness0.6.txt	binary.useful-correct-credible	ndcg	49	0.6734
reranked_top500_topicality0.4_correctness0.6.txt	binary.useful-correct-credible	ndcg	5	0.7669
reranked_top500_topicality0.4_correctness0.6.txt	binary.useful-correct-credible	ndcg	50	0.8060
reranked_top500_topicality0.4_correctness0.6.txt	binary.useful-correct-credible	ndcg	6	0.7155
reranked_top500_topicality0.4_correctness0.6.txt	binary.useful-correct-credible	ndcg	7	0.3000
reranked_top500_topicality0.4_correctness0.6.txt	binary.useful-correct-credible	ndcg	8	0.7905
reranked_top500_topicality0.4_correctness0.6.txt	binary.useful-correct-credible	ndcg	9	0.0678
reranked_top500_topicality0.4_correctness0.6.txt	binary.useful-correct-credible	ndcg	all	0.4984
reranked_top500_topicality0.4_correctness0.6.txt	graded.harmful-only	compatibility	1	0.0623
reranked_top500_topicality0.4_correctness0.6.txt	graded.harmful-only	compatibility	2	0.0698
reranked_top500_topicality0.4_correctness0.6.txt	graded.harmful-only	compatibility	4	0.0000
reranked_top500_topicality0.4_correctness0.6.txt	graded.harmful-only	compatibility	6	0.0228
reranked_top500_topicality0.4_correctness0.6.txt	graded.harmful-only	compatibility	7	0.0082
reranked_top500_topicality0.4_correctness0.6.txt	graded.harmful-only	compatibility	8	0.0000
reranked_top500_topicality0.4_correctness0.6.txt	graded.harmful-only	compatibility	9	0.1225
reranked_top500_topicality0.4_correctness0.6.txt	graded.harmful-only	compatibility	10	0.0002
reranked_top500_topicality0.4_correctness0.6.txt	graded.harmful-only	compatibility	13	0.0120
reranked_top500_topicality0.4_correctness0.6.txt	graded.harmful-only	compatibility	14	0.1014
reranked_top500_topicality0.4_correctness0.6.txt	graded.harmful-only	compatibility	15	0.0000
reranked_top500_topicality0.4_correctness0.6.txt	graded.harmful-only	compatibility	16	0.0000
reranked_top500_topicality0.4_correctness0.6.txt	graded.harmful-only	compatibility	17	0.0772
reranked_top500_topicality0.4_correctness0.6.txt	graded.harmful-only	compatibility	18	0.0000
reranked_top500_topicality0.4_correctness0.6.txt	graded.harmful-only	compatibility	19	0.6117
reranked_top500_topicality0.4_correctness0.6.txt	graded.harmful-only	compatibility	20	0.0901
reranked_top500_topicality0.4_correctness0.6.txt	graded.harmful-only	compatibility	22	0.0728
reranked_top500_topicality0.4_correctness0.6.txt	graded.harmful-only	compatibility	25	0.0349
reranked_top500_topicality0.4_correctness0.6.txt	graded.harmful-only	compatibility	27	0.0965
reranked_top500_topicality0.4_correctness0.6.txt	graded.harmful-only	compatibility	28	0.0625
reranked_top500_topicality0.4_correctness0.6.txt	graded.harmful-only	compatibility	30	0.0000
reranked_top500_topicality0.4_correctness0.6.txt	graded.harmful-only	compatibility	31	0.0069
reranked_top500_topicality0.4_correctness0.6.txt	graded.harmful-only	compatibility	38	0.2566
reranked_top500_topicality0.4_correctness0.6.txt	graded.harmful-only	compatibility	39	0.6286
reranked_top500_topicality0.4_correctness0.6.txt	graded.harmful-only	compatibility	40	0.0071
reranked_top500_topicality0.4_correctness0.6.txt	graded.harmful-only	compatibility	41	0.0000
reranked_top500_topicality0.4_correctness0.6.txt	graded.harmful-only	compatibility	43	0.0000
reranked_top500_topicality0.4_correctness0.6.txt	graded.harmful-only	compatibility	44	0.5255
reranked_top500_topicality0.4_correctness0.6.txt	graded.harmful-only	compatibility	45	0.0810
reranked_top500_topicality0.4_correctness0.6.txt	graded.harmful-only	compatibility	47	0.0844
reranked_top500_topicality0.4_correctness0.6.txt	graded.harmful-only	compatibility	49	0.0230
reranked_top500_topicality0.4_correctness0.6.txt	graded.harmful-only	compatibility	50	0.0071
reranked_top500_topicality0.4_correctness0.6.txt	graded.harmful-only	compatibility	all	0.0958
reranked_top500_topicality0.4_correctness0.6.txt	graded.helpful-only	compatibility	1	0.4968
reranked_top500_topicality0.4_correctness0.6.txt	graded.helpful-only	compatibility	2	0.8063
reranked_top500_topicality0.4_correctness0.6.txt	graded.helpful-only	compatibility	3	0.9120
reranked_top500_topicality0.4_correctness0.6.txt	graded.helpful-only	compatibility	4	0.2640
reranked_top500_topicality0.4_correctness0.6.txt	graded.helpful-only	compatibility	5	0.5000
reranked_top500_topicality0.4_correctness0.6.txt	graded.helpful-only	compatibility	6	0.6024
reranked_top500_topicality0.4_correctness0.6.txt	graded.helpful-only	compatibility	7	0.2414
reranked_top500_topicality0.4_correctness0.6.txt	graded.helpful-only	compatibility	8	0.4147
reranked_top500_topicality0.4_correctness0.6.txt	graded.helpful-only	compatibility	9	0.1086
reranked_top500_topicality0.4_correctness0.6.txt	graded.helpful-only	compatibility	10	0.4805
reranked_top500_topicality0.4_correctness0.6.txt	graded.helpful-only	compatibility	11	0.3994
reranked_top500_topicality0.4_correctness0.6.txt	graded.helpful-only	compatibility	12	0.1476
reranked_top500_topicality0.4_correctness0.6.txt	graded.helpful-only	compatibility	13	0.5866
reranked_top500_topicality0.4_correctness0.6.txt	graded.helpful-only	compatibility	14	0.1875
reranked_top500_topicality0.4_correctness0.6.txt	graded.helpful-only	compatibility	15	0.1681
reranked_top500_topicality0.4_correctness0.6.txt	graded.helpful-only	compatibility	16	0.4662
reranked_top500_topicality0.4_correctness0.6.txt	graded.helpful-only	compatibility	17	0.7328
reranked_top500_topicality0.4_correctness0.6.txt	graded.helpful-only	compatibility	18	0.3650
reranked_top500_topicality0.4_correctness0.6.txt	graded.helpful-only	compatibility	19	0.1033
reranked_top500_topicality0.4_correctness0.6.txt	graded.helpful-only	compatibility	20	0.2178
reranked_top500_topicality0.4_correctness0.6.txt	graded.helpful-only	compatibility	21	0.3081
reranked_top500_topicality0.4_correctness0.6.txt	graded.helpful-only	compatibility	22	0.1882
reranked_top500_topicality0.4_correctness0.6.txt	graded.helpful-only	compatibility	23	0.5566
reranked_top500_topicality0.4_correctness0.6.txt	graded.helpful-only	compatibility	24	0.0388
reranked_top500_topicality0.4_correctness0.6.txt	graded.helpful-only	compatibility	25	0.1558
reranked_top500_topicality0.4_correctness0.6.txt	graded.helpful-only	compatibility	26	0.8759
reranked_top500_topicality0.4_correctness0.6.txt	graded.helpful-only	compatibility	27	0.2978
reranked_top500_topicality0.4_correctness0.6.txt	graded.helpful-only	compatibility	28	0.0093
reranked_top500_topicality0.4_correctness0.6.txt	graded.helpful-only	compatibility	29	0.1874
reranked_top500_topicality0.4_correctness0.6.txt	graded.helpful-only	compatibility	30	0.4216
reranked_top500_topicality0.4_correctness0.6.txt	graded.helpful-only	compatibility	31	0.1787
reranked_top500_topicality0.4_correctness0.6.txt	graded.helpful-only	compatibility	32	0.4970
reranked_top500_topicality0.4_correctness0.6.txt	graded.helpful-only	compatibility	34	0.6086
reranked_top500_topicality0.4_correctness0.6.txt	graded.helpful-only	compatibility	36	0.2834
reranked_top500_topicality0.4_correctness0.6.txt	graded.helpful-only	compatibility	37	0.0080
reranked_top500_topicality0.4_correctness0.6.txt	graded.helpful-only	compatibility	38	0.2278
reranked_top500_topicality0.4_correctness0.6.txt	graded.helpful-only	compatibility	39	0.0022
reranked_top500_topicality0.4_correctness0.6.txt	graded.helpful-only	compatibility	40	0.3755
reranked_top500_topicality0.4_correctness0.6.txt	graded.helpful-only	compatibility	41	0.7582
reranked_top500_topicality0.4_correctness0.6.txt	graded.helpful-only	compatibility	42	0.8911
reranked_top500_topicality0.4_correctness0.6.txt	graded.helpful-only	compatibility	43	0.1196
reranked_top500_topicality0.4_correctness0.6.txt	graded.helpful-only	compatibility	44	0.1777
reranked_top500_topicality0.4_correctness0.6.txt	graded.helpful-only	compatibility	45	0.0025
reranked_top500_topicality0.4_correctness0.6.txt	graded.helpful-only	compatibility	47	0.8597
reranked_top500_topicality0.4_correctness0.6.txt	graded.helpful-only	compatibility	49	0.3941
reranked_top500_topicality0.4_correctness0.6.txt	graded.helpful-only	compatibility	50	0.8032
reranked_top500_topicality0.4_correctness0.6.txt	graded.helpful-only	compatibility	all	0.3789
