run	qrels	measure	topic	score
reranked_top500_topicality0.5_correctness0.5.txt	2aspects.correct-credible	cam_map	1	0.2421
reranked_top500_topicality0.5_correctness0.5.txt	2aspects.correct-credible	cam_map	10	0.1825
reranked_top500_topicality0.5_correctness0.5.txt	2aspects.correct-credible	cam_map	12	0.0360
reranked_top500_topicality0.5_correctness0.5.txt	2aspects.correct-credible	cam_map	13	0.1591
reranked_top500_topicality0.5_correctness0.5.txt	2aspects.correct-credible	cam_map	14	0.3310
reranked_top500_topicality0.5_correctness0.5.txt	2aspects.correct-credible	cam_map	15	0.0991
reranked_top500_topicality0.5_correctness0.5.txt	2aspects.correct-credible	cam_map	16	0.3248
reranked_top500_topicality0.5_correctness0.5.txt	2aspects.correct-credible	cam_map	18	0.1043
reranked_top500_topicality0.5_correctness0.5.txt	2aspects.correct-credible	cam_map	19	0.0412
reranked_top500_topicality0.5_correctness0.5.txt	2aspects.correct-credible	cam_map	2	0.4437
reranked_top500_topicality0.5_correctness0.5.txt	2aspects.correct-credible	cam_map	20	0.1255
reranked_top500_topicality0.5_correctness0.5.txt	2aspects.correct-credible	cam_map	21	0.0833
reranked_top500_topicality0.5_correctness0.5.txt	2aspects.correct-credible	cam_map	22	0.0744
reranked_top500_topicality0.5_correctness0.5.txt	2aspects.correct-credible	cam_map	23	0.5228
reranked_top500_topicality0.5_correctness0.5.txt	2aspects.correct-credible	cam_map	24	0.0145
reranked_top500_topicality0.5_correctness0.5.txt	2aspects.correct-credible	cam_map	25	0.1540
reranked_top500_topicality0.5_correctness0.5.txt	2aspects.correct-credible	cam_map	27	0.1387
reranked_top500_topicality0.5_correctness0.5.txt	2aspects.correct-credible	cam_map	28	0.0000
reranked_top500_topicality0.5_correctness0.5.txt	2aspects.correct-credible	cam_map	29	0.1871
reranked_top500_topicality0.5_correctness0.5.txt	2aspects.correct-credible	cam_map	30	0.3037
reranked_top500_topicality0.5_correctness0.5.txt	2aspects.correct-credible	cam_map	31	0.0069
reranked_top500_topicality0.5_correctness0.5.txt	2aspects.correct-credible	cam_map	34	0.2471
reranked_top500_topicality0.5_correctness0.5.txt	2aspects.correct-credible	cam_map	36	0.1271
reranked_top500_topicality0.5_correctness0.5.txt	2aspects.correct-credible	cam_map	37	0.0238
reranked_top500_topicality0.5_correctness0.5.txt	2aspects.correct-credible	cam_map	39	0.0044
reranked_top500_topicality0.5_correctness0.5.txt	2aspects.correct-credible	cam_map	4	0.0767
reranked_top500_topicality0.5_correctness0.5.txt	2aspects.correct-credible	cam_map	40	0.1822
reranked_top500_topicality0.5_correctness0.5.txt	2aspects.correct-credible	cam_map	41	0.5788
reranked_top500_topicality0.5_correctness0.5.txt	2aspects.correct-credible	cam_map	43	0.1429
reranked_top500_topicality0.5_correctness0.5.txt	2aspects.correct-credible	cam_map	47	0.5609
reranked_top500_topicality0.5_correctness0.5.txt	2aspects.correct-credible	cam_map	49	0.3497
reranked_top500_topicality0.5_correctness0.5.txt	2aspects.correct-credible	cam_map	5	0.3833
reranked_top500_topicality0.5_correctness0.5.txt	2aspects.correct-credible	cam_map	50	0.5095
reranked_top500_topicality0.5_correctness0.5.txt	2aspects.correct-credible	cam_map	6	0.2999
reranked_top500_topicality0.5_correctness0.5.txt	2aspects.correct-credible	cam_map	7	0.0671
reranked_top500_topicality0.5_correctness0.5.txt	2aspects.correct-credible	cam_map	8	0.4532
reranked_top500_topicality0.5_correctness0.5.txt	2aspects.correct-credible	cam_map	9	0.0029
reranked_top500_topicality0.5_correctness0.5.txt	2aspects.correct-credible	cam_map	all	0.2050
reranked_top500_topicality0.5_correctness0.5.txt	2aspects.useful-credible	cam_map	1	0.2874
reranked_top500_topicality0.5_correctness0.5.txt	2aspects.useful-credible	cam_map	10	0.1852
reranked_top500_topicality0.5_correctness0.5.txt	2aspects.useful-credible	cam_map	11	0.3345
reranked_top500_topicality0.5_correctness0.5.txt	2aspects.useful-credible	cam_map	12	0.0795
reranked_top500_topicality0.5_correctness0.5.txt	2aspects.useful-credible	cam_map	13	0.2782
reranked_top500_topicality0.5_correctness0.5.txt	2aspects.useful-credible	cam_map	14	0.3884
reranked_top500_topicality0.5_correctness0.5.txt	2aspects.useful-credible	cam_map	15	0.1022
reranked_top500_topicality0.5_correctness0.5.txt	2aspects.useful-credible	cam_map	16	0.3434
reranked_top500_topicality0.5_correctness0.5.txt	2aspects.useful-credible	cam_map	17	0.3186
reranked_top500_topicality0.5_correctness0.5.txt	2aspects.useful-credible	cam_map	18	0.3896
reranked_top500_topicality0.5_correctness0.5.txt	2aspects.useful-credible	cam_map	19	0.2242
reranked_top500_topicality0.5_correctness0.5.txt	2aspects.useful-credible	cam_map	2	0.4363
reranked_top500_topicality0.5_correctness0.5.txt	2aspects.useful-credible	cam_map	20	0.2285
reranked_top500_topicality0.5_correctness0.5.txt	2aspects.useful-credible	cam_map	21	0.1900
reranked_top500_topicality0.5_correctness0.5.txt	2aspects.useful-credible	cam_map	22	0.0876
reranked_top500_topicality0.5_correctness0.5.txt	2aspects.useful-credible	cam_map	23	0.4838
reranked_top500_topicality0.5_correctness0.5.txt	2aspects.useful-credible	cam_map	24	0.0145
reranked_top500_topicality0.5_correctness0.5.txt	2aspects.useful-credible	cam_map	25	0.2459
reranked_top500_topicality0.5_correctness0.5.txt	2aspects.useful-credible	cam_map	26	0.2453
reranked_top500_topicality0.5_correctness0.5.txt	2aspects.useful-credible	cam_map	27	0.1628
reranked_top500_topicality0.5_correctness0.5.txt	2aspects.useful-credible	cam_map	28	0.0000
reranked_top500_topicality0.5_correctness0.5.txt	2aspects.useful-credible	cam_map	29	0.2369
reranked_top500_topicality0.5_correctness0.5.txt	2aspects.useful-credible	cam_map	3	0.5161
reranked_top500_topicality0.5_correctness0.5.txt	2aspects.useful-credible	cam_map	30	0.5873
reranked_top500_topicality0.5_correctness0.5.txt	2aspects.useful-credible	cam_map	31	0.1846
reranked_top500_topicality0.5_correctness0.5.txt	2aspects.useful-credible	cam_map	32	0.2900
reranked_top500_topicality0.5_correctness0.5.txt	2aspects.useful-credible	cam_map	34	0.2640
reranked_top500_topicality0.5_correctness0.5.txt	2aspects.useful-credible	cam_map	36	0.2705
reranked_top500_topicality0.5_correctness0.5.txt	2aspects.useful-credible	cam_map	37	0.0594
reranked_top500_topicality0.5_correctness0.5.txt	2aspects.useful-credible	cam_map	38	0.2216
reranked_top500_topicality0.5_correctness0.5.txt	2aspects.useful-credible	cam_map	39	0.2767
reranked_top500_topicality0.5_correctness0.5.txt	2aspects.useful-credible	cam_map	4	0.5322
reranked_top500_topicality0.5_correctness0.5.txt	2aspects.useful-credible	cam_map	40	0.3325
reranked_top500_topicality0.5_correctness0.5.txt	2aspects.useful-credible	cam_map	41	0.5713
reranked_top500_topicality0.5_correctness0.5.txt	2aspects.useful-credible	cam_map	42	0.4701
reranked_top500_topicality0.5_correctness0.5.txt	2aspects.useful-credible	cam_map	43	0.0381
reranked_top500_topicality0.5_correctness0.5.txt	2aspects.useful-credible	cam_map	44	0.2398
reranked_top500_topicality0.5_correctness0.5.txt	2aspects.useful-credible	cam_map	45	0.1337
reranked_top500_topicality0.5_correctness0.5.txt	2aspects.useful-credible	cam_map	47	0.5454
reranked_top500_topicality0.5_correctness0.5.txt	2aspects.useful-credible	cam_map	49	0.5716
reranked_top500_topicality0.5_correctness0.5.txt	2aspects.useful-credible	cam_map	5	0.5754
reranked_top500_topicality0.5_correctness0.5.txt	2aspects.useful-credible	cam_map	50	0.4916
reranked_top500_topicality0.5_correctness0.5.txt	2aspects.useful-credible	cam_map	6	0.3595
reranked_top500_topicality0.5_correctness0.5.txt	2aspects.useful-credible	cam_map	7	0.0933
reranked_top500_topicality0.5_correctness0.5.txt	2aspects.useful-credible	cam_map	8	0.4879
reranked_top500_topicality0.5_correctness0.5.txt	2aspects.useful-credible	cam_map	9	0.2070
reranked_top500_topicality0.5_correctness0.5.txt	2aspects.useful-credible	cam_map	all	0.2953
reranked_top500_topicality0.5_correctness0.5.txt	3aspects	cam_map_three	1	0.2735
reranked_top500_topicality0.5_correctness0.5.txt	3aspects	cam_map_three	10	0.1842
reranked_top500_topicality0.5_correctness0.5.txt	3aspects	cam_map_three	11	0.2230
reranked_top500_topicality0.5_correctness0.5.txt	3aspects	cam_map_three	12	0.0650
reranked_top500_topicality0.5_correctness0.5.txt	3aspects	cam_map_three	13	0.2376
reranked_top500_topicality0.5_correctness0.5.txt	3aspects	cam_map_three	14	0.4174
reranked_top500_topicality0.5_correctness0.5.txt	3aspects	cam_map_three	15	0.1019
reranked_top500_topicality0.5_correctness0.5.txt	3aspects	cam_map_three	16	0.3410
reranked_top500_topicality0.5_correctness0.5.txt	3aspects	cam_map_three	17	0.2124
reranked_top500_topicality0.5_correctness0.5.txt	3aspects	cam_map_three	18	0.2952
reranked_top500_topicality0.5_correctness0.5.txt	3aspects	cam_map_three	19	0.1677
reranked_top500_topicality0.5_correctness0.5.txt	3aspects	cam_map_three	2	0.4361
reranked_top500_topicality0.5_correctness0.5.txt	3aspects	cam_map_three	20	0.1946
reranked_top500_topicality0.5_correctness0.5.txt	3aspects	cam_map_three	21	0.1545
reranked_top500_topicality0.5_correctness0.5.txt	3aspects	cam_map_three	22	0.0829
reranked_top500_topicality0.5_correctness0.5.txt	3aspects	cam_map_three	23	0.4968
reranked_top500_topicality0.5_correctness0.5.txt	3aspects	cam_map_three	24	0.0165
reranked_top500_topicality0.5_correctness0.5.txt	3aspects	cam_map_three	25	0.2159
reranked_top500_topicality0.5_correctness0.5.txt	3aspects	cam_map_three	26	0.1635
reranked_top500_topicality0.5_correctness0.5.txt	3aspects	cam_map_three	27	0.1593
reranked_top500_topicality0.5_correctness0.5.txt	3aspects	cam_map_three	28	0.0000
reranked_top500_topicality0.5_correctness0.5.txt	3aspects	cam_map_three	29	0.2207
reranked_top500_topicality0.5_correctness0.5.txt	3aspects	cam_map_three	3	0.3441
reranked_top500_topicality0.5_correctness0.5.txt	3aspects	cam_map_three	30	0.5107
reranked_top500_topicality0.5_correctness0.5.txt	3aspects	cam_map_three	31	0.1253
reranked_top500_topicality0.5_correctness0.5.txt	3aspects	cam_map_three	32	0.1933
reranked_top500_topicality0.5_correctness0.5.txt	3aspects	cam_map_three	34	0.2632
reranked_top500_topicality0.5_correctness0.5.txt	3aspects	cam_map_three	36	0.2240
reranked_top500_topicality0.5_correctness0.5.txt	3aspects	cam_map_three	37	0.0476
reranked_top500_topicality0.5_correctness0.5.txt	3aspects	cam_map_three	38	0.1477
reranked_top500_topicality0.5_correctness0.5.txt	3aspects	cam_map_three	39	0.1859
reranked_top500_topicality0.5_correctness0.5.txt	3aspects	cam_map_three	4	0.3803
reranked_top500_topicality0.5_correctness0.5.txt	3aspects	cam_map_three	40	0.2532
reranked_top500_topicality0.5_correctness0.5.txt	3aspects	cam_map_three	41	0.5753
reranked_top500_topicality0.5_correctness0.5.txt	3aspects	cam_map_three	42	0.3134
reranked_top500_topicality0.5_correctness0.5.txt	3aspects	cam_map_three	43	0.0730
reranked_top500_topicality0.5_correctness0.5.txt	3aspects	cam_map_three	44	0.1599
reranked_top500_topicality0.5_correctness0.5.txt	3aspects	cam_map_three	45	0.0891
reranked_top500_topicality0.5_correctness0.5.txt	3aspects	cam_map_three	47	0.5514
reranked_top500_topicality0.5_correctness0.5.txt	3aspects	cam_map_three	49	0.4909
reranked_top500_topicality0.5_correctness0.5.txt	3aspects	cam_map_three	5	0.5131
reranked_top500_topicality0.5_correctness0.5.txt	3aspects	cam_map_three	50	0.4942
reranked_top500_topicality0.5_correctness0.5.txt	3aspects	cam_map_three	6	0.3396
reranked_top500_topicality0.5_correctness0.5.txt	3aspects	cam_map_three	7	0.0847
reranked_top500_topicality0.5_correctness0.5.txt	3aspects	cam_map_three	8	0.4758
reranked_top500_topicality0.5_correctness0.5.txt	3aspects	cam_map_three	9	0.1396
reranked_top500_topicality0.5_correctness0.5.txt	3aspects	cam_map_three	all	0.2529
reranked_top500_topicality0.5_correctness0.5.txt	binary.useful	ndcg	1	0.5994
reranked_top500_topicality0.5_correctness0.5.txt	binary.useful	ndcg	10	0.6488
reranked_top500_topicality0.5_correctness0.5.txt	binary.useful	ndcg	11	0.7443
reranked_top500_topicality0.5_correctness0.5.txt	binary.useful	ndcg	12	0.3152
reranked_top500_topicality0.5_correctness0.5.txt	binary.useful	ndcg	13	0.5654
reranked_top500_topicality0.5_correctness0.5.txt	binary.useful	ndcg	14	0.8800
reranked_top500_topicality0.5_correctness0.5.txt	binary.useful	ndcg	15	0.4321
reranked_top500_topicality0.5_correctness0.5.txt	binary.useful	ndcg	16	0.6743
reranked_top500_topicality0.5_correctness0.5.txt	binary.useful	ndcg	17	0.6155
reranked_top500_topicality0.5_correctness0.5.txt	binary.useful	ndcg	18	0.7504
reranked_top500_topicality0.5_correctness0.5.txt	binary.useful	ndcg	19	0.7244
reranked_top500_topicality0.5_correctness0.5.txt	binary.useful	ndcg	2	0.6657
reranked_top500_topicality0.5_correctness0.5.txt	binary.useful	ndcg	20	0.5585
reranked_top500_topicality0.5_correctness0.5.txt	binary.useful	ndcg	21	0.6116
reranked_top500_topicality0.5_correctness0.5.txt	binary.useful	ndcg	22	0.4904
reranked_top500_topicality0.5_correctness0.5.txt	binary.useful	ndcg	23	0.7270
reranked_top500_topicality0.5_correctness0.5.txt	binary.useful	ndcg	24	0.1779
reranked_top500_topicality0.5_correctness0.5.txt	binary.useful	ndcg	25	0.5974
reranked_top500_topicality0.5_correctness0.5.txt	binary.useful	ndcg	26	0.4907
reranked_top500_topicality0.5_correctness0.5.txt	binary.useful	ndcg	27	0.5660
reranked_top500_topicality0.5_correctness0.5.txt	binary.useful	ndcg	28	0.1800
reranked_top500_topicality0.5_correctness0.5.txt	binary.useful	ndcg	29	0.6144
reranked_top500_topicality0.5_correctness0.5.txt	binary.useful	ndcg	3	0.8402
reranked_top500_topicality0.5_correctness0.5.txt	binary.useful	ndcg	30	0.9224
reranked_top500_topicality0.5_correctness0.5.txt	binary.useful	ndcg	31	0.6234
reranked_top500_topicality0.5_correctness0.5.txt	binary.useful	ndcg	32	0.7258
reranked_top500_topicality0.5_correctness0.5.txt	binary.useful	ndcg	34	0.5970
reranked_top500_topicality0.5_correctness0.5.txt	binary.useful	ndcg	36	0.5738
reranked_top500_topicality0.5_correctness0.5.txt	binary.useful	ndcg	37	0.3036
reranked_top500_topicality0.5_correctness0.5.txt	binary.useful	ndcg	38	0.5962
reranked_top500_topicality0.5_correctness0.5.txt	binary.useful	ndcg	39	0.6195
reranked_top500_topicality0.5_correctness0.5.txt	binary.useful	ndcg	4	0.8441
reranked_top500_topicality0.5_correctness0.5.txt	binary.useful	ndcg	40	0.7018
reranked_top500_topicality0.5_correctness0.5.txt	binary.useful	ndcg	41	0.8571
reranked_top500_topicality0.5_correctness0.5.txt	binary.useful	ndcg	42	0.7654
reranked_top500_topicality0.5_correctness0.5.txt	binary.useful	ndcg	43	0.1131
reranked_top500_topicality0.5_correctness0.5.txt	binary.useful	ndcg	44	0.6327
reranked_top500_topicality0.5_correctness0.5.txt	binary.useful	ndcg	45	0.5104
reranked_top500_topicality0.5_correctness0.5.txt	binary.useful	ndcg	47	0.8356
reranked_top500_topicality0.5_correctness0.5.txt	binary.useful	ndcg	49	0.8747
reranked_top500_topicality0.5_correctness0.5.txt	binary.useful	ndcg	5	0.8840
reranked_top500_topicality0.5_correctness0.5.txt	binary.useful	ndcg	50	0.7410
reranked_top500_topicality0.5_correctness0.5.txt	binary.useful	ndcg	6	0.7645
reranked_top500_topicality0.5_correctness0.5.txt	binary.useful	ndcg	7	0.3388
reranked_top500_topicality0.5_correctness0.5.txt	binary.useful	ndcg	8	0.8045
reranked_top500_topicality0.5_correctness0.5.txt	binary.useful	ndcg	9	0.6387
reranked_top500_topicality0.5_correctness0.5.txt	binary.useful	ndcg	all	0.6247
reranked_top500_topicality0.5_correctness0.5.txt	binary.useful-correct	ndcg	1	0.6360
reranked_top500_topicality0.5_correctness0.5.txt	binary.useful-correct	ndcg	10	0.6486
reranked_top500_topicality0.5_correctness0.5.txt	binary.useful-correct	ndcg	12	0.2238
reranked_top500_topicality0.5_correctness0.5.txt	binary.useful-correct	ndcg	13	0.4746
reranked_top500_topicality0.5_correctness0.5.txt	binary.useful-correct	ndcg	14	0.8466
reranked_top500_topicality0.5_correctness0.5.txt	binary.useful-correct	ndcg	15	0.4402
reranked_top500_topicality0.5_correctness0.5.txt	binary.useful-correct	ndcg	16	0.7066
reranked_top500_topicality0.5_correctness0.5.txt	binary.useful-correct	ndcg	18	0.5072
reranked_top500_topicality0.5_correctness0.5.txt	binary.useful-correct	ndcg	19	0.3572
reranked_top500_topicality0.5_correctness0.5.txt	binary.useful-correct	ndcg	2	0.7292
reranked_top500_topicality0.5_correctness0.5.txt	binary.useful-correct	ndcg	20	0.4971
reranked_top500_topicality0.5_correctness0.5.txt	binary.useful-correct	ndcg	21	0.2702
reranked_top500_topicality0.5_correctness0.5.txt	binary.useful-correct	ndcg	22	0.4532
reranked_top500_topicality0.5_correctness0.5.txt	binary.useful-correct	ndcg	23	0.7891
reranked_top500_topicality0.5_correctness0.5.txt	binary.useful-correct	ndcg	24	0.1779
reranked_top500_topicality0.5_correctness0.5.txt	binary.useful-correct	ndcg	25	0.5551
reranked_top500_topicality0.5_correctness0.5.txt	binary.useful-correct	ndcg	27	0.5182
reranked_top500_topicality0.5_correctness0.5.txt	binary.useful-correct	ndcg	28	0.1433
reranked_top500_topicality0.5_correctness0.5.txt	binary.useful-correct	ndcg	29	0.5531
reranked_top500_topicality0.5_correctness0.5.txt	binary.useful-correct	ndcg	30	0.7656
reranked_top500_topicality0.5_correctness0.5.txt	binary.useful-correct	ndcg	31	0.1941
reranked_top500_topicality0.5_correctness0.5.txt	binary.useful-correct	ndcg	34	0.5989
reranked_top500_topicality0.5_correctness0.5.txt	binary.useful-correct	ndcg	36	0.4737
reranked_top500_topicality0.5_correctness0.5.txt	binary.useful-correct	ndcg	37	0.2191
reranked_top500_topicality0.5_correctness0.5.txt	binary.useful-correct	ndcg	39	0.1477
reranked_top500_topicality0.5_correctness0.5.txt	binary.useful-correct	ndcg	4	0.3955
reranked_top500_topicality0.5_correctness0.5.txt	binary.useful-correct	ndcg	40	0.3486
reranked_top500_topicality0.5_correctness0.5.txt	binary.useful-correct	ndcg	41	0.8660
reranked_top500_topicality0.5_correctness0.5.txt	binary.useful-correct	ndcg	43	0.3333
reranked_top500_topicality0.5_correctness0.5.txt	binary.useful-correct	ndcg	47	0.8519
reranked_top500_topicality0.5_correctness0.5.txt	binary.useful-correct	ndcg	49	0.6692
reranked_top500_topicality0.5_correctness0.5.txt	binary.useful-correct	ndcg	5	0.7950
reranked_top500_topicality0.5_correctness0.5.txt	binary.useful-correct	ndcg	50	0.7839
reranked_top500_topicality0.5_correctness0.5.txt	binary.useful-correct	ndcg	6	0.7284
reranked_top500_topicality0.5_correctness0.5.txt	binary.useful-correct	ndcg	7	0.3021
reranked_top500_topicality0.5_correctness0.5.txt	binary.useful-correct	ndcg	8	0.7965
reranked_top500_topicality0.5_correctness0.5.txt	binary.useful-correct	ndcg	9	0.1444
reranked_top500_topicality0.5_correctness0.5.txt	binary.useful-correct	ndcg	all	0.5119
reranked_top500_topicality0.5_correctness0.5.txt	binary.useful-credible	ndcg	1	0.6090
reranked_top500_topicality0.5_correctness0.5.txt	binary.useful-credible	ndcg	10	0.6572
reranked_top500_topicality0.5_correctness0.5.txt	binary.useful-credible	ndcg	11	0.7419
reranked_top500_topicality0.5_correctness0.5.txt	binary.useful-credible	ndcg	12	0.3152
reranked_top500_topicality0.5_correctness0.5.txt	binary.useful-credible	ndcg	13	0.5554
reranked_top500_topicality0.5_correctness0.5.txt	binary.useful-credible	ndcg	14	0.6501
reranked_top500_topicality0.5_correctness0.5.txt	binary.useful-credible	ndcg	15	0.4323
reranked_top500_topicality0.5_correctness0.5.txt	binary.useful-credible	ndcg	16	0.6684
reranked_top500_topicality0.5_correctness0.5.txt	binary.useful-credible	ndcg	17	0.6171
reranked_top500_topicality0.5_correctness0.5.txt	binary.useful-credible	ndcg	18	0.7407
reranked_top500_topicality0.5_correctness0.5.txt	binary.useful-credible	ndcg	19	0.2431
reranked_top500_topicality0.5_correctness0.5.txt	binary.useful-credible	ndcg	2	0.6851
reranked_top500_topicality0.5_correctness0.5.txt	binary.useful-credible	ndcg	20	0.6224
reranked_top500_topicality0.5_correctness0.5.txt	binary.useful-credible	ndcg	21	0.4223
reranked_top500_topicality0.5_correctness0.5.txt	binary.useful-credible	ndcg	22	0.4915
reranked_top500_topicality0.5_correctness0.5.txt	binary.useful-credible	ndcg	23	0.7891
reranked_top500_topicality0.5_correctness0.5.txt	binary.useful-credible	ndcg	24	0.1028
reranked_top500_topicality0.5_correctness0.5.txt	binary.useful-credible	ndcg	25	0.5835
reranked_top500_topicality0.5_correctness0.5.txt	binary.useful-credible	ndcg	26	0.4854
reranked_top500_topicality0.5_correctness0.5.txt	binary.useful-credible	ndcg	27	0.3155
reranked_top500_topicality0.5_correctness0.5.txt	binary.useful-credible	ndcg	29	0.6110
reranked_top500_topicality0.5_correctness0.5.txt	binary.useful-credible	ndcg	3	0.8341
reranked_top500_topicality0.5_correctness0.5.txt	binary.useful-credible	ndcg	30	0.8144
reranked_top500_topicality0.5_correctness0.5.txt	binary.useful-credible	ndcg	31	0.6244
reranked_top500_topicality0.5_correctness0.5.txt	binary.useful-credible	ndcg	32	0.7249
reranked_top500_topicality0.5_correctness0.5.txt	binary.useful-credible	ndcg	34	0.5771
reranked_top500_topicality0.5_correctness0.5.txt	binary.useful-credible	ndcg	36	0.5767
reranked_top500_topicality0.5_correctness0.5.txt	binary.useful-credible	ndcg	37	0.3032
reranked_top500_topicality0.5_correctness0.5.txt	binary.useful-credible	ndcg	38	0.5453
reranked_top500_topicality0.5_correctness0.5.txt	binary.useful-credible	ndcg	39	0.6194
reranked_top500_topicality0.5_correctness0.5.txt	binary.useful-credible	ndcg	4	0.8489
reranked_top500_topicality0.5_correctness0.5.txt	binary.useful-credible	ndcg	40	0.7357
reranked_top500_topicality0.5_correctness0.5.txt	binary.useful-credible	ndcg	41	0.8651
reranked_top500_topicality0.5_correctness0.5.txt	binary.useful-credible	ndcg	42	0.7635
reranked_top500_topicality0.5_correctness0.5.txt	binary.useful-credible	ndcg	43	0.1564
reranked_top500_topicality0.5_correctness0.5.txt	binary.useful-credible	ndcg	44	0.2789
reranked_top500_topicality0.5_correctness0.5.txt	binary.useful-credible	ndcg	45	0.5104
reranked_top500_topicality0.5_correctness0.5.txt	binary.useful-credible	ndcg	47	0.8394
reranked_top500_topicality0.5_correctness0.5.txt	binary.useful-credible	ndcg	49	0.8833
reranked_top500_topicality0.5_correctness0.5.txt	binary.useful-credible	ndcg	5	0.8829
reranked_top500_topicality0.5_correctness0.5.txt	binary.useful-credible	ndcg	50	0.8136
reranked_top500_topicality0.5_correctness0.5.txt	binary.useful-credible	ndcg	6	0.7423
reranked_top500_topicality0.5_correctness0.5.txt	binary.useful-credible	ndcg	7	0.3512
reranked_top500_topicality0.5_correctness0.5.txt	binary.useful-credible	ndcg	8	0.8124
reranked_top500_topicality0.5_correctness0.5.txt	binary.useful-credible	ndcg	9	0.4857
reranked_top500_topicality0.5_correctness0.5.txt	binary.useful-credible	ndcg	all	0.5984
reranked_top500_topicality0.5_correctness0.5.txt	binary.useful-correct-credible	ndcg	1	0.6280
reranked_top500_topicality0.5_correctness0.5.txt	binary.useful-correct-credible	ndcg	10	0.6521
reranked_top500_topicality0.5_correctness0.5.txt	binary.useful-correct-credible	ndcg	12	0.2238
reranked_top500_topicality0.5_correctness0.5.txt	binary.useful-correct-credible	ndcg	13	0.4896
reranked_top500_topicality0.5_correctness0.5.txt	binary.useful-correct-credible	ndcg	14	0.6188
reranked_top500_topicality0.5_correctness0.5.txt	binary.useful-correct-credible	ndcg	15	0.4299
reranked_top500_topicality0.5_correctness0.5.txt	binary.useful-correct-credible	ndcg	16	0.6913
reranked_top500_topicality0.5_correctness0.5.txt	binary.useful-correct-credible	ndcg	18	0.5001
reranked_top500_topicality0.5_correctness0.5.txt	binary.useful-correct-credible	ndcg	19	0.1847
reranked_top500_topicality0.5_correctness0.5.txt	binary.useful-correct-credible	ndcg	2	0.7434
reranked_top500_topicality0.5_correctness0.5.txt	binary.useful-correct-credible	ndcg	20	0.4978
reranked_top500_topicality0.5_correctness0.5.txt	binary.useful-correct-credible	ndcg	21	0.2702
reranked_top500_topicality0.5_correctness0.5.txt	binary.useful-correct-credible	ndcg	22	0.4521
reranked_top500_topicality0.5_correctness0.5.txt	binary.useful-correct-credible	ndcg	23	0.7891
reranked_top500_topicality0.5_correctness0.5.txt	binary.useful-correct-credible	ndcg	24	0.1028
reranked_top500_topicality0.5_correctness0.5.txt	binary.useful-correct-credible	ndcg	25	0.5591
reranked_top500_topicality0.5_correctness0.5.txt	binary.useful-correct-credible	ndcg	27	0.3155
reranked_top500_topicality0.5_correctness0.5.txt	binary.useful-correct-credible	ndcg	29	0.5487
reranked_top500_topicality0.5_correctness0.5.txt	binary.useful-correct-credible	ndcg	30	0.6594
reranked_top500_topicality0.5_correctness0.5.txt	binary.useful-correct-credible	ndcg	31	0.1941
reranked_top500_topicality0.5_correctness0.5.txt	binary.useful-correct-credible	ndcg	34	0.5837
reranked_top500_topicality0.5_correctness0.5.txt	binary.useful-correct-credible	ndcg	36	0.4632
reranked_top500_topicality0.5_correctness0.5.txt	binary.useful-correct-credible	ndcg	37	0.2156
reranked_top500_topicality0.5_correctness0.5.txt	binary.useful-correct-credible	ndcg	39	0.1477
reranked_top500_topicality0.5_correctness0.5.txt	binary.useful-correct-credible	ndcg	4	0.3955
reranked_top500_topicality0.5_correctness0.5.txt	binary.useful-correct-credible	ndcg	40	0.4944
reranked_top500_topicality0.5_correctness0.5.txt	binary.useful-correct-credible	ndcg	41	0.8657
reranked_top500_topicality0.5_correctness0.5.txt	binary.useful-correct-credible	ndcg	43	0.3333
reranked_top500_topicality0.5_correctness0.5.txt	binary.useful-correct-credible	ndcg	47	0.8510
reranked_top500_topicality0.5_correctness0.5.txt	binary.useful-correct-credible	ndcg	49	0.6693
reranked_top500_topicality0.5_correctness0.5.txt	binary.useful-correct-credible	ndcg	5	0.7894
reranked_top500_topicality0.5_correctness0.5.txt	binary.useful-correct-credible	ndcg	50	0.8130
reranked_top500_topicality0.5_correctness0.5.txt	binary.useful-correct-credible	ndcg	6	0.7284
reranked_top500_topicality0.5_correctness0.5.txt	binary.useful-correct-credible	ndcg	7	0.2984
reranked_top500_topicality0.5_correctness0.5.txt	binary.useful-correct-credible	ndcg	8	0.7962
reranked_top500_topicality0.5_correctness0.5.txt	binary.useful-correct-credible	ndcg	9	0.0678
reranked_top500_topicality0.5_correctness0.5.txt	binary.useful-correct-credible	ndcg	all	0.5018
reranked_top500_topicality0.5_correctness0.5.txt	graded.harmful-only	compatibility	1	0.0623
reranked_top500_topicality0.5_correctness0.5.txt	graded.harmful-only	compatibility	2	0.0745
reranked_top500_topicality0.5_correctness0.5.txt	graded.harmful-only	compatibility	4	0.0000
reranked_top500_topicality0.5_correctness0.5.txt	graded.harmful-only	compatibility	6	0.0349
reranked_top500_topicality0.5_correctness0.5.txt	graded.harmful-only	compatibility	7	0.0057
reranked_top500_topicality0.5_correctness0.5.txt	graded.harmful-only	compatibility	8	0.0135
reranked_top500_topicality0.5_correctness0.5.txt	graded.harmful-only	compatibility	9	0.1282
reranked_top500_topicality0.5_correctness0.5.txt	graded.harmful-only	compatibility	10	0.0001
reranked_top500_topicality0.5_correctness0.5.txt	graded.harmful-only	compatibility	13	0.0672
reranked_top500_topicality0.5_correctness0.5.txt	graded.harmful-only	compatibility	14	0.1202
reranked_top500_topicality0.5_correctness0.5.txt	graded.harmful-only	compatibility	15	0.0000
reranked_top500_topicality0.5_correctness0.5.txt	graded.harmful-only	compatibility	16	0.0000
reranked_top500_topicality0.5_correctness0.5.txt	graded.harmful-only	compatibility	17	0.1058
reranked_top500_topicality0.5_correctness0.5.txt	graded.harmful-only	compatibility	18	0.0000
reranked_top500_topicality0.5_correctness0.5.txt	graded.harmful-only	compatibility	19	0.6349
reranked_top500_topicality0.5_correctness0.5.txt	graded.harmful-only	compatibility	20	0.1171
reranked_top500_topicality0.5_correctness0.5.txt	graded.harmful-only	compatibility	22	0.1309
reranked_top500_topicality0.5_correctness0.5.txt	graded.harmful-only	compatibility	25	0.0654
reranked_top500_topicality0.5_correctness0.5.txt	graded.harmful-only	compatibility	27	0.1630
reranked_top500_topicality0.5_correctness0.5.txt	graded.harmful-only	compatibility	28	0.0732
reranked_top500_topicality0.5_correctness0.5.txt	graded.harmful-only	compatibility	30	0.0000
reranked_top500_topicality0.5_correctness0.5.txt	graded.harmful-only	compatibility	31	0.0069
reranked_top500_topicality0.5_correctness0.5.txt	graded.harmful-only	compatibility	38	0.1807
reranked_top500_topicality0.5_correctness0.5.txt	graded.harmful-only	compatibility	39	0.6968
reranked_top500_topicality0.5_correctness0.5.txt	graded.harmful-only	compatibility	40	0.0123
reranked_top500_topicality0.5_correctness0.5.txt	graded.harmful-only	compatibility	41	0.0000
reranked_top500_topicality0.5_correctness0.5.txt	graded.harmful-only	compatibility	43	0.0000
reranked_top500_topicality0.5_correctness0.5.txt	graded.harmful-only	compatibility	44	0.5424
reranked_top500_topicality0.5_correctness0.5.txt	graded.harmful-only	compatibility	45	0.1237
reranked_top500_topicality0.5_correctness0.5.txt	graded.harmful-only	compatibility	47	0.0676
reranked_top500_topicality0.5_correctness0.5.txt	graded.harmful-only	compatibility	49	0.0438
reranked_top500_topicality0.5_correctness0.5.txt	graded.harmful-only	compatibility	50	0.0057
reranked_top500_topicality0.5_correctness0.5.txt	graded.harmful-only	compatibility	all	0.1086
reranked_top500_topicality0.5_correctness0.5.txt	graded.helpful-only	compatibility	1	0.5647
reranked_top500_topicality0.5_correctness0.5.txt	graded.helpful-only	compatibility	2	0.8463
reranked_top500_topicality0.5_correctness0.5.txt	graded.helpful-only	compatibility	3	0.8640
reranked_top500_topicality0.5_correctness0.5.txt	graded.helpful-only	compatibility	4	0.2526
reranked_top500_topicality0.5_correctness0.5.txt	graded.helpful-only	compatibility	5	0.5526
reranked_top500_topicality0.5_correctness0.5.txt	graded.helpful-only	compatibility	6	0.6605
reranked_top500_topicality0.5_correctness0.5.txt	graded.helpful-only	compatibility	7	0.2330
reranked_top500_topicality0.5_correctness0.5.txt	graded.helpful-only	compatibility	8	0.4066
reranked_top500_topicality0.5_correctness0.5.txt	graded.helpful-only	compatibility	9	0.1151
reranked_top500_topicality0.5_correctness0.5.txt	graded.helpful-only	compatibility	10	0.3221
reranked_top500_topicality0.5_correctness0.5.txt	graded.helpful-only	compatibility	11	0.6376
reranked_top500_topicality0.5_correctness0.5.txt	graded.helpful-only	compatibility	12	0.1506
reranked_top500_topicality0.5_correctness0.5.txt	graded.helpful-only	compatibility	13	0.6083
reranked_top500_topicality0.5_correctness0.5.txt	graded.helpful-only	compatibility	14	0.2083
reranked_top500_topicality0.5_correctness0.5.txt	graded.helpful-only	compatibility	15	0.1830
reranked_top500_topicality0.5_correctness0.5.txt	graded.helpful-only	compatibility	16	0.5645
reranked_top500_topicality0.5_correctness0.5.txt	graded.helpful-only	compatibility	17	0.7893
reranked_top500_topicality0.5_correctness0.5.txt	graded.helpful-only	compatibility	18	0.3314
reranked_top500_topicality0.5_correctness0.5.txt	graded.helpful-only	compatibility	19	0.1007
reranked_top500_topicality0.5_correctness0.5.txt	graded.helpful-only	compatibility	20	0.1740
reranked_top500_topicality0.5_correctness0.5.txt	graded.helpful-only	compatibility	21	0.3459
reranked_top500_topicality0.5_correctness0.5.txt	graded.helpful-only	compatibility	22	0.2162
reranked_top500_topicality0.5_correctness0.5.txt	graded.helpful-only	compatibility	23	0.6340
reranked_top500_topicality0.5_correctness0.5.txt	graded.helpful-only	compatibility	24	0.0408
reranked_top500_topicality0.5_correctness0.5.txt	graded.helpful-only	compatibility	25	0.1901
reranked_top500_topicality0.5_correctness0.5.txt	graded.helpful-only	compatibility	26	0.9201
reranked_top500_topicality0.5_correctness0.5.txt	graded.helpful-only	compatibility	27	0.2521
reranked_top500_topicality0.5_correctness0.5.txt	graded.helpful-only	compatibility	28	0.0167
reranked_top500_topicality0.5_correctness0.5.txt	graded.helpful-only	compatibility	29	0.2344
reranked_top500_topicality0.5_correctness0.5.txt	graded.helpful-only	compatibility	30	0.4303
reranked_top500_topicality0.5_correctness0.5.txt	graded.helpful-only	compatibility	31	0.1434
reranked_top500_topicality0.5_correctness0.5.txt	graded.helpful-only	compatibility	32	0.5555
reranked_top500_topicality0.5_correctness0.5.txt	graded.helpful-only	compatibility	34	0.7467
reranked_top500_topicality0.5_correctness0.5.txt	graded.helpful-only	compatibility	36	0.2764
reranked_top500_topicality0.5_correctness0.5.txt	graded.helpful-only	compatibility	37	0.0120
reranked_top500_topicality0.5_correctness0.5.txt	graded.helpful-only	compatibility	38	0.2983
reranked_top500_topicality0.5_correctness0.5.txt	graded.helpful-only	compatibility	39	0.0035
reranked_top500_topicality0.5_correctness0.5.txt	graded.helpful-only	compatibility	40	0.3962
reranked_top500_topicality0.5_correctness0.5.txt	graded.helpful-only	compatibility	41	0.7506
reranked_top500_topicality0.5_correctness0.5.txt	graded.helpful-only	compatibility	42	0.9135
reranked_top500_topicality0.5_correctness0.5.txt	graded.helpful-only	compatibility	43	0.1042
reranked_top500_topicality0.5_correctness0.5.txt	graded.helpful-only	compatibility	44	0.1345
reranked_top500_topicality0.5_correctness0.5.txt	graded.helpful-only	compatibility	45	0.0114
reranked_top500_topicality0.5_correctness0.5.txt	graded.helpful-only	compatibility	47	0.8937
reranked_top500_topicality0.5_correctness0.5.txt	graded.helpful-only	compatibility	49	0.3935
reranked_top500_topicality0.5_correctness0.5.txt	graded.helpful-only	compatibility	50	0.8194
reranked_top500_topicality0.5_correctness0.5.txt	graded.helpful-only	compatibility	all	0.3978
