run	qrels	measure	topic	score
reranked_top500_topicality0.6_correctness0.4.txt	2aspects.correct-credible	cam_map	1	0.2625
reranked_top500_topicality0.6_correctness0.4.txt	2aspects.correct-credible	cam_map	10	0.1570
reranked_top500_topicality0.6_correctness0.4.txt	2aspects.correct-credible	cam_map	12	0.0327
reranked_top500_topicality0.6_correctness0.4.txt	2aspects.correct-credible	cam_map	13	0.1570
reranked_top500_topicality0.6_correctness0.4.txt	2aspects.correct-credible	cam_map	14	0.3552
reranked_top500_topicality0.6_correctness0.4.txt	2aspects.correct-credible	cam_map	15	0.1050
reranked_top500_topicality0.6_correctness0.4.txt	2aspects.correct-credible	cam_map	16	0.3102
reranked_top500_topicality0.6_correctness0.4.txt	2aspects.correct-credible	cam_map	18	0.0962
reranked_top500_topicality0.6_correctness0.4.txt	2aspects.correct-credible	cam_map	19	0.0411
reranked_top500_topicality0.6_correctness0.4.txt	2aspects.correct-credible	cam_map	2	0.4629
reranked_top500_topicality0.6_correctness0.4.txt	2aspects.correct-credible	cam_map	20	0.1290
reranked_top500_topicality0.6_correctness0.4.txt	2aspects.correct-credible	cam_map	21	0.0667
reranked_top500_topicality0.6_correctness0.4.txt	2aspects.correct-credible	cam_map	22	0.0831
reranked_top500_topicality0.6_correctness0.4.txt	2aspects.correct-credible	cam_map	23	0.5653
reranked_top500_topicality0.6_correctness0.4.txt	2aspects.correct-credible	cam_map	24	0.0158
reranked_top500_topicality0.6_correctness0.4.txt	2aspects.correct-credible	cam_map	25	0.1526
reranked_top500_topicality0.6_correctness0.4.txt	2aspects.correct-credible	cam_map	27	0.1138
reranked_top500_topicality0.6_correctness0.4.txt	2aspects.correct-credible	cam_map	28	0.0000
reranked_top500_topicality0.6_correctness0.4.txt	2aspects.correct-credible	cam_map	29	0.1971
reranked_top500_topicality0.6_correctness0.4.txt	2aspects.correct-credible	cam_map	30	0.2977
reranked_top500_topicality0.6_correctness0.4.txt	2aspects.correct-credible	cam_map	31	0.0080
reranked_top500_topicality0.6_correctness0.4.txt	2aspects.correct-credible	cam_map	34	0.2636
reranked_top500_topicality0.6_correctness0.4.txt	2aspects.correct-credible	cam_map	36	0.1290
reranked_top500_topicality0.6_correctness0.4.txt	2aspects.correct-credible	cam_map	37	0.0253
reranked_top500_topicality0.6_correctness0.4.txt	2aspects.correct-credible	cam_map	39	0.0046
reranked_top500_topicality0.6_correctness0.4.txt	2aspects.correct-credible	cam_map	4	0.0779
reranked_top500_topicality0.6_correctness0.4.txt	2aspects.correct-credible	cam_map	40	0.1802
reranked_top500_topicality0.6_correctness0.4.txt	2aspects.correct-credible	cam_map	41	0.5954
reranked_top500_topicality0.6_correctness0.4.txt	2aspects.correct-credible	cam_map	43	0.0909
reranked_top500_topicality0.6_correctness0.4.txt	2aspects.correct-credible	cam_map	47	0.5776
reranked_top500_topicality0.6_correctness0.4.txt	2aspects.correct-credible	cam_map	49	0.3645
reranked_top500_topicality0.6_correctness0.4.txt	2aspects.correct-credible	cam_map	5	0.4240
reranked_top500_topicality0.6_correctness0.4.txt	2aspects.correct-credible	cam_map	50	0.5339
reranked_top500_topicality0.6_correctness0.4.txt	2aspects.correct-credible	cam_map	6	0.3173
reranked_top500_topicality0.6_correctness0.4.txt	2aspects.correct-credible	cam_map	7	0.0750
reranked_top500_topicality0.6_correctness0.4.txt	2aspects.correct-credible	cam_map	8	0.4752
reranked_top500_topicality0.6_correctness0.4.txt	2aspects.correct-credible	cam_map	9	0.0030
reranked_top500_topicality0.6_correctness0.4.txt	2aspects.correct-credible	cam_map	all	0.2094
reranked_top500_topicality0.6_correctness0.4.txt	2aspects.useful-credible	cam_map	1	0.3024
reranked_top500_topicality0.6_correctness0.4.txt	2aspects.useful-credible	cam_map	10	0.1603
reranked_top500_topicality0.6_correctness0.4.txt	2aspects.useful-credible	cam_map	11	0.3866
reranked_top500_topicality0.6_correctness0.4.txt	2aspects.useful-credible	cam_map	12	0.0759
reranked_top500_topicality0.6_correctness0.4.txt	2aspects.useful-credible	cam_map	13	0.2905
reranked_top500_topicality0.6_correctness0.4.txt	2aspects.useful-credible	cam_map	14	0.4229
reranked_top500_topicality0.6_correctness0.4.txt	2aspects.useful-credible	cam_map	15	0.1071
reranked_top500_topicality0.6_correctness0.4.txt	2aspects.useful-credible	cam_map	16	0.3285
reranked_top500_topicality0.6_correctness0.4.txt	2aspects.useful-credible	cam_map	17	0.3284
reranked_top500_topicality0.6_correctness0.4.txt	2aspects.useful-credible	cam_map	18	0.3935
reranked_top500_topicality0.6_correctness0.4.txt	2aspects.useful-credible	cam_map	19	0.2415
reranked_top500_topicality0.6_correctness0.4.txt	2aspects.useful-credible	cam_map	2	0.4447
reranked_top500_topicality0.6_correctness0.4.txt	2aspects.useful-credible	cam_map	20	0.2307
reranked_top500_topicality0.6_correctness0.4.txt	2aspects.useful-credible	cam_map	21	0.1890
reranked_top500_topicality0.6_correctness0.4.txt	2aspects.useful-credible	cam_map	22	0.1091
reranked_top500_topicality0.6_correctness0.4.txt	2aspects.useful-credible	cam_map	23	0.5232
reranked_top500_topicality0.6_correctness0.4.txt	2aspects.useful-credible	cam_map	24	0.0158
reranked_top500_topicality0.6_correctness0.4.txt	2aspects.useful-credible	cam_map	25	0.2589
reranked_top500_topicality0.6_correctness0.4.txt	2aspects.useful-credible	cam_map	26	0.2539
reranked_top500_topicality0.6_correctness0.4.txt	2aspects.useful-credible	cam_map	27	0.1503
reranked_top500_topicality0.6_correctness0.4.txt	2aspects.useful-credible	cam_map	28	0.0000
reranked_top500_topicality0.6_correctness0.4.txt	2aspects.useful-credible	cam_map	29	0.2494
reranked_top500_topicality0.6_correctness0.4.txt	2aspects.useful-credible	cam_map	3	0.5019
reranked_top500_topicality0.6_correctness0.4.txt	2aspects.useful-credible	cam_map	30	0.5855
reranked_top500_topicality0.6_correctness0.4.txt	2aspects.useful-credible	cam_map	31	0.1891
reranked_top500_topicality0.6_correctness0.4.txt	2aspects.useful-credible	cam_map	32	0.3106
reranked_top500_topicality0.6_correctness0.4.txt	2aspects.useful-credible	cam_map	34	0.2790
reranked_top500_topicality0.6_correctness0.4.txt	2aspects.useful-credible	cam_map	36	0.2648
reranked_top500_topicality0.6_correctness0.4.txt	2aspects.useful-credible	cam_map	37	0.0629
reranked_top500_topicality0.6_correctness0.4.txt	2aspects.useful-credible	cam_map	38	0.2304
reranked_top500_topicality0.6_correctness0.4.txt	2aspects.useful-credible	cam_map	39	0.2979
reranked_top500_topicality0.6_correctness0.4.txt	2aspects.useful-credible	cam_map	4	0.5434
reranked_top500_topicality0.6_correctness0.4.txt	2aspects.useful-credible	cam_map	40	0.3486
reranked_top500_topicality0.6_correctness0.4.txt	2aspects.useful-credible	cam_map	41	0.5880
reranked_top500_topicality0.6_correctness0.4.txt	2aspects.useful-credible	cam_map	42	0.4599
reranked_top500_topicality0.6_correctness0.4.txt	2aspects.useful-credible	cam_map	43	0.0242
reranked_top500_topicality0.6_correctness0.4.txt	2aspects.useful-credible	cam_map	44	0.2466
reranked_top500_topicality0.6_correctness0.4.txt	2aspects.useful-credible	cam_map	45	0.1396
reranked_top500_topicality0.6_correctness0.4.txt	2aspects.useful-credible	cam_map	47	0.5591
reranked_top500_topicality0.6_correctness0.4.txt	2aspects.useful-credible	cam_map	49	0.6218
reranked_top500_topicality0.6_correctness0.4.txt	2aspects.useful-credible	cam_map	5	0.6182
reranked_top500_topicality0.6_correctness0.4.txt	2aspects.useful-credible	cam_map	50	0.5139
reranked_top500_topicality0.6_correctness0.4.txt	2aspects.useful-credible	cam_map	6	0.3719
reranked_top500_topicality0.6_correctness0.4.txt	2aspects.useful-credible	cam_map	7	0.1017
reranked_top500_topicality0.6_correctness0.4.txt	2aspects.useful-credible	cam_map	8	0.5187
reranked_top500_topicality0.6_correctness0.4.txt	2aspects.useful-credible	cam_map	9	0.2119
reranked_top500_topicality0.6_correctness0.4.txt	2aspects.useful-credible	cam_map	all	0.3055
reranked_top500_topicality0.6_correctness0.4.txt	3aspects	cam_map_three	1	0.2904
reranked_top500_topicality0.6_correctness0.4.txt	3aspects	cam_map_three	10	0.1592
reranked_top500_topicality0.6_correctness0.4.txt	3aspects	cam_map_three	11	0.2577
reranked_top500_topicality0.6_correctness0.4.txt	3aspects	cam_map_three	12	0.0615
reranked_top500_topicality0.6_correctness0.4.txt	3aspects	cam_map_three	13	0.2452
reranked_top500_topicality0.6_correctness0.4.txt	3aspects	cam_map_three	14	0.4526
reranked_top500_topicality0.6_correctness0.4.txt	3aspects	cam_map_three	15	0.1072
reranked_top500_topicality0.6_correctness0.4.txt	3aspects	cam_map_three	16	0.3264
reranked_top500_topicality0.6_correctness0.4.txt	3aspects	cam_map_three	17	0.2189
reranked_top500_topicality0.6_correctness0.4.txt	3aspects	cam_map_three	18	0.2949
reranked_top500_topicality0.6_correctness0.4.txt	3aspects	cam_map_three	19	0.1796
reranked_top500_topicality0.6_correctness0.4.txt	3aspects	cam_map_three	2	0.4478
reranked_top500_topicality0.6_correctness0.4.txt	3aspects	cam_map_three	20	0.1970
reranked_top500_topicality0.6_correctness0.4.txt	3aspects	cam_map_three	21	0.1482
reranked_top500_topicality0.6_correctness0.4.txt	3aspects	cam_map_three	22	0.1001
reranked_top500_topicality0.6_correctness0.4.txt	3aspects	cam_map_three	23	0.5372
reranked_top500_topicality0.6_correctness0.4.txt	3aspects	cam_map_three	24	0.0185
reranked_top500_topicality0.6_correctness0.4.txt	3aspects	cam_map_three	25	0.2243
reranked_top500_topicality0.6_correctness0.4.txt	3aspects	cam_map_three	26	0.1692
reranked_top500_topicality0.6_correctness0.4.txt	3aspects	cam_map_three	27	0.1390
reranked_top500_topicality0.6_correctness0.4.txt	3aspects	cam_map_three	28	0.0000
reranked_top500_topicality0.6_correctness0.4.txt	3aspects	cam_map_three	29	0.2324
reranked_top500_topicality0.6_correctness0.4.txt	3aspects	cam_map_three	3	0.3346
reranked_top500_topicality0.6_correctness0.4.txt	3aspects	cam_map_three	30	0.5107
reranked_top500_topicality0.6_correctness0.4.txt	3aspects	cam_map_three	31	0.1287
reranked_top500_topicality0.6_correctness0.4.txt	3aspects	cam_map_three	32	0.2070
reranked_top500_topicality0.6_correctness0.4.txt	3aspects	cam_map_three	34	0.2788
reranked_top500_topicality0.6_correctness0.4.txt	3aspects	cam_map_three	36	0.2207
reranked_top500_topicality0.6_correctness0.4.txt	3aspects	cam_map_three	37	0.0505
reranked_top500_topicality0.6_correctness0.4.txt	3aspects	cam_map_three	38	0.1536
reranked_top500_topicality0.6_correctness0.4.txt	3aspects	cam_map_three	39	0.2001
reranked_top500_topicality0.6_correctness0.4.txt	3aspects	cam_map_three	4	0.3882
reranked_top500_topicality0.6_correctness0.4.txt	3aspects	cam_map_three	40	0.2636
reranked_top500_topicality0.6_correctness0.4.txt	3aspects	cam_map_three	41	0.5920
reranked_top500_topicality0.6_correctness0.4.txt	3aspects	cam_map_three	42	0.3066
reranked_top500_topicality0.6_correctness0.4.txt	3aspects	cam_map_three	43	0.0465
reranked_top500_topicality0.6_correctness0.4.txt	3aspects	cam_map_three	44	0.1644
reranked_top500_topicality0.6_correctness0.4.txt	3aspects	cam_map_three	45	0.0930
reranked_top500_topicality0.6_correctness0.4.txt	3aspects	cam_map_three	47	0.5662
reranked_top500_topicality0.6_correctness0.4.txt	3aspects	cam_map_three	49	0.5273
reranked_top500_topicality0.6_correctness0.4.txt	3aspects	cam_map_three	5	0.5554
reranked_top500_topicality0.6_correctness0.4.txt	3aspects	cam_map_three	50	0.5194
reranked_top500_topicality0.6_correctness0.4.txt	3aspects	cam_map_three	6	0.3536
reranked_top500_topicality0.6_correctness0.4.txt	3aspects	cam_map_three	7	0.0929
reranked_top500_topicality0.6_correctness0.4.txt	3aspects	cam_map_three	8	0.5036
reranked_top500_topicality0.6_correctness0.4.txt	3aspects	cam_map_three	9	0.1429
reranked_top500_topicality0.6_correctness0.4.txt	3aspects	cam_map_three	all	0.2610
reranked_top500_topicality0.6_correctness0.4.txt	binary.useful	ndcg	1	0.6046
reranked_top500_topicality0.6_correctness0.4.txt	binary.useful	ndcg	10	0.6247
reranked_top500_topicality0.6_correctness0.4.txt	binary.useful	ndcg	11	0.7736
reranked_top500_topicality0.6_correctness0.4.txt	binary.useful	ndcg	12	0.3114
reranked_top500_topicality0.6_correctness0.4.txt	binary.useful	ndcg	13	0.5704
reranked_top500_topicality0.6_correctness0.4.txt	binary.useful	ndcg	14	0.8950
reranked_top500_topicality0.6_correctness0.4.txt	binary.useful	ndcg	15	0.4360
reranked_top500_topicality0.6_correctness0.4.txt	binary.useful	ndcg	16	0.6688
reranked_top500_topicality0.6_correctness0.4.txt	binary.useful	ndcg	17	0.6194
reranked_top500_topicality0.6_correctness0.4.txt	binary.useful	ndcg	18	0.7518
reranked_top500_topicality0.6_correctness0.4.txt	binary.useful	ndcg	19	0.7344
reranked_top500_topicality0.6_correctness0.4.txt	binary.useful	ndcg	2	0.6687
reranked_top500_topicality0.6_correctness0.4.txt	binary.useful	ndcg	20	0.5623
reranked_top500_topicality0.6_correctness0.4.txt	binary.useful	ndcg	21	0.6124
reranked_top500_topicality0.6_correctness0.4.txt	binary.useful	ndcg	22	0.5177
reranked_top500_topicality0.6_correctness0.4.txt	binary.useful	ndcg	23	0.7512
reranked_top500_topicality0.6_correctness0.4.txt	binary.useful	ndcg	24	0.1840
reranked_top500_topicality0.6_correctness0.4.txt	binary.useful	ndcg	25	0.6038
reranked_top500_topicality0.6_correctness0.4.txt	binary.useful	ndcg	26	0.4940
reranked_top500_topicality0.6_correctness0.4.txt	binary.useful	ndcg	27	0.5656
reranked_top500_topicality0.6_correctness0.4.txt	binary.useful	ndcg	28	0.1830
reranked_top500_topicality0.6_correctness0.4.txt	binary.useful	ndcg	29	0.6207
reranked_top500_topicality0.6_correctness0.4.txt	binary.useful	ndcg	3	0.8342
reranked_top500_topicality0.6_correctness0.4.txt	binary.useful	ndcg	30	0.9244
reranked_top500_topicality0.6_correctness0.4.txt	binary.useful	ndcg	31	0.6249
reranked_top500_topicality0.6_correctness0.4.txt	binary.useful	ndcg	32	0.7392
reranked_top500_topicality0.6_correctness0.4.txt	binary.useful	ndcg	34	0.6038
reranked_top500_topicality0.6_correctness0.4.txt	binary.useful	ndcg	36	0.5817
reranked_top500_topicality0.6_correctness0.4.txt	binary.useful	ndcg	37	0.3103
reranked_top500_topicality0.6_correctness0.4.txt	binary.useful	ndcg	38	0.6037
reranked_top500_topicality0.6_correctness0.4.txt	binary.useful	ndcg	39	0.6223
reranked_top500_topicality0.6_correctness0.4.txt	binary.useful	ndcg	4	0.8477
reranked_top500_topicality0.6_correctness0.4.txt	binary.useful	ndcg	40	0.7100
reranked_top500_topicality0.6_correctness0.4.txt	binary.useful	ndcg	41	0.8493
reranked_top500_topicality0.6_correctness0.4.txt	binary.useful	ndcg	42	0.7628
reranked_top500_topicality0.6_correctness0.4.txt	binary.useful	ndcg	43	0.0946
reranked_top500_topicality0.6_correctness0.4.txt	binary.useful	ndcg	44	0.6303
reranked_top500_topicality0.6_correctness0.4.txt	binary.useful	ndcg	45	0.5150
reranked_top500_topicality0.6_correctness0.4.txt	binary.useful	ndcg	47	0.8396
reranked_top500_topicality0.6_correctness0.4.txt	binary.useful	ndcg	49	0.8968
reranked_top500_topicality0.6_correctness0.4.txt	binary.useful	ndcg	5	0.8978
reranked_top500_topicality0.6_correctness0.4.txt	binary.useful	ndcg	50	0.7497
reranked_top500_topicality0.6_correctness0.4.txt	binary.useful	ndcg	6	0.7718
reranked_top500_topicality0.6_correctness0.4.txt	binary.useful	ndcg	7	0.3472
reranked_top500_topicality0.6_correctness0.4.txt	binary.useful	ndcg	8	0.8142
reranked_top500_topicality0.6_correctness0.4.txt	binary.useful	ndcg	9	0.6428
reranked_top500_topicality0.6_correctness0.4.txt	binary.useful	ndcg	all	0.6297
reranked_top500_topicality0.6_correctness0.4.txt	binary.useful-correct	ndcg	1	0.6473
reranked_top500_topicality0.6_correctness0.4.txt	binary.useful-correct	ndcg	10	0.6239
reranked_top500_topicality0.6_correctness0.4.txt	binary.useful-correct	ndcg	12	0.2194
reranked_top500_topicality0.6_correctness0.4.txt	binary.useful-correct	ndcg	13	0.4655
reranked_top500_topicality0.6_correctness0.4.txt	binary.useful-correct	ndcg	14	0.8572
reranked_top500_topicality0.6_correctness0.4.txt	binary.useful-correct	ndcg	15	0.4457
reranked_top500_topicality0.6_correctness0.4.txt	binary.useful-correct	ndcg	16	0.7010
reranked_top500_topicality0.6_correctness0.4.txt	binary.useful-correct	ndcg	18	0.4966
reranked_top500_topicality0.6_correctness0.4.txt	binary.useful-correct	ndcg	19	0.3518
reranked_top500_topicality0.6_correctness0.4.txt	binary.useful-correct	ndcg	2	0.7389
reranked_top500_topicality0.6_correctness0.4.txt	binary.useful-correct	ndcg	20	0.5135
reranked_top500_topicality0.6_correctness0.4.txt	binary.useful-correct	ndcg	21	0.2500
reranked_top500_topicality0.6_correctness0.4.txt	binary.useful-correct	ndcg	22	0.4652
reranked_top500_topicality0.6_correctness0.4.txt	binary.useful-correct	ndcg	23	0.8158
reranked_top500_topicality0.6_correctness0.4.txt	binary.useful-correct	ndcg	24	0.1840
reranked_top500_topicality0.6_correctness0.4.txt	binary.useful-correct	ndcg	25	0.5506
reranked_top500_topicality0.6_correctness0.4.txt	binary.useful-correct	ndcg	27	0.4769
reranked_top500_topicality0.6_correctness0.4.txt	binary.useful-correct	ndcg	28	0.1447
reranked_top500_topicality0.6_correctness0.4.txt	binary.useful-correct	ndcg	29	0.5590
reranked_top500_topicality0.6_correctness0.4.txt	binary.useful-correct	ndcg	30	0.7686
reranked_top500_topicality0.6_correctness0.4.txt	binary.useful-correct	ndcg	31	0.2008
reranked_top500_topicality0.6_correctness0.4.txt	binary.useful-correct	ndcg	34	0.6073
reranked_top500_topicality0.6_correctness0.4.txt	binary.useful-correct	ndcg	36	0.4937
reranked_top500_topicality0.6_correctness0.4.txt	binary.useful-correct	ndcg	37	0.2221
reranked_top500_topicality0.6_correctness0.4.txt	binary.useful-correct	ndcg	39	0.1492
reranked_top500_topicality0.6_correctness0.4.txt	binary.useful-correct	ndcg	4	0.4001
reranked_top500_topicality0.6_correctness0.4.txt	binary.useful-correct	ndcg	40	0.3465
reranked_top500_topicality0.6_correctness0.4.txt	binary.useful-correct	ndcg	41	0.8580
reranked_top500_topicality0.6_correctness0.4.txt	binary.useful-correct	ndcg	43	0.2789
reranked_top500_topicality0.6_correctness0.4.txt	binary.useful-correct	ndcg	47	0.8577
reranked_top500_topicality0.6_correctness0.4.txt	binary.useful-correct	ndcg	49	0.6874
reranked_top500_topicality0.6_correctness0.4.txt	binary.useful-correct	ndcg	5	0.8000
reranked_top500_topicality0.6_correctness0.4.txt	binary.useful-correct	ndcg	50	0.7941
reranked_top500_topicality0.6_correctness0.4.txt	binary.useful-correct	ndcg	6	0.7387
reranked_top500_topicality0.6_correctness0.4.txt	binary.useful-correct	ndcg	7	0.3125
reranked_top500_topicality0.6_correctness0.4.txt	binary.useful-correct	ndcg	8	0.8003
reranked_top500_topicality0.6_correctness0.4.txt	binary.useful-correct	ndcg	9	0.1448
reranked_top500_topicality0.6_correctness0.4.txt	binary.useful-correct	ndcg	all	0.5126
reranked_top500_topicality0.6_correctness0.4.txt	binary.useful-credible	ndcg	1	0.6133
reranked_top500_topicality0.6_correctness0.4.txt	binary.useful-credible	ndcg	10	0.6328
reranked_top500_topicality0.6_correctness0.4.txt	binary.useful-credible	ndcg	11	0.7719
reranked_top500_topicality0.6_correctness0.4.txt	binary.useful-credible	ndcg	12	0.3114
reranked_top500_topicality0.6_correctness0.4.txt	binary.useful-credible	ndcg	13	0.5595
reranked_top500_topicality0.6_correctness0.4.txt	binary.useful-credible	ndcg	14	0.6634
reranked_top500_topicality0.6_correctness0.4.txt	binary.useful-credible	ndcg	15	0.4364
reranked_top500_topicality0.6_correctness0.4.txt	binary.useful-credible	ndcg	16	0.6618
reranked_top500_topicality0.6_correctness0.4.txt	binary.useful-credible	ndcg	17	0.6210
reranked_top500_topicality0.6_correctness0.4.txt	binary.useful-credible	ndcg	18	0.7427
reranked_top500_topicality0.6_correctness0.4.txt	binary.useful-credible	ndcg	19	0.2417
reranked_top500_topicality0.6_correctness0.4.txt	binary.useful-credible	ndcg	2	0.6875
reranked_top500_topicality0.6_correctness0.4.txt	binary.useful-credible	ndcg	20	0.6214
reranked_top500_topicality0.6_correctness0.4.txt	binary.useful-credible	ndcg	21	0.4189
reranked_top500_topicality0.6_correctness0.4.txt	binary.useful-credible	ndcg	22	0.5199
reranked_top500_topicality0.6_correctness0.4.txt	binary.useful-credible	ndcg	23	0.8158
reranked_top500_topicality0.6_correctness0.4.txt	binary.useful-credible	ndcg	24	0.1000
reranked_top500_topicality0.6_correctness0.4.txt	binary.useful-credible	ndcg	25	0.5870
reranked_top500_topicality0.6_correctness0.4.txt	binary.useful-credible	ndcg	26	0.4889
reranked_top500_topicality0.6_correctness0.4.txt	binary.useful-credible	ndcg	27	0.3010
reranked_top500_topicality0.6_correctness0.4.txt	binary.useful-credible	ndcg	29	0.6171
reranked_top500_topicality0.6_correctness0.4.txt	binary.useful-credible	ndcg	3	0.8224
reranked_top500_topicality0.6_correctness0.4.txt	binary.useful-credible	ndcg	30	0.8074
reranked_top500_topicality0.6_correctness0.4.txt	binary.useful-credible	ndcg	31	0.6284
reranked_top500_topicality0.6_correctness0.4.txt	binary.useful-credible	ndcg	32	0.7387
reranked_top500_topicality0.6_correctness0.4.txt	binary.useful-credible	ndcg	34	0.5845
reranked_top500_topicality0.6_correctness0.4.txt	binary.useful-credible	ndcg	36	0.5852
reranked_top500_topicality0.6_correctness0.4.txt	binary.useful-credible	ndcg	37	0.3100
reranked_top500_topicality0.6_correctness0.4.txt	binary.useful-credible	ndcg	38	0.5495
reranked_top500_topicality0.6_correctness0.4.txt	binary.useful-credible	ndcg	39	0.6221
reranked_top500_topicality0.6_correctness0.4.txt	binary.useful-credible	ndcg	4	0.8525
reranked_top500_topicality0.6_correctness0.4.txt	binary.useful-credible	ndcg	40	0.7451
reranked_top500_topicality0.6_correctness0.4.txt	binary.useful-credible	ndcg	41	0.8572
reranked_top500_topicality0.6_correctness0.4.txt	binary.useful-credible	ndcg	42	0.7609
reranked_top500_topicality0.6_correctness0.4.txt	binary.useful-credible	ndcg	43	0.1309
reranked_top500_topicality0.6_correctness0.4.txt	binary.useful-credible	ndcg	44	0.3010
reranked_top500_topicality0.6_correctness0.4.txt	binary.useful-credible	ndcg	45	0.5150
reranked_top500_topicality0.6_correctness0.4.txt	binary.useful-credible	ndcg	47	0.8433
reranked_top500_topicality0.6_correctness0.4.txt	binary.useful-credible	ndcg	49	0.9090
reranked_top500_topicality0.6_correctness0.4.txt	binary.useful-credible	ndcg	5	0.8969
reranked_top500_topicality0.6_correctness0.4.txt	binary.useful-credible	ndcg	50	0.8191
reranked_top500_topicality0.6_correctness0.4.txt	binary.useful-credible	ndcg	6	0.7507
reranked_top500_topicality0.6_correctness0.4.txt	binary.useful-credible	ndcg	7	0.3614
reranked_top500_topicality0.6_correctness0.4.txt	binary.useful-credible	ndcg	8	0.8225
reranked_top500_topicality0.6_correctness0.4.txt	binary.useful-credible	ndcg	9	0.4842
reranked_top500_topicality0.6_correctness0.4.txt	binary.useful-credible	ndcg	all	0.6025
reranked_top500_topicality0.6_correctness0.4.txt	binary.useful-correct-credible	ndcg	1	0.6387
reranked_top500_topicality0.6_correctness0.4.txt	binary.useful-correct-credible	ndcg	10	0.6272
reranked_top500_topicality0.6_correctness0.4.txt	binary.useful-correct-credible	ndcg	12	0.2194
reranked_top500_topicality0.6_correctness0.4.txt	binary.useful-correct-credible	ndcg	13	0.4793
reranked_top500_topicality0.6_correctness0.4.txt	binary.useful-correct-credible	ndcg	14	0.6308
reranked_top500_topicality0.6_correctness0.4.txt	binary.useful-correct-credible	ndcg	15	0.4356
reranked_top500_topicality0.6_correctness0.4.txt	binary.useful-correct-credible	ndcg	16	0.6840
reranked_top500_topicality0.6_correctness0.4.txt	binary.useful-correct-credible	ndcg	18	0.4907
reranked_top500_topicality0.6_correctness0.4.txt	binary.useful-correct-credible	ndcg	19	0.1813
reranked_top500_topicality0.6_correctness0.4.txt	binary.useful-correct-credible	ndcg	2	0.7537
reranked_top500_topicality0.6_correctness0.4.txt	binary.useful-correct-credible	ndcg	20	0.5159
reranked_top500_topicality0.6_correctness0.4.txt	binary.useful-correct-credible	ndcg	21	0.2500
reranked_top500_topicality0.6_correctness0.4.txt	binary.useful-correct-credible	ndcg	22	0.4643
reranked_top500_topicality0.6_correctness0.4.txt	binary.useful-correct-credible	ndcg	23	0.8158
reranked_top500_topicality0.6_correctness0.4.txt	binary.useful-correct-credible	ndcg	24	0.1000
reranked_top500_topicality0.6_correctness0.4.txt	binary.useful-correct-credible	ndcg	25	0.5541
reranked_top500_topicality0.6_correctness0.4.txt	binary.useful-correct-credible	ndcg	27	0.3010
reranked_top500_topicality0.6_correctness0.4.txt	binary.useful-correct-credible	ndcg	29	0.5544
reranked_top500_topicality0.6_correctness0.4.txt	binary.useful-correct-credible	ndcg	30	0.6495
reranked_top500_topicality0.6_correctness0.4.txt	binary.useful-correct-credible	ndcg	31	0.2008
reranked_top500_topicality0.6_correctness0.4.txt	binary.useful-correct-credible	ndcg	34	0.5928
reranked_top500_topicality0.6_correctness0.4.txt	binary.useful-correct-credible	ndcg	36	0.4837
reranked_top500_topicality0.6_correctness0.4.txt	binary.useful-correct-credible	ndcg	37	0.2186
reranked_top500_topicality0.6_correctness0.4.txt	binary.useful-correct-credible	ndcg	39	0.1492
reranked_top500_topicality0.6_correctness0.4.txt	binary.useful-correct-credible	ndcg	4	0.4001
reranked_top500_topicality0.6_correctness0.4.txt	binary.useful-correct-credible	ndcg	40	0.4902
reranked_top500_topicality0.6_correctness0.4.txt	binary.useful-correct-credible	ndcg	41	0.8576
reranked_top500_topicality0.6_correctness0.4.txt	binary.useful-correct-credible	ndcg	43	0.2789
reranked_top500_topicality0.6_correctness0.4.txt	binary.useful-correct-credible	ndcg	47	0.8568
reranked_top500_topicality0.6_correctness0.4.txt	binary.useful-correct-credible	ndcg	49	0.6946
reranked_top500_topicality0.6_correctness0.4.txt	binary.useful-correct-credible	ndcg	5	0.7936
reranked_top500_topicality0.6_correctness0.4.txt	binary.useful-correct-credible	ndcg	50	0.8183
reranked_top500_topicality0.6_correctness0.4.txt	binary.useful-correct-credible	ndcg	6	0.7387
reranked_top500_topicality0.6_correctness0.4.txt	binary.useful-correct-credible	ndcg	7	0.3087
reranked_top500_topicality0.6_correctness0.4.txt	binary.useful-correct-credible	ndcg	8	0.8001
reranked_top500_topicality0.6_correctness0.4.txt	binary.useful-correct-credible	ndcg	9	0.0678
reranked_top500_topicality0.6_correctness0.4.txt	binary.useful-correct-credible	ndcg	all	0.5027
reranked_top500_topicality0.6_correctness0.4.txt	graded.harmful-only	compatibility	1	0.0349
reranked_top500_topicality0.6_correctness0.4.txt	graded.harmful-only	compatibility	2	0.0383
reranked_top500_topicality0.6_correctness0.4.txt	graded.harmful-only	compatibility	4	0.0000
reranked_top500_topicality0.6_correctness0.4.txt	graded.harmful-only	compatibility	6	0.0511
reranked_top500_topicality0.6_correctness0.4.txt	graded.harmful-only	compatibility	7	0.0039
reranked_top500_topicality0.6_correctness0.4.txt	graded.harmful-only	compatibility	8	0.0519
reranked_top500_topicality0.6_correctness0.4.txt	graded.harmful-only	compatibility	9	0.1214
reranked_top500_topicality0.6_correctness0.4.txt	graded.harmful-only	compatibility	10	0.0000
reranked_top500_topicality0.6_correctness0.4.txt	graded.harmful-only	compatibility	13	0.1219
reranked_top500_topicality0.6_correctness0.4.txt	graded.harmful-only	compatibility	14	0.1354
reranked_top500_topicality0.6_correctness0.4.txt	graded.harmful-only	compatibility	15	0.0000
reranked_top500_topicality0.6_correctness0.4.txt	graded.harmful-only	compatibility	16	0.0000
reranked_top500_topicality0.6_correctness0.4.txt	graded.harmful-only	compatibility	17	0.1297
reranked_top500_topicality0.6_correctness0.4.txt	graded.harmful-only	compatibility	18	0.0000
reranked_top500_topicality0.6_correctness0.4.txt	graded.harmful-only	compatibility	19	0.6465
reranked_top500_topicality0.6_correctness0.4.txt	graded.harmful-only	compatibility	20	0.1666
reranked_top500_topicality0.6_correctness0.4.txt	graded.harmful-only	compatibility	22	0.2046
reranked_top500_topicality0.6_correctness0.4.txt	graded.harmful-only	compatibility	25	0.1193
reranked_top500_topicality0.6_correctness0.4.txt	graded.harmful-only	compatibility	27	0.2671
reranked_top500_topicality0.6_correctness0.4.txt	graded.harmful-only	compatibility	28	0.0819
reranked_top500_topicality0.6_correctness0.4.txt	graded.harmful-only	compatibility	30	0.0000
reranked_top500_topicality0.6_correctness0.4.txt	graded.harmful-only	compatibility	31	0.0078
reranked_top500_topicality0.6_correctness0.4.txt	graded.harmful-only	compatibility	38	0.1047
reranked_top500_topicality0.6_correctness0.4.txt	graded.harmful-only	compatibility	39	0.6711
reranked_top500_topicality0.6_correctness0.4.txt	graded.harmful-only	compatibility	40	0.0161
reranked_top500_topicality0.6_correctness0.4.txt	graded.harmful-only	compatibility	41	0.0000
reranked_top500_topicality0.6_correctness0.4.txt	graded.harmful-only	compatibility	43	0.0000
reranked_top500_topicality0.6_correctness0.4.txt	graded.harmful-only	compatibility	44	0.5283
reranked_top500_topicality0.6_correctness0.4.txt	graded.harmful-only	compatibility	45	0.1258
reranked_top500_topicality0.6_correctness0.4.txt	graded.harmful-only	compatibility	47	0.0459
reranked_top500_topicality0.6_correctness0.4.txt	graded.harmful-only	compatibility	49	0.0654
reranked_top500_topicality0.6_correctness0.4.txt	graded.harmful-only	compatibility	50	0.0033
reranked_top500_topicality0.6_correctness0.4.txt	graded.harmful-only	compatibility	all	0.1170
reranked_top500_topicality0.6_correctness0.4.txt	graded.helpful-only	compatibility	1	0.5871
reranked_top500_topicality0.6_correctness0.4.txt	graded.helpful-only	compatibility	2	0.8991
reranked_top500_topicality0.6_correctness0.4.txt	graded.helpful-only	compatibility	3	0.7832
reranked_top500_topicality0.6_correctness0.4.txt	graded.helpful-only	compatibility	4	0.2601
reranked_top500_topicality0.6_correctness0.4.txt	graded.helpful-only	compatibility	5	0.5748
reranked_top500_topicality0.6_correctness0.4.txt	graded.helpful-only	compatibility	6	0.7198
reranked_top500_topicality0.6_correctness0.4.txt	graded.helpful-only	compatibility	7	0.2846
reranked_top500_topicality0.6_correctness0.4.txt	graded.helpful-only	compatibility	8	0.3724
reranked_top500_topicality0.6_correctness0.4.txt	graded.helpful-only	compatibility	9	0.1252
reranked_top500_topicality0.6_correctness0.4.txt	graded.helpful-only	compatibility	10	0.2591
reranked_top500_topicality0.6_correctness0.4.txt	graded.helpful-only	compatibility	11	0.7764
reranked_top500_topicality0.6_correctness0.4.txt	graded.helpful-only	compatibility	12	0.1485
reranked_top500_topicality0.6_correctness0.4.txt	graded.helpful-only	compatibility	13	0.5320
reranked_top500_topicality0.6_correctness0.4.txt	graded.helpful-only	compatibility	14	0.2381
reranked_top500_topicality0.6_correctness0.4.txt	graded.helpful-only	compatibility	15	0.1969
reranked_top500_topicality0.6_correctness0.4.txt	graded.helpful-only	compatibility	16	0.5547
reranked_top500_topicality0.6_correctness0.4.txt	graded.helpful-only	compatibility	17	0.7998
reranked_top500_topicality0.6_correctness0.4.txt	graded.helpful-only	compatibility	18	0.3023
reranked_top500_topicality0.6_correctness0.4.txt	graded.helpful-only	compatibility	19	0.0914
reranked_top500_topicality0.6_correctness0.4.txt	graded.helpful-only	compatibility	20	0.2117
reranked_top500_topicality0.6_correctness0.4.txt	graded.helpful-only	compatibility	21	0.3519
reranked_top500_topicality0.6_correctness0.4.txt	graded.helpful-only	compatibility	22	0.2503
reranked_top500_topicality0.6_correctness0.4.txt	graded.helpful-only	compatibility	23	0.6738
reranked_top500_topicality0.6_correctness0.4.txt	graded.helpful-only	compatibility	24	0.0397
reranked_top500_topicality0.6_correctness0.4.txt	graded.helpful-only	compatibility	25	0.1783
reranked_top500_topicality0.6_correctness0.4.txt	graded.helpful-only	compatibility	26	0.9428
reranked_top500_topicality0.6_correctness0.4.txt	graded.helpful-only	compatibility	27	0.1991
reranked_top500_topicality0.6_correctness0.4.txt	graded.helpful-only	compatibility	28	0.0200
reranked_top500_topicality0.6_correctness0.4.txt	graded.helpful-only	compatibility	29	0.2493
reranked_top500_topicality0.6_correctness0.4.txt	graded.helpful-only	compatibility	30	0.4081
reranked_top500_topicality0.6_correctness0.4.txt	graded.helpful-only	compatibility	31	0.1325
reranked_top500_topicality0.6_correctness0.4.txt	graded.helpful-only	compatibility	32	0.5947
reranked_top500_topicality0.6_correctness0.4.txt	graded.helpful-only	compatibility	34	0.8071
reranked_top500_topicality0.6_correctness0.4.txt	graded.helpful-only	compatibility	36	0.2846
reranked_top500_topicality0.6_correctness0.4.txt	graded.helpful-only	compatibility	37	0.0175
reranked_top500_topicality0.6_correctness0.4.txt	graded.helpful-only	compatibility	38	0.3592
reranked_top500_topicality0.6_correctness0.4.txt	graded.helpful-only	compatibility	39	0.0047
reranked_top500_topicality0.6_correctness0.4.txt	graded.helpful-only	compatibility	40	0.4115
reranked_top500_topicality0.6_correctness0.4.txt	graded.helpful-only	compatibility	41	0.7061
reranked_top500_topicality0.6_correctness0.4.txt	graded.helpful-only	compatibility	42	0.9194
reranked_top500_topicality0.6_correctness0.4.txt	graded.helpful-only	compatibility	43	0.0648
reranked_top500_topicality0.6_correctness0.4.txt	graded.helpful-only	compatibility	44	0.1362
reranked_top500_topicality0.6_correctness0.4.txt	graded.helpful-only	compatibility	45	0.0142
reranked_top500_topicality0.6_correctness0.4.txt	graded.helpful-only	compatibility	47	0.9267
reranked_top500_topicality0.6_correctness0.4.txt	graded.helpful-only	compatibility	49	0.4575
reranked_top500_topicality0.6_correctness0.4.txt	graded.helpful-only	compatibility	50	0.8260
reranked_top500_topicality0.6_correctness0.4.txt	graded.helpful-only	compatibility	all	0.4064
