run	qrels	measure	topic	score
run.misinfo-2020-description.bm25_en.txt	2aspects.correct-credible	cam_map	1	0.2755
run.misinfo-2020-description.bm25_en.txt	2aspects.correct-credible	cam_map	10	0.0920
run.misinfo-2020-description.bm25_en.txt	2aspects.correct-credible	cam_map	12	0.0223
run.misinfo-2020-description.bm25_en.txt	2aspects.correct-credible	cam_map	13	0.1572
run.misinfo-2020-description.bm25_en.txt	2aspects.correct-credible	cam_map	14	0.3211
run.misinfo-2020-description.bm25_en.txt	2aspects.correct-credible	cam_map	15	0.1075
run.misinfo-2020-description.bm25_en.txt	2aspects.correct-credible	cam_map	16	0.2479
run.misinfo-2020-description.bm25_en.txt	2aspects.correct-credible	cam_map	18	0.0745
run.misinfo-2020-description.bm25_en.txt	2aspects.correct-credible	cam_map	19	0.0483
run.misinfo-2020-description.bm25_en.txt	2aspects.correct-credible	cam_map	2	0.4197
run.misinfo-2020-description.bm25_en.txt	2aspects.correct-credible	cam_map	20	0.1211
run.misinfo-2020-description.bm25_en.txt	2aspects.correct-credible	cam_map	21	0.0132
run.misinfo-2020-description.bm25_en.txt	2aspects.correct-credible	cam_map	22	0.0422
run.misinfo-2020-description.bm25_en.txt	2aspects.correct-credible	cam_map	23	0.3446
run.misinfo-2020-description.bm25_en.txt	2aspects.correct-credible	cam_map	24	0.0202
run.misinfo-2020-description.bm25_en.txt	2aspects.correct-credible	cam_map	25	0.1214
run.misinfo-2020-description.bm25_en.txt	2aspects.correct-credible	cam_map	27	0.0330
run.misinfo-2020-description.bm25_en.txt	2aspects.correct-credible	cam_map	28	0.0000
run.misinfo-2020-description.bm25_en.txt	2aspects.correct-credible	cam_map	29	0.2077
run.misinfo-2020-description.bm25_en.txt	2aspects.correct-credible	cam_map	30	0.3164
run.misinfo-2020-description.bm25_en.txt	2aspects.correct-credible	cam_map	31	0.0359
run.misinfo-2020-description.bm25_en.txt	2aspects.correct-credible	cam_map	34	0.2778
run.misinfo-2020-description.bm25_en.txt	2aspects.correct-credible	cam_map	36	0.1092
run.misinfo-2020-description.bm25_en.txt	2aspects.correct-credible	cam_map	37	0.0283
run.misinfo-2020-description.bm25_en.txt	2aspects.correct-credible	cam_map	39	0.0045
run.misinfo-2020-description.bm25_en.txt	2aspects.correct-credible	cam_map	4	0.0709
run.misinfo-2020-description.bm25_en.txt	2aspects.correct-credible	cam_map	40	0.1753
run.misinfo-2020-description.bm25_en.txt	2aspects.correct-credible	cam_map	41	0.5480
run.misinfo-2020-description.bm25_en.txt	2aspects.correct-credible	cam_map	43	0.0175
run.misinfo-2020-description.bm25_en.txt	2aspects.correct-credible	cam_map	47	0.5908
run.misinfo-2020-description.bm25_en.txt	2aspects.correct-credible	cam_map	49	0.2050
run.misinfo-2020-description.bm25_en.txt	2aspects.correct-credible	cam_map	5	0.4729
run.misinfo-2020-description.bm25_en.txt	2aspects.correct-credible	cam_map	50	0.5101
run.misinfo-2020-description.bm25_en.txt	2aspects.correct-credible	cam_map	6	0.2583
run.misinfo-2020-description.bm25_en.txt	2aspects.correct-credible	cam_map	7	0.0631
run.misinfo-2020-description.bm25_en.txt	2aspects.correct-credible	cam_map	8	0.4868
run.misinfo-2020-description.bm25_en.txt	2aspects.correct-credible	cam_map	9	0.0036
run.misinfo-2020-description.bm25_en.txt	2aspects.correct-credible	cam_map	all	0.1850
run.misinfo-2020-description.bm25_en.txt	2aspects.useful-credible	cam_map	1	0.3057
run.misinfo-2020-description.bm25_en.txt	2aspects.useful-credible	cam_map	10	0.0954
run.misinfo-2020-description.bm25_en.txt	2aspects.useful-credible	cam_map	11	0.4411
run.misinfo-2020-description.bm25_en.txt	2aspects.useful-credible	cam_map	12	0.0954
run.misinfo-2020-description.bm25_en.txt	2aspects.useful-credible	cam_map	13	0.2987
run.misinfo-2020-description.bm25_en.txt	2aspects.useful-credible	cam_map	14	0.4217
run.misinfo-2020-description.bm25_en.txt	2aspects.useful-credible	cam_map	15	0.1073
run.misinfo-2020-description.bm25_en.txt	2aspects.useful-credible	cam_map	16	0.2420
run.misinfo-2020-description.bm25_en.txt	2aspects.useful-credible	cam_map	17	0.3449
run.misinfo-2020-description.bm25_en.txt	2aspects.useful-credible	cam_map	18	0.3756
run.misinfo-2020-description.bm25_en.txt	2aspects.useful-credible	cam_map	19	0.2693
run.misinfo-2020-description.bm25_en.txt	2aspects.useful-credible	cam_map	2	0.4312
run.misinfo-2020-description.bm25_en.txt	2aspects.useful-credible	cam_map	20	0.2245
run.misinfo-2020-description.bm25_en.txt	2aspects.useful-credible	cam_map	21	0.2076
run.misinfo-2020-description.bm25_en.txt	2aspects.useful-credible	cam_map	22	0.0560
run.misinfo-2020-description.bm25_en.txt	2aspects.useful-credible	cam_map	23	0.3197
run.misinfo-2020-description.bm25_en.txt	2aspects.useful-credible	cam_map	24	0.0202
run.misinfo-2020-description.bm25_en.txt	2aspects.useful-credible	cam_map	25	0.2431
run.misinfo-2020-description.bm25_en.txt	2aspects.useful-credible	cam_map	26	0.2614
run.misinfo-2020-description.bm25_en.txt	2aspects.useful-credible	cam_map	27	0.0685
run.misinfo-2020-description.bm25_en.txt	2aspects.useful-credible	cam_map	28	0.0000
run.misinfo-2020-description.bm25_en.txt	2aspects.useful-credible	cam_map	29	0.2573
run.misinfo-2020-description.bm25_en.txt	2aspects.useful-credible	cam_map	3	0.4069
run.misinfo-2020-description.bm25_en.txt	2aspects.useful-credible	cam_map	30	0.5657
run.misinfo-2020-description.bm25_en.txt	2aspects.useful-credible	cam_map	31	0.2240
run.misinfo-2020-description.bm25_en.txt	2aspects.useful-credible	cam_map	32	0.3359
run.misinfo-2020-description.bm25_en.txt	2aspects.useful-credible	cam_map	34	0.2913
run.misinfo-2020-description.bm25_en.txt	2aspects.useful-credible	cam_map	36	0.2176
run.misinfo-2020-description.bm25_en.txt	2aspects.useful-credible	cam_map	37	0.0698
run.misinfo-2020-description.bm25_en.txt	2aspects.useful-credible	cam_map	38	0.1873
run.misinfo-2020-description.bm25_en.txt	2aspects.useful-credible	cam_map	39	0.3241
run.misinfo-2020-description.bm25_en.txt	2aspects.useful-credible	cam_map	4	0.5496
run.misinfo-2020-description.bm25_en.txt	2aspects.useful-credible	cam_map	40	0.3841
run.misinfo-2020-description.bm25_en.txt	2aspects.useful-credible	cam_map	41	0.5436
run.misinfo-2020-description.bm25_en.txt	2aspects.useful-credible	cam_map	42	0.3096
run.misinfo-2020-description.bm25_en.txt	2aspects.useful-credible	cam_map	43	0.0047
run.misinfo-2020-description.bm25_en.txt	2aspects.useful-credible	cam_map	44	0.1273
run.misinfo-2020-description.bm25_en.txt	2aspects.useful-credible	cam_map	45	0.1807
run.misinfo-2020-description.bm25_en.txt	2aspects.useful-credible	cam_map	47	0.5675
run.misinfo-2020-description.bm25_en.txt	2aspects.useful-credible	cam_map	49	0.5148
run.misinfo-2020-description.bm25_en.txt	2aspects.useful-credible	cam_map	5	0.6410
run.misinfo-2020-description.bm25_en.txt	2aspects.useful-credible	cam_map	50	0.4931
run.misinfo-2020-description.bm25_en.txt	2aspects.useful-credible	cam_map	6	0.3273
run.misinfo-2020-description.bm25_en.txt	2aspects.useful-credible	cam_map	7	0.0809
run.misinfo-2020-description.bm25_en.txt	2aspects.useful-credible	cam_map	8	0.5378
run.misinfo-2020-description.bm25_en.txt	2aspects.useful-credible	cam_map	9	0.2232
run.misinfo-2020-description.bm25_en.txt	2aspects.useful-credible	cam_map	all	0.2868
run.misinfo-2020-description.bm25_en.txt	3aspects	cam_map_three	1	0.2971
run.misinfo-2020-description.bm25_en.txt	3aspects	cam_map_three	10	0.0942
run.misinfo-2020-description.bm25_en.txt	3aspects	cam_map_three	11	0.2940
run.misinfo-2020-description.bm25_en.txt	3aspects	cam_map_three	12	0.0710
run.misinfo-2020-description.bm25_en.txt	3aspects	cam_map_three	13	0.2511
run.misinfo-2020-description.bm25_en.txt	3aspects	cam_map_three	14	0.4438
run.misinfo-2020-description.bm25_en.txt	3aspects	cam_map_three	15	0.1082
run.misinfo-2020-description.bm25_en.txt	3aspects	cam_map_three	16	0.2465
run.misinfo-2020-description.bm25_en.txt	3aspects	cam_map_three	17	0.2299
run.misinfo-2020-description.bm25_en.txt	3aspects	cam_map_three	18	0.2756
run.misinfo-2020-description.bm25_en.txt	3aspects	cam_map_three	19	0.2029
run.misinfo-2020-description.bm25_en.txt	3aspects	cam_map_three	2	0.4250
run.misinfo-2020-description.bm25_en.txt	3aspects	cam_map_three	20	0.1899
run.misinfo-2020-description.bm25_en.txt	3aspects	cam_map_three	21	0.1428
run.misinfo-2020-description.bm25_en.txt	3aspects	cam_map_three	22	0.0513
run.misinfo-2020-description.bm25_en.txt	3aspects	cam_map_three	23	0.3280
run.misinfo-2020-description.bm25_en.txt	3aspects	cam_map_three	24	0.0253
run.misinfo-2020-description.bm25_en.txt	3aspects	cam_map_three	25	0.2029
run.misinfo-2020-description.bm25_en.txt	3aspects	cam_map_three	26	0.1742
run.misinfo-2020-description.bm25_en.txt	3aspects	cam_map_three	27	0.0595
run.misinfo-2020-description.bm25_en.txt	3aspects	cam_map_three	28	0.0000
run.misinfo-2020-description.bm25_en.txt	3aspects	cam_map_three	29	0.2413
run.misinfo-2020-description.bm25_en.txt	3aspects	cam_map_three	3	0.2712
run.misinfo-2020-description.bm25_en.txt	3aspects	cam_map_three	30	0.5039
run.misinfo-2020-description.bm25_en.txt	3aspects	cam_map_three	31	0.1613
run.misinfo-2020-description.bm25_en.txt	3aspects	cam_map_three	32	0.2239
run.misinfo-2020-description.bm25_en.txt	3aspects	cam_map_three	34	0.2910
run.misinfo-2020-description.bm25_en.txt	3aspects	cam_map_three	36	0.1819
run.misinfo-2020-description.bm25_en.txt	3aspects	cam_map_three	37	0.0562
run.misinfo-2020-description.bm25_en.txt	3aspects	cam_map_three	38	0.1248
run.misinfo-2020-description.bm25_en.txt	3aspects	cam_map_three	39	0.2176
run.misinfo-2020-description.bm25_en.txt	3aspects	cam_map_three	4	0.3900
run.misinfo-2020-description.bm25_en.txt	3aspects	cam_map_three	40	0.2864
run.misinfo-2020-description.bm25_en.txt	3aspects	cam_map_three	41	0.5461
run.misinfo-2020-description.bm25_en.txt	3aspects	cam_map_three	42	0.2064
run.misinfo-2020-description.bm25_en.txt	3aspects	cam_map_three	43	0.0090
run.misinfo-2020-description.bm25_en.txt	3aspects	cam_map_three	44	0.0848
run.misinfo-2020-description.bm25_en.txt	3aspects	cam_map_three	45	0.1204
run.misinfo-2020-description.bm25_en.txt	3aspects	cam_map_three	47	0.5768
run.misinfo-2020-description.bm25_en.txt	3aspects	cam_map_three	49	0.4075
run.misinfo-2020-description.bm25_en.txt	3aspects	cam_map_three	5	0.5861
run.misinfo-2020-description.bm25_en.txt	3aspects	cam_map_three	50	0.5019
run.misinfo-2020-description.bm25_en.txt	3aspects	cam_map_three	6	0.3043
run.misinfo-2020-description.bm25_en.txt	3aspects	cam_map_three	7	0.0755
run.misinfo-2020-description.bm25_en.txt	3aspects	cam_map_three	8	0.5201
run.misinfo-2020-description.bm25_en.txt	3aspects	cam_map_three	9	0.1509
run.misinfo-2020-description.bm25_en.txt	3aspects	cam_map_three	all	0.2424
run.misinfo-2020-description.bm25_en.txt	binary.useful	ndcg	1	0.6016
run.misinfo-2020-description.bm25_en.txt	binary.useful	ndcg	10	0.5398
run.misinfo-2020-description.bm25_en.txt	binary.useful	ndcg	11	0.7958
run.misinfo-2020-description.bm25_en.txt	binary.useful	ndcg	12	0.3417
run.misinfo-2020-description.bm25_en.txt	binary.useful	ndcg	13	0.5746
run.misinfo-2020-description.bm25_en.txt	binary.useful	ndcg	14	0.9059
run.misinfo-2020-description.bm25_en.txt	binary.useful	ndcg	15	0.4304
run.misinfo-2020-description.bm25_en.txt	binary.useful	ndcg	16	0.6233
run.misinfo-2020-description.bm25_en.txt	binary.useful	ndcg	17	0.6258
run.misinfo-2020-description.bm25_en.txt	binary.useful	ndcg	18	0.7443
run.misinfo-2020-description.bm25_en.txt	binary.useful	ndcg	19	0.7498
run.misinfo-2020-description.bm25_en.txt	binary.useful	ndcg	2	0.6655
run.misinfo-2020-description.bm25_en.txt	binary.useful	ndcg	20	0.5610
run.misinfo-2020-description.bm25_en.txt	binary.useful	ndcg	21	0.6004
run.misinfo-2020-description.bm25_en.txt	binary.useful	ndcg	22	0.4164
run.misinfo-2020-description.bm25_en.txt	binary.useful	ndcg	23	0.6567
run.misinfo-2020-description.bm25_en.txt	binary.useful	ndcg	24	0.2005
run.misinfo-2020-description.bm25_en.txt	binary.useful	ndcg	25	0.5947
run.misinfo-2020-description.bm25_en.txt	binary.useful	ndcg	26	0.4965
run.misinfo-2020-description.bm25_en.txt	binary.useful	ndcg	27	0.5139
run.misinfo-2020-description.bm25_en.txt	binary.useful	ndcg	28	0.1839
run.misinfo-2020-description.bm25_en.txt	binary.useful	ndcg	29	0.6194
run.misinfo-2020-description.bm25_en.txt	binary.useful	ndcg	3	0.7676
run.misinfo-2020-description.bm25_en.txt	binary.useful	ndcg	30	0.9264
run.misinfo-2020-description.bm25_en.txt	binary.useful	ndcg	31	0.6619
run.misinfo-2020-description.bm25_en.txt	binary.useful	ndcg	32	0.7545
run.misinfo-2020-description.bm25_en.txt	binary.useful	ndcg	34	0.6080
run.misinfo-2020-description.bm25_en.txt	binary.useful	ndcg	36	0.5516
run.misinfo-2020-description.bm25_en.txt	binary.useful	ndcg	37	0.3258
run.misinfo-2020-description.bm25_en.txt	binary.useful	ndcg	38	0.5719
run.misinfo-2020-description.bm25_en.txt	binary.useful	ndcg	39	0.6251
run.misinfo-2020-description.bm25_en.txt	binary.useful	ndcg	4	0.8507
run.misinfo-2020-description.bm25_en.txt	binary.useful	ndcg	40	0.7257
run.misinfo-2020-description.bm25_en.txt	binary.useful	ndcg	41	0.8272
run.misinfo-2020-description.bm25_en.txt	binary.useful	ndcg	42	0.6785
run.misinfo-2020-description.bm25_en.txt	binary.useful	ndcg	43	0.0579
run.misinfo-2020-description.bm25_en.txt	binary.useful	ndcg	44	0.5213
run.misinfo-2020-description.bm25_en.txt	binary.useful	ndcg	45	0.5478
run.misinfo-2020-description.bm25_en.txt	binary.useful	ndcg	47	0.8435
run.misinfo-2020-description.bm25_en.txt	binary.useful	ndcg	49	0.8719
run.misinfo-2020-description.bm25_en.txt	binary.useful	ndcg	5	0.9043
run.misinfo-2020-description.bm25_en.txt	binary.useful	ndcg	50	0.7243
run.misinfo-2020-description.bm25_en.txt	binary.useful	ndcg	6	0.7607
run.misinfo-2020-description.bm25_en.txt	binary.useful	ndcg	7	0.3183
run.misinfo-2020-description.bm25_en.txt	binary.useful	ndcg	8	0.8225
run.misinfo-2020-description.bm25_en.txt	binary.useful	ndcg	9	0.6505
run.misinfo-2020-description.bm25_en.txt	binary.useful	ndcg	all	0.6161
run.misinfo-2020-description.bm25_en.txt	binary.useful-correct	ndcg	1	0.6518
run.misinfo-2020-description.bm25_en.txt	binary.useful-correct	ndcg	10	0.5370
run.misinfo-2020-description.bm25_en.txt	binary.useful-correct	ndcg	12	0.1981
run.misinfo-2020-description.bm25_en.txt	binary.useful-correct	ndcg	13	0.4708
run.misinfo-2020-description.bm25_en.txt	binary.useful-correct	ndcg	14	0.8387
run.misinfo-2020-description.bm25_en.txt	binary.useful-correct	ndcg	15	0.4415
run.misinfo-2020-description.bm25_en.txt	binary.useful-correct	ndcg	16	0.6645
run.misinfo-2020-description.bm25_en.txt	binary.useful-correct	ndcg	18	0.4545
run.misinfo-2020-description.bm25_en.txt	binary.useful-correct	ndcg	19	0.3941
run.misinfo-2020-description.bm25_en.txt	binary.useful-correct	ndcg	2	0.7196
run.misinfo-2020-description.bm25_en.txt	binary.useful-correct	ndcg	20	0.5145
run.misinfo-2020-description.bm25_en.txt	binary.useful-correct	ndcg	21	0.1596
run.misinfo-2020-description.bm25_en.txt	binary.useful-correct	ndcg	22	0.3759
run.misinfo-2020-description.bm25_en.txt	binary.useful-correct	ndcg	23	0.7108
run.misinfo-2020-description.bm25_en.txt	binary.useful-correct	ndcg	24	0.2005
run.misinfo-2020-description.bm25_en.txt	binary.useful-correct	ndcg	25	0.5210
run.misinfo-2020-description.bm25_en.txt	binary.useful-correct	ndcg	27	0.3641
run.misinfo-2020-description.bm25_en.txt	binary.useful-correct	ndcg	28	0.1480
run.misinfo-2020-description.bm25_en.txt	binary.useful-correct	ndcg	29	0.5629
run.misinfo-2020-description.bm25_en.txt	binary.useful-correct	ndcg	30	0.7827
run.misinfo-2020-description.bm25_en.txt	binary.useful-correct	ndcg	31	0.2684
run.misinfo-2020-description.bm25_en.txt	binary.useful-correct	ndcg	34	0.6127
run.misinfo-2020-description.bm25_en.txt	binary.useful-correct	ndcg	36	0.4533
run.misinfo-2020-description.bm25_en.txt	binary.useful-correct	ndcg	37	0.2284
run.misinfo-2020-description.bm25_en.txt	binary.useful-correct	ndcg	39	0.1483
run.misinfo-2020-description.bm25_en.txt	binary.useful-correct	ndcg	4	0.3881
run.misinfo-2020-description.bm25_en.txt	binary.useful-correct	ndcg	40	0.3396
run.misinfo-2020-description.bm25_en.txt	binary.useful-correct	ndcg	41	0.8349
run.misinfo-2020-description.bm25_en.txt	binary.useful-correct	ndcg	43	0.1707
run.misinfo-2020-description.bm25_en.txt	binary.useful-correct	ndcg	47	0.8644
run.misinfo-2020-description.bm25_en.txt	binary.useful-correct	ndcg	49	0.5789
run.misinfo-2020-description.bm25_en.txt	binary.useful-correct	ndcg	5	0.8408
run.misinfo-2020-description.bm25_en.txt	binary.useful-correct	ndcg	50	0.7638
run.misinfo-2020-description.bm25_en.txt	binary.useful-correct	ndcg	6	0.6997
run.misinfo-2020-description.bm25_en.txt	binary.useful-correct	ndcg	7	0.2961
run.misinfo-2020-description.bm25_en.txt	binary.useful-correct	ndcg	8	0.7969
run.misinfo-2020-description.bm25_en.txt	binary.useful-correct	ndcg	9	0.1519
run.misinfo-2020-description.bm25_en.txt	binary.useful-correct	ndcg	all	0.4905
run.misinfo-2020-description.bm25_en.txt	binary.useful-credible	ndcg	1	0.6082
run.misinfo-2020-description.bm25_en.txt	binary.useful-credible	ndcg	10	0.5467
run.misinfo-2020-description.bm25_en.txt	binary.useful-credible	ndcg	11	0.7945
run.misinfo-2020-description.bm25_en.txt	binary.useful-credible	ndcg	12	0.3417
run.misinfo-2020-description.bm25_en.txt	binary.useful-credible	ndcg	13	0.5610
run.misinfo-2020-description.bm25_en.txt	binary.useful-credible	ndcg	14	0.6364
run.misinfo-2020-description.bm25_en.txt	binary.useful-credible	ndcg	15	0.4295
run.misinfo-2020-description.bm25_en.txt	binary.useful-credible	ndcg	16	0.6195
run.misinfo-2020-description.bm25_en.txt	binary.useful-credible	ndcg	17	0.6271
run.misinfo-2020-description.bm25_en.txt	binary.useful-credible	ndcg	18	0.7340
run.misinfo-2020-description.bm25_en.txt	binary.useful-credible	ndcg	19	0.2384
run.misinfo-2020-description.bm25_en.txt	binary.useful-credible	ndcg	2	0.6831
run.misinfo-2020-description.bm25_en.txt	binary.useful-credible	ndcg	20	0.6080
run.misinfo-2020-description.bm25_en.txt	binary.useful-credible	ndcg	21	0.5414
run.misinfo-2020-description.bm25_en.txt	binary.useful-credible	ndcg	22	0.4140
run.misinfo-2020-description.bm25_en.txt	binary.useful-credible	ndcg	23	0.7108
run.misinfo-2020-description.bm25_en.txt	binary.useful-credible	ndcg	24	0.0905
run.misinfo-2020-description.bm25_en.txt	binary.useful-credible	ndcg	25	0.5767
run.misinfo-2020-description.bm25_en.txt	binary.useful-credible	ndcg	26	0.4922
run.misinfo-2020-description.bm25_en.txt	binary.useful-credible	ndcg	27	0.1854
run.misinfo-2020-description.bm25_en.txt	binary.useful-credible	ndcg	29	0.6154
run.misinfo-2020-description.bm25_en.txt	binary.useful-credible	ndcg	3	0.7424
run.misinfo-2020-description.bm25_en.txt	binary.useful-credible	ndcg	30	0.7525
run.misinfo-2020-description.bm25_en.txt	binary.useful-credible	ndcg	31	0.6794
run.misinfo-2020-description.bm25_en.txt	binary.useful-credible	ndcg	32	0.7549
run.misinfo-2020-description.bm25_en.txt	binary.useful-credible	ndcg	34	0.5904
run.misinfo-2020-description.bm25_en.txt	binary.useful-credible	ndcg	36	0.5560
run.misinfo-2020-description.bm25_en.txt	binary.useful-credible	ndcg	37	0.3256
run.misinfo-2020-description.bm25_en.txt	binary.useful-credible	ndcg	38	0.5152
run.misinfo-2020-description.bm25_en.txt	binary.useful-credible	ndcg	39	0.6249
run.misinfo-2020-description.bm25_en.txt	binary.useful-credible	ndcg	4	0.8557
run.misinfo-2020-description.bm25_en.txt	binary.useful-credible	ndcg	40	0.7641
run.misinfo-2020-description.bm25_en.txt	binary.useful-credible	ndcg	41	0.8358
run.misinfo-2020-description.bm25_en.txt	binary.useful-credible	ndcg	42	0.6767
run.misinfo-2020-description.bm25_en.txt	binary.useful-credible	ndcg	43	0.0801
run.misinfo-2020-description.bm25_en.txt	binary.useful-credible	ndcg	44	0.2314
run.misinfo-2020-description.bm25_en.txt	binary.useful-credible	ndcg	45	0.5478
run.misinfo-2020-description.bm25_en.txt	binary.useful-credible	ndcg	47	0.8464
run.misinfo-2020-description.bm25_en.txt	binary.useful-credible	ndcg	49	0.8334
run.misinfo-2020-description.bm25_en.txt	binary.useful-credible	ndcg	5	0.9039
run.misinfo-2020-description.bm25_en.txt	binary.useful-credible	ndcg	50	0.7699
run.misinfo-2020-description.bm25_en.txt	binary.useful-credible	ndcg	6	0.7206
run.misinfo-2020-description.bm25_en.txt	binary.useful-credible	ndcg	7	0.3283
run.misinfo-2020-description.bm25_en.txt	binary.useful-credible	ndcg	8	0.8312
run.misinfo-2020-description.bm25_en.txt	binary.useful-credible	ndcg	9	0.4855
run.misinfo-2020-description.bm25_en.txt	binary.useful-credible	ndcg	all	0.5846
run.misinfo-2020-description.bm25_en.txt	binary.useful-correct-credible	ndcg	1	0.6426
run.misinfo-2020-description.bm25_en.txt	binary.useful-correct-credible	ndcg	10	0.5397
run.misinfo-2020-description.bm25_en.txt	binary.useful-correct-credible	ndcg	12	0.1981
run.misinfo-2020-description.bm25_en.txt	binary.useful-correct-credible	ndcg	13	0.4841
run.misinfo-2020-description.bm25_en.txt	binary.useful-correct-credible	ndcg	14	0.5783
run.misinfo-2020-description.bm25_en.txt	binary.useful-correct-credible	ndcg	15	0.4304
run.misinfo-2020-description.bm25_en.txt	binary.useful-correct-credible	ndcg	16	0.6532
run.misinfo-2020-description.bm25_en.txt	binary.useful-correct-credible	ndcg	18	0.4488
run.misinfo-2020-description.bm25_en.txt	binary.useful-correct-credible	ndcg	19	0.1770
run.misinfo-2020-description.bm25_en.txt	binary.useful-correct-credible	ndcg	2	0.7330
run.misinfo-2020-description.bm25_en.txt	binary.useful-correct-credible	ndcg	20	0.5181
run.misinfo-2020-description.bm25_en.txt	binary.useful-correct-credible	ndcg	21	0.1596
run.misinfo-2020-description.bm25_en.txt	binary.useful-correct-credible	ndcg	22	0.3731
run.misinfo-2020-description.bm25_en.txt	binary.useful-correct-credible	ndcg	23	0.7108
run.misinfo-2020-description.bm25_en.txt	binary.useful-correct-credible	ndcg	24	0.0905
run.misinfo-2020-description.bm25_en.txt	binary.useful-correct-credible	ndcg	25	0.5254
run.misinfo-2020-description.bm25_en.txt	binary.useful-correct-credible	ndcg	27	0.1854
run.misinfo-2020-description.bm25_en.txt	binary.useful-correct-credible	ndcg	29	0.5580
run.misinfo-2020-description.bm25_en.txt	binary.useful-correct-credible	ndcg	30	0.6302
run.misinfo-2020-description.bm25_en.txt	binary.useful-correct-credible	ndcg	31	0.2684
run.misinfo-2020-description.bm25_en.txt	binary.useful-correct-credible	ndcg	34	0.6001
run.misinfo-2020-description.bm25_en.txt	binary.useful-correct-credible	ndcg	36	0.4449
run.misinfo-2020-description.bm25_en.txt	binary.useful-correct-credible	ndcg	37	0.2248
run.misinfo-2020-description.bm25_en.txt	binary.useful-correct-credible	ndcg	39	0.1483
run.misinfo-2020-description.bm25_en.txt	binary.useful-correct-credible	ndcg	4	0.3881
run.misinfo-2020-description.bm25_en.txt	binary.useful-correct-credible	ndcg	40	0.4780
run.misinfo-2020-description.bm25_en.txt	binary.useful-correct-credible	ndcg	41	0.8354
run.misinfo-2020-description.bm25_en.txt	binary.useful-correct-credible	ndcg	43	0.1707
run.misinfo-2020-description.bm25_en.txt	binary.useful-correct-credible	ndcg	47	0.8627
run.misinfo-2020-description.bm25_en.txt	binary.useful-correct-credible	ndcg	49	0.5707
run.misinfo-2020-description.bm25_en.txt	binary.useful-correct-credible	ndcg	5	0.8369
run.misinfo-2020-description.bm25_en.txt	binary.useful-correct-credible	ndcg	50	0.7685
run.misinfo-2020-description.bm25_en.txt	binary.useful-correct-credible	ndcg	6	0.6997
run.misinfo-2020-description.bm25_en.txt	binary.useful-correct-credible	ndcg	7	0.2906
run.misinfo-2020-description.bm25_en.txt	binary.useful-correct-credible	ndcg	8	0.7968
run.misinfo-2020-description.bm25_en.txt	binary.useful-correct-credible	ndcg	9	0.0678
run.misinfo-2020-description.bm25_en.txt	binary.useful-correct-credible	ndcg	all	0.4747
run.misinfo-2020-description.bm25_en.txt	graded.harmful-only	compatibility	1	0.0149
run.misinfo-2020-description.bm25_en.txt	graded.harmful-only	compatibility	2	0.0616
run.misinfo-2020-description.bm25_en.txt	graded.harmful-only	compatibility	4	0.0000
run.misinfo-2020-description.bm25_en.txt	graded.harmful-only	compatibility	6	0.1550
run.misinfo-2020-description.bm25_en.txt	graded.harmful-only	compatibility	7	0.0036
run.misinfo-2020-description.bm25_en.txt	graded.harmful-only	compatibility	8	0.1371
run.misinfo-2020-description.bm25_en.txt	graded.harmful-only	compatibility	9	0.1047
run.misinfo-2020-description.bm25_en.txt	graded.harmful-only	compatibility	10	0.0000
run.misinfo-2020-description.bm25_en.txt	graded.harmful-only	compatibility	13	0.1476
run.misinfo-2020-description.bm25_en.txt	graded.harmful-only	compatibility	14	0.1980
run.misinfo-2020-description.bm25_en.txt	graded.harmful-only	compatibility	15	0.0000
run.misinfo-2020-description.bm25_en.txt	graded.harmful-only	compatibility	16	0.0000
run.misinfo-2020-description.bm25_en.txt	graded.harmful-only	compatibility	17	0.1175
run.misinfo-2020-description.bm25_en.txt	graded.harmful-only	compatibility	18	0.0000
run.misinfo-2020-description.bm25_en.txt	graded.harmful-only	compatibility	19	0.5425
run.misinfo-2020-description.bm25_en.txt	graded.harmful-only	compatibility	20	0.2054
run.misinfo-2020-description.bm25_en.txt	graded.harmful-only	compatibility	22	0.0950
run.misinfo-2020-description.bm25_en.txt	graded.harmful-only	compatibility	25	0.1882
run.misinfo-2020-description.bm25_en.txt	graded.harmful-only	compatibility	27	0.3390
run.misinfo-2020-description.bm25_en.txt	graded.harmful-only	compatibility	28	0.0819
run.misinfo-2020-description.bm25_en.txt	graded.harmful-only	compatibility	30	0.0000
run.misinfo-2020-description.bm25_en.txt	graded.harmful-only	compatibility	31	0.1273
run.misinfo-2020-description.bm25_en.txt	graded.harmful-only	compatibility	38	0.0336
run.misinfo-2020-description.bm25_en.txt	graded.harmful-only	compatibility	39	0.7234
run.misinfo-2020-description.bm25_en.txt	graded.harmful-only	compatibility	40	0.0242
run.misinfo-2020-description.bm25_en.txt	graded.harmful-only	compatibility	41	0.0000
run.misinfo-2020-description.bm25_en.txt	graded.harmful-only	compatibility	43	0.0000
run.misinfo-2020-description.bm25_en.txt	graded.harmful-only	compatibility	44	0.3158
run.misinfo-2020-description.bm25_en.txt	graded.harmful-only	compatibility	45	0.1254
run.misinfo-2020-description.bm25_en.txt	graded.harmful-only	compatibility	47	0.0009
run.misinfo-2020-description.bm25_en.txt	graded.harmful-only	compatibility	49	0.1236
run.misinfo-2020-description.bm25_en.txt	graded.harmful-only	compatibility	50	0.0031
run.misinfo-2020-description.bm25_en.txt	graded.harmful-only	compatibility	all	0.1209
run.misinfo-2020-description.bm25_en.txt	graded.helpful-only	compatibility	1	0.5904
run.misinfo-2020-description.bm25_en.txt	graded.helpful-only	compatibility	2	0.8259
run.misinfo-2020-description.bm25_en.txt	graded.helpful-only	compatibility	3	0.3945
run.misinfo-2020-description.bm25_en.txt	graded.helpful-only	compatibility	4	0.2474
run.misinfo-2020-description.bm25_en.txt	graded.helpful-only	compatibility	5	0.6812
run.misinfo-2020-description.bm25_en.txt	graded.helpful-only	compatibility	6	0.6273
run.misinfo-2020-description.bm25_en.txt	graded.helpful-only	compatibility	7	0.1940
run.misinfo-2020-description.bm25_en.txt	graded.helpful-only	compatibility	8	0.3074
run.misinfo-2020-description.bm25_en.txt	graded.helpful-only	compatibility	9	0.1431
run.misinfo-2020-description.bm25_en.txt	graded.helpful-only	compatibility	10	0.1086
run.misinfo-2020-description.bm25_en.txt	graded.helpful-only	compatibility	11	0.8582
run.misinfo-2020-description.bm25_en.txt	graded.helpful-only	compatibility	12	0.1309
run.misinfo-2020-description.bm25_en.txt	graded.helpful-only	compatibility	13	0.5248
run.misinfo-2020-description.bm25_en.txt	graded.helpful-only	compatibility	14	0.1046
run.misinfo-2020-description.bm25_en.txt	graded.helpful-only	compatibility	15	0.1715
run.misinfo-2020-description.bm25_en.txt	graded.helpful-only	compatibility	16	0.5603
run.misinfo-2020-description.bm25_en.txt	graded.helpful-only	compatibility	17	0.8579
run.misinfo-2020-description.bm25_en.txt	graded.helpful-only	compatibility	18	0.2191
run.misinfo-2020-description.bm25_en.txt	graded.helpful-only	compatibility	19	0.0948
run.misinfo-2020-description.bm25_en.txt	graded.helpful-only	compatibility	20	0.2650
run.misinfo-2020-description.bm25_en.txt	graded.helpful-only	compatibility	21	0.2698
run.misinfo-2020-description.bm25_en.txt	graded.helpful-only	compatibility	22	0.0978
run.misinfo-2020-description.bm25_en.txt	graded.helpful-only	compatibility	23	0.4764
run.misinfo-2020-description.bm25_en.txt	graded.helpful-only	compatibility	24	0.0537
run.misinfo-2020-description.bm25_en.txt	graded.helpful-only	compatibility	25	0.1027
run.misinfo-2020-description.bm25_en.txt	graded.helpful-only	compatibility	26	0.9633
run.misinfo-2020-description.bm25_en.txt	graded.helpful-only	compatibility	27	0.0457
run.misinfo-2020-description.bm25_en.txt	graded.helpful-only	compatibility	28	0.0199
run.misinfo-2020-description.bm25_en.txt	graded.helpful-only	compatibility	29	0.2472
run.misinfo-2020-description.bm25_en.txt	graded.helpful-only	compatibility	30	0.3975
run.misinfo-2020-description.bm25_en.txt	graded.helpful-only	compatibility	31	0.2188
run.misinfo-2020-description.bm25_en.txt	graded.helpful-only	compatibility	32	0.6624
run.misinfo-2020-description.bm25_en.txt	graded.helpful-only	compatibility	34	0.8528
run.misinfo-2020-description.bm25_en.txt	graded.helpful-only	compatibility	36	0.2804
run.misinfo-2020-description.bm25_en.txt	graded.helpful-only	compatibility	37	0.0342
run.misinfo-2020-description.bm25_en.txt	graded.helpful-only	compatibility	38	0.3509
run.misinfo-2020-description.bm25_en.txt	graded.helpful-only	compatibility	39	0.0041
run.misinfo-2020-description.bm25_en.txt	graded.helpful-only	compatibility	40	0.4285
run.misinfo-2020-description.bm25_en.txt	graded.helpful-only	compatibility	41	0.5837
run.misinfo-2020-description.bm25_en.txt	graded.helpful-only	compatibility	42	0.4300
run.misinfo-2020-description.bm25_en.txt	graded.helpful-only	compatibility	43	0.0019
run.misinfo-2020-description.bm25_en.txt	graded.helpful-only	compatibility	44	0.0340
run.misinfo-2020-description.bm25_en.txt	graded.helpful-only	compatibility	45	0.0086
run.misinfo-2020-description.bm25_en.txt	graded.helpful-only	compatibility	47	0.9866
run.misinfo-2020-description.bm25_en.txt	graded.helpful-only	compatibility	49	0.2607
run.misinfo-2020-description.bm25_en.txt	graded.helpful-only	compatibility	50	0.6374
run.misinfo-2020-description.bm25_en.txt	graded.helpful-only	compatibility	all	0.3556
